android	Set up job	﻿2026-10-10T02:28:12.3182896Z Current runner version: '2.337.0'
android	Set up job	2026-10-10T02:28:12.3208472Z ##[group]Runner Image Provisioner
android	Set up job	2026-10-10T02:28:12.3209432Z Hosted Compute Agent
android	Set up job	2026-10-10T02:28:12.3210477Z Version: 20261002.596
android	Set up job	2026-10-10T02:28:12.3211281Z Commit: c3d12f3313a95f25162a1503be624f3b0617f8c0
android	Set up job	2026-10-10T02:28:12.3212071Z Build Date: 2026-10-02T22:28:27Z
android	Set up job	2026-10-10T02:28:12.3212780Z Worker ID: {c90c4a91-004b-47ee-bc7c-e98a7ca23119}
android	Set up job	2026-10-10T02:28:12.3213948Z Region: westus2
android	Set up job	2026-10-10T02:28:12.3214538Z Cloud: Azure
android	Set up job	2026-10-10T02:28:12.3215166Z ##[endgroup]
android	Set up job	2026-10-10T02:28:12.3216849Z ##[group]Operating System
android	Set up job	2026-10-10T02:28:12.3217538Z Ubuntu
android	Set up job	2026-10-10T02:28:12.3218164Z 24.04.5
android	Set up job	2026-10-10T02:28:12.3218688Z LTS
android	Set up job	2026-10-10T02:28:12.3219345Z ##[endgroup]
android	Set up job	2026-10-10T02:28:12.3220280Z ##[group]Runner Image
android	Set up job	2026-10-10T02:28:12.3220950Z Image: ubuntu-24.04
android	Set up job	2026-10-10T02:28:12.3221690Z Version: 20261004.327.1
android	Set up job	2026-10-10T02:28:12.3222834Z Included Software: https://github.com/actions/runner-images/blob/ubuntu24/20261004.327/images/ubuntu/Ubuntu2404-Readme.md
android	Set up job	2026-10-10T02:28:12.3224624Z Image Release: https://github.com/actions/runner-images/releases/tag/ubuntu24%2F20261004.327
android	Set up job	2026-10-10T02:28:12.3225625Z ##[endgroup]
android	Set up job	2026-10-10T02:28:12.3226787Z ##[group]GITHUB_TOKEN Permissions
android	Set up job	2026-10-10T02:28:12.3228977Z Contents: write
android	Set up job	2026-10-10T02:28:12.3229625Z Metadata: read
android	Set up job	2026-10-10T02:28:12.3230399Z ##[endgroup]
android	Set up job	2026-10-10T02:28:12.3232544Z Secret source: Actions
android	Set up job	2026-10-10T02:28:12.3233618Z Cache mode: write
android	Set up job	2026-10-10T02:28:12.3234391Z Prepare workflow directory
android	Set up job	2026-10-10T02:28:12.3567395Z Prepare all required actions
android	Set up job	2026-10-10T02:28:12.3616301Z Getting action download info
android	Set up job	2026-10-10T02:28:12.7500285Z Download action repository 'actions/checkout@11d5960a326750d5838078e36cf38b85af677262' (SHA:11d5960a326750d5838078e36cf38b85af677262)
android	Set up job	2026-10-10T02:28:12.8426577Z Download action repository 'actions/setup-java@cf277c60eb25467037889841efdb72551f06f6c3' (SHA:cf277c60eb25467037889841efdb72551f06f6c3)
android	Set up job	2026-10-10T02:28:13.3208447Z Download action repository 'android-actions/setup-android@9fc6c4e9069bf8d3d10b2204b1fb8f6ef7065407' (SHA:9fc6c4e9069bf8d3d10b2204b1fb8f6ef7065407)
android	Set up job	2026-10-10T02:28:13.4775706Z Download action repository 'actions/upload-artifact@ea165f8d65b6e75b540449e92b4886f43607fa02' (SHA:ea165f8d65b6e75b540449e92b4886f43607fa02)
android	Set up job	2026-10-10T02:28:13.7004152Z Complete job name: android
android	Run actions/checkout@11d5960a326750d5838078e36cf38b85af677262	﻿2026-10-10T02:28:13.7841751Z ##[group]Run actions/checkout@11d5960a326750d5838078e36cf38b85af677262
android	Run actions/checkout@11d5960a326750d5838078e36cf38b85af677262	2026-10-10T02:28:13.7843134Z with:
android	Run actions/checkout@11d5960a326750d5838078e36cf38b85af677262	2026-10-10T02:28:13.7843806Z   repository: abai569/hongguoTV
android	Run actions/checkout@11d5960a326750d5838078e36cf38b85af677262	2026-10-10T02:28:13.7847860Z   token: ***
android	Run actions/checkout@11d5960a326750d5838078e36cf38b85af677262	2026-10-10T02:28:13.7848664Z   ssh-strict: true
android	Run actions/checkout@11d5960a326750d5838078e36cf38b85af677262	2026-10-10T02:28:13.7849255Z   ssh-user: git
android	Run actions/checkout@11d5960a326750d5838078e36cf38b85af677262	2026-10-10T02:28:13.7850127Z   persist-credentials: true
android	Run actions/checkout@11d5960a326750d5838078e36cf38b85af677262	2026-10-10T02:28:13.7850801Z   clean: true
android	Run actions/checkout@11d5960a326750d5838078e36cf38b85af677262	2026-10-10T02:28:13.7851485Z   sparse-checkout-cone-mode: true
android	Run actions/checkout@11d5960a326750d5838078e36cf38b85af677262	2026-10-10T02:28:13.7852186Z   fetch-depth: 1
android	Run actions/checkout@11d5960a326750d5838078e36cf38b85af677262	2026-10-10T02:28:13.7852759Z   fetch-tags: false
android	Run actions/checkout@11d5960a326750d5838078e36cf38b85af677262	2026-10-10T02:28:13.7853477Z   show-progress: true
android	Run actions/checkout@11d5960a326750d5838078e36cf38b85af677262	2026-10-10T02:28:13.7854156Z   lfs: false
android	Run actions/checkout@11d5960a326750d5838078e36cf38b85af677262	2026-10-10T02:28:13.7854758Z   submodules: false
android	Run actions/checkout@11d5960a326750d5838078e36cf38b85af677262	2026-10-10T02:28:13.7855411Z   set-safe-directory: true
android	Run actions/checkout@11d5960a326750d5838078e36cf38b85af677262	2026-10-10T02:28:13.7856089Z   allow-unsafe-pr-checkout: false
android	Run actions/checkout@11d5960a326750d5838078e36cf38b85af677262	2026-10-10T02:28:13.7857157Z ##[endgroup]
android	Run actions/checkout@11d5960a326750d5838078e36cf38b85af677262	2026-10-10T02:28:13.8884666Z Syncing repository: abai569/hongguoTV
android	Run actions/checkout@11d5960a326750d5838078e36cf38b85af677262	2026-10-10T02:28:13.8887900Z ##[group]Getting Git version info
android	Run actions/checkout@11d5960a326750d5838078e36cf38b85af677262	2026-10-10T02:28:13.8889421Z Working directory is '/home/runner/work/hongguoTV/hongguoTV'
android	Run actions/checkout@11d5960a326750d5838078e36cf38b85af677262	2026-10-10T02:28:13.8892135Z [command]/usr/bin/git version
android	Run actions/checkout@11d5960a326750d5838078e36cf38b85af677262	2026-10-10T02:28:13.8951183Z git version 2.55.0
android	Run actions/checkout@11d5960a326750d5838078e36cf38b85af677262	2026-10-10T02:28:13.8990976Z ##[endgroup]
android	Run actions/checkout@11d5960a326750d5838078e36cf38b85af677262	2026-10-10T02:28:13.9002627Z Temporarily overriding HOME='/home/runner/work/_temp/ac2ad151-0ca7-4730-9db9-852eb4f6dc94' before making global git config changes
android	Run actions/checkout@11d5960a326750d5838078e36cf38b85af677262	2026-10-10T02:28:13.9005597Z Adding repository directory to the temporary git global config as a safe directory
android	Run actions/checkout@11d5960a326750d5838078e36cf38b85af677262	2026-10-10T02:28:13.9008468Z [command]/usr/bin/git config --global --add safe.directory /home/runner/work/hongguoTV/hongguoTV
android	Run actions/checkout@11d5960a326750d5838078e36cf38b85af677262	2026-10-10T02:28:13.9071479Z Deleting the contents of '/home/runner/work/hongguoTV/hongguoTV'
android	Run actions/checkout@11d5960a326750d5838078e36cf38b85af677262	2026-10-10T02:28:13.9074042Z ##[group]Initializing the repository
android	Run actions/checkout@11d5960a326750d5838078e36cf38b85af677262	2026-10-10T02:28:13.9075755Z [command]/usr/bin/git init /home/runner/work/hongguoTV/hongguoTV
android	Run actions/checkout@11d5960a326750d5838078e36cf38b85af677262	2026-10-10T02:28:13.9195944Z hint: Using 'master' as the name for the initial branch. This default branch name
android	Run actions/checkout@11d5960a326750d5838078e36cf38b85af677262	2026-10-10T02:28:13.9198434Z hint: will change to "main" in Git 3.0. To configure the initial branch name
android	Run actions/checkout@11d5960a326750d5838078e36cf38b85af677262	2026-10-10T02:28:13.9200834Z hint: to use in all of your new repositories, which will suppress this warning,
android	Run actions/checkout@11d5960a326750d5838078e36cf38b85af677262	2026-10-10T02:28:13.9202839Z hint: call:
android	Run actions/checkout@11d5960a326750d5838078e36cf38b85af677262	2026-10-10T02:28:13.9203473Z hint:
android	Run actions/checkout@11d5960a326750d5838078e36cf38b85af677262	2026-10-10T02:28:13.9204191Z hint: 	git config --global init.defaultBranch <name>
android	Run actions/checkout@11d5960a326750d5838078e36cf38b85af677262	2026-10-10T02:28:13.9205072Z hint:
android	Run actions/checkout@11d5960a326750d5838078e36cf38b85af677262	2026-10-10T02:28:13.9206101Z hint: Names commonly chosen instead of 'master' are 'main', 'trunk' and
android	Run actions/checkout@11d5960a326750d5838078e36cf38b85af677262	2026-10-10T02:28:13.9208142Z hint: 'development'. The just-created branch can be renamed via this command:
android	Run actions/checkout@11d5960a326750d5838078e36cf38b85af677262	2026-10-10T02:28:13.9209791Z hint:
android	Run actions/checkout@11d5960a326750d5838078e36cf38b85af677262	2026-10-10T02:28:13.9210722Z hint: 	git branch -m <name>
android	Run actions/checkout@11d5960a326750d5838078e36cf38b85af677262	2026-10-10T02:28:13.9211696Z hint:
android	Run actions/checkout@11d5960a326750d5838078e36cf38b85af677262	2026-10-10T02:28:13.9213287Z hint: Disable this message with "git config set advice.defaultBranchName false"
android	Run actions/checkout@11d5960a326750d5838078e36cf38b85af677262	2026-10-10T02:28:13.9215519Z Initialized empty Git repository in /home/runner/work/hongguoTV/hongguoTV/.git/
android	Run actions/checkout@11d5960a326750d5838078e36cf38b85af677262	2026-10-10T02:28:13.9218141Z [command]/usr/bin/git remote add origin https://github.com/abai569/hongguoTV
android	Run actions/checkout@11d5960a326750d5838078e36cf38b85af677262	2026-10-10T02:28:13.9268104Z ##[endgroup]
android	Run actions/checkout@11d5960a326750d5838078e36cf38b85af677262	2026-10-10T02:28:13.9269879Z ##[group]Disabling automatic garbage collection
android	Run actions/checkout@11d5960a326750d5838078e36cf38b85af677262	2026-10-10T02:28:13.9272114Z [command]/usr/bin/git config --local gc.auto 0
android	Run actions/checkout@11d5960a326750d5838078e36cf38b85af677262	2026-10-10T02:28:13.9305069Z ##[endgroup]
android	Run actions/checkout@11d5960a326750d5838078e36cf38b85af677262	2026-10-10T02:28:13.9306700Z ##[group]Setting up auth
android	Run actions/checkout@11d5960a326750d5838078e36cf38b85af677262	2026-10-10T02:28:13.9312201Z [command]/usr/bin/git config --local --name-only --get-regexp core\.sshCommand
android	Run actions/checkout@11d5960a326750d5838078e36cf38b85af677262	2026-10-10T02:28:13.9346365Z [command]/usr/bin/git submodule foreach --recursive sh -c "git config --local --name-only --get-regexp 'core\.sshCommand' && git config --local --unset-all 'core.sshCommand' || :"
android	Run actions/checkout@11d5960a326750d5838078e36cf38b85af677262	2026-10-10T02:28:13.9771768Z [command]/usr/bin/git config --local --name-only --get-regexp http\.https\:\/\/github\.com\/\.extraheader
android	Run actions/checkout@11d5960a326750d5838078e36cf38b85af677262	2026-10-10T02:28:13.9801197Z [command]/usr/bin/git submodule foreach --recursive sh -c "git config --local --name-only --get-regexp 'http\.https\:\/\/github\.com\/\.extraheader' && git config --local --unset-all 'http.https://github.com/.extraheader' || :"
android	Run actions/checkout@11d5960a326750d5838078e36cf38b85af677262	2026-10-10T02:28:14.0024845Z [command]/usr/bin/git config --local --name-only --get-regexp ^includeIf\.gitdir:
android	Run actions/checkout@11d5960a326750d5838078e36cf38b85af677262	2026-10-10T02:28:14.0061240Z [command]/usr/bin/git submodule foreach --recursive git config --local --show-origin --name-only --get-regexp remote.origin.url
android	Run actions/checkout@11d5960a326750d5838078e36cf38b85af677262	2026-10-10T02:28:14.0283894Z [command]/usr/bin/git config --local http.https://github.com/.extraheader AUTHORIZATION: basic ***
android	Run actions/checkout@11d5960a326750d5838078e36cf38b85af677262	2026-10-10T02:28:14.0324473Z ##[endgroup]
android	Run actions/checkout@11d5960a326750d5838078e36cf38b85af677262	2026-10-10T02:28:14.0325526Z ##[group]Fetching the repository
android	Run actions/checkout@11d5960a326750d5838078e36cf38b85af677262	2026-10-10T02:28:14.0336716Z [command]/usr/bin/git -c protocol.version=2 fetch --no-tags --prune --no-recurse-submodules --depth=1 origin +62ba2ff321c9293cb234dcf12c37c0cbd4516bfa:refs/tags/kotlin-v1.2.5
android	Run actions/checkout@11d5960a326750d5838078e36cf38b85af677262	2026-10-10T02:28:14.3205038Z From https://github.com/abai569/hongguoTV
android	Run actions/checkout@11d5960a326750d5838078e36cf38b85af677262	2026-10-10T02:28:14.3206216Z  * [new ref]         62ba2ff321c9293cb234dcf12c37c0cbd4516bfa -> kotlin-v1.2.5
android	Run actions/checkout@11d5960a326750d5838078e36cf38b85af677262	2026-10-10T02:28:14.3209518Z ##[endgroup]
android	Run actions/checkout@11d5960a326750d5838078e36cf38b85af677262	2026-10-10T02:28:14.3210907Z ##[group]Determining the checkout info
android	Run actions/checkout@11d5960a326750d5838078e36cf38b85af677262	2026-10-10T02:28:14.3212715Z ##[endgroup]
android	Run actions/checkout@11d5960a326750d5838078e36cf38b85af677262	2026-10-10T02:28:14.3218767Z [command]/usr/bin/git sparse-checkout disable
android	Run actions/checkout@11d5960a326750d5838078e36cf38b85af677262	2026-10-10T02:28:14.3270709Z [command]/usr/bin/git config --local --unset-all extensions.worktreeConfig
android	Run actions/checkout@11d5960a326750d5838078e36cf38b85af677262	2026-10-10T02:28:14.3305413Z ##[group]Checking out the ref
android	Run actions/checkout@11d5960a326750d5838078e36cf38b85af677262	2026-10-10T02:28:14.3310391Z [command]/usr/bin/git checkout --progress --force refs/tags/kotlin-v1.2.5
android	Run actions/checkout@11d5960a326750d5838078e36cf38b85af677262	2026-10-10T02:28:14.3519451Z Note: switching to 'refs/tags/kotlin-v1.2.5'.
android	Run actions/checkout@11d5960a326750d5838078e36cf38b85af677262	2026-10-10T02:28:14.3520660Z 
android	Run actions/checkout@11d5960a326750d5838078e36cf38b85af677262	2026-10-10T02:28:14.3521165Z You are in 'detached HEAD' state. You can look around, make experimental
android	Run actions/checkout@11d5960a326750d5838078e36cf38b85af677262	2026-10-10T02:28:14.3522302Z changes and commit them, and you can discard any commits you make in this
android	Run actions/checkout@11d5960a326750d5838078e36cf38b85af677262	2026-10-10T02:28:14.3523693Z state without impacting any branches by switching back to a branch.
android	Run actions/checkout@11d5960a326750d5838078e36cf38b85af677262	2026-10-10T02:28:14.3524339Z 
android	Run actions/checkout@11d5960a326750d5838078e36cf38b85af677262	2026-10-10T02:28:14.3524775Z If you want to create a new branch to retain commits you create, you may
android	Run actions/checkout@11d5960a326750d5838078e36cf38b85af677262	2026-10-10T02:28:14.3526192Z do so (now or later) by using -c with the switch command. Example:
android	Run actions/checkout@11d5960a326750d5838078e36cf38b85af677262	2026-10-10T02:28:14.3527338Z 
android	Run actions/checkout@11d5960a326750d5838078e36cf38b85af677262	2026-10-10T02:28:14.3527869Z   git switch -c <new-branch-name>
android	Run actions/checkout@11d5960a326750d5838078e36cf38b85af677262	2026-10-10T02:28:14.3528722Z 
android	Run actions/checkout@11d5960a326750d5838078e36cf38b85af677262	2026-10-10T02:28:14.3529197Z Or undo this operation with:
android	Run actions/checkout@11d5960a326750d5838078e36cf38b85af677262	2026-10-10T02:28:14.3530234Z 
android	Run actions/checkout@11d5960a326750d5838078e36cf38b85af677262	2026-10-10T02:28:14.3530715Z   git switch -
android	Run actions/checkout@11d5960a326750d5838078e36cf38b85af677262	2026-10-10T02:28:14.3531254Z 
android	Run actions/checkout@11d5960a326750d5838078e36cf38b85af677262	2026-10-10T02:28:14.3532065Z Turn off this advice by setting config variable advice.detachedHead to false
android	Run actions/checkout@11d5960a326750d5838078e36cf38b85af677262	2026-10-10T02:28:14.3533232Z 
android	Run actions/checkout@11d5960a326750d5838078e36cf38b85af677262	2026-10-10T02:28:14.3534461Z HEAD is now at 62ba2ff feat: danmaku rendering layer, 1.15x speed, in-player danmaku toggle, mobile touch controls
android	Run actions/checkout@11d5960a326750d5838078e36cf38b85af677262	2026-10-10T02:28:14.3538441Z ##[endgroup]
android	Run actions/checkout@11d5960a326750d5838078e36cf38b85af677262	2026-10-10T02:28:14.3577955Z [command]/usr/bin/git log -1 --format=%H
android	Run actions/checkout@11d5960a326750d5838078e36cf38b85af677262	2026-10-10T02:28:14.3604630Z 62ba2ff321c9293cb234dcf12c37c0cbd4516bfa
android	Run actions/setup-java@cf277c60eb25467037889841efdb72551f06f6c3	﻿2026-10-10T02:28:14.4017494Z ##[group]Run actions/setup-java@cf277c60eb25467037889841efdb72551f06f6c3
android	Run actions/setup-java@cf277c60eb25467037889841efdb72551f06f6c3	2026-10-10T02:28:14.4018382Z with:
android	Run actions/setup-java@cf277c60eb25467037889841efdb72551f06f6c3	2026-10-10T02:28:14.4018844Z   distribution: temurin
android	Run actions/setup-java@cf277c60eb25467037889841efdb72551f06f6c3	2026-10-10T02:28:14.4019363Z   java-version: 17
android	Run actions/setup-java@cf277c60eb25467037889841efdb72551f06f6c3	2026-10-10T02:28:14.4020059Z   java-package: jdk
android	Run actions/setup-java@cf277c60eb25467037889841efdb72551f06f6c3	2026-10-10T02:28:14.4020569Z   check-latest: false
android	Run actions/setup-java@cf277c60eb25467037889841efdb72551f06f6c3	2026-10-10T02:28:14.4021079Z   server-id: github
android	Run actions/setup-java@cf277c60eb25467037889841efdb72551f06f6c3	2026-10-10T02:28:14.4021575Z   server-username: GITHUB_ACTOR
android	Run actions/setup-java@cf277c60eb25467037889841efdb72551f06f6c3	2026-10-10T02:28:14.4022150Z   server-password: GITHUB_TOKEN
android	Run actions/setup-java@cf277c60eb25467037889841efdb72551f06f6c3	2026-10-10T02:28:14.4022720Z   overwrite-settings: true
android	Run actions/setup-java@cf277c60eb25467037889841efdb72551f06f6c3	2026-10-10T02:28:14.4023251Z   job-status: success
android	Run actions/setup-java@cf277c60eb25467037889841efdb72551f06f6c3	2026-10-10T02:28:14.4027639Z   token: ***
android	Run actions/setup-java@cf277c60eb25467037889841efdb72551f06f6c3	2026-10-10T02:28:14.4028172Z ##[endgroup]
android	Run actions/setup-java@cf277c60eb25467037889841efdb72551f06f6c3	2026-10-10T02:28:14.5753957Z ##[warning]setup-java v4 is deprecated and will no longer receive updates. Please migrate to actions/setup-java@v5.
android	Run actions/setup-java@cf277c60eb25467037889841efdb72551f06f6c3	2026-10-10T02:28:14.5768397Z ##[group]Installed distributions
android	Run actions/setup-java@cf277c60eb25467037889841efdb72551f06f6c3	2026-10-10T02:28:14.5805343Z Resolved Java 17.0.20+1 from tool-cache
android	Run actions/setup-java@cf277c60eb25467037889841efdb72551f06f6c3	2026-10-10T02:28:14.5806780Z Setting Java 17.0.20+1 as the default
android	Run actions/setup-java@cf277c60eb25467037889841efdb72551f06f6c3	2026-10-10T02:28:14.5817557Z (node:2295) [DEP0040] DeprecationWarning: The `punycode` module is deprecated. Please use a userland alternative instead.
android	Run actions/setup-java@cf277c60eb25467037889841efdb72551f06f6c3	2026-10-10T02:28:14.5820651Z (Use `node --trace-deprecation ...` to show where the warning was created)
android	Run actions/setup-java@cf277c60eb25467037889841efdb72551f06f6c3	2026-10-10T02:28:14.5822638Z Creating toolchains.xml for JDK version 17 from temurin
android	Run actions/setup-java@cf277c60eb25467037889841efdb72551f06f6c3	2026-10-10T02:28:14.5896271Z Writing to /home/runner/.m2/toolchains.xml
android	Run actions/setup-java@cf277c60eb25467037889841efdb72551f06f6c3	2026-10-10T02:28:14.5897293Z 
android	Run actions/setup-java@cf277c60eb25467037889841efdb72551f06f6c3	2026-10-10T02:28:14.5897784Z Java configuration:
android	Run actions/setup-java@cf277c60eb25467037889841efdb72551f06f6c3	2026-10-10T02:28:14.5898811Z   Distribution: temurin
android	Run actions/setup-java@cf277c60eb25467037889841efdb72551f06f6c3	2026-10-10T02:28:14.5899888Z   Version: 17.0.20+1
android	Run actions/setup-java@cf277c60eb25467037889841efdb72551f06f6c3	2026-10-10T02:28:14.5901594Z   Path: /opt/hostedtoolcache/Java_Temurin-Hotspot_jdk/17.0.20-1/x64
android	Run actions/setup-java@cf277c60eb25467037889841efdb72551f06f6c3	2026-10-10T02:28:14.5902726Z 
android	Run actions/setup-java@cf277c60eb25467037889841efdb72551f06f6c3	2026-10-10T02:28:14.5903762Z ##[endgroup]
android	Run actions/setup-java@cf277c60eb25467037889841efdb72551f06f6c3	2026-10-10T02:28:14.5921074Z Creating settings.xml with server-id: github
android	Run actions/setup-java@cf277c60eb25467037889841efdb72551f06f6c3	2026-10-10T02:28:14.5949586Z Writing to /home/runner/.m2/settings.xml
android	Run android-actions/setup-android@9fc6c4e9069bf8d3d10b2204b1fb8f6ef7065407	﻿2026-10-10T02:28:14.6201019Z ##[group]Run android-actions/setup-android@9fc6c4e9069bf8d3d10b2204b1fb8f6ef7065407
android	Run android-actions/setup-android@9fc6c4e9069bf8d3d10b2204b1fb8f6ef7065407	2026-10-10T02:28:14.6202016Z with:
android	Run android-actions/setup-android@9fc6c4e9069bf8d3d10b2204b1fb8f6ef7065407	2026-10-10T02:28:14.6202484Z   packages: platform-tools
android	Run android-actions/setup-android@9fc6c4e9069bf8d3d10b2204b1fb8f6ef7065407	2026-10-10T02:28:14.6203048Z   cmdline-tools-version: 12266719
android	Run android-actions/setup-android@9fc6c4e9069bf8d3d10b2204b1fb8f6ef7065407	2026-10-10T02:28:14.6203642Z   accept-android-sdk-licenses: true
android	Run android-actions/setup-android@9fc6c4e9069bf8d3d10b2204b1fb8f6ef7065407	2026-10-10T02:28:14.6204270Z   log-accepted-android-sdk-licenses: true
android	Run android-actions/setup-android@9fc6c4e9069bf8d3d10b2204b1fb8f6ef7065407	2026-10-10T02:28:14.6204861Z env:
android	Run android-actions/setup-android@9fc6c4e9069bf8d3d10b2204b1fb8f6ef7065407	2026-10-10T02:28:14.6205497Z   JAVA_HOME: /opt/hostedtoolcache/Java_Temurin-Hotspot_jdk/17.0.20-1/x64
android	Run android-actions/setup-android@9fc6c4e9069bf8d3d10b2204b1fb8f6ef7065407	2026-10-10T02:28:14.6206487Z   JAVA_HOME_17_X64: /opt/hostedtoolcache/Java_Temurin-Hotspot_jdk/17.0.20-1/x64
android	Run android-actions/setup-android@9fc6c4e9069bf8d3d10b2204b1fb8f6ef7065407	2026-10-10T02:28:14.6207300Z ##[endgroup]
android	Run android-actions/setup-android@9fc6c4e9069bf8d3d10b2204b1fb8f6ef7065407	2026-10-10T02:28:14.7050390Z Found preinstalled sdkmanager in /usr/local/lib/android/sdk/cmdline-tools/latest with following source.properties:
android	Run android-actions/setup-android@9fc6c4e9069bf8d3d10b2204b1fb8f6ef7065407	2026-10-10T02:28:14.7052824Z Pkg.Revision=12.0
android	Run android-actions/setup-android@9fc6c4e9069bf8d3d10b2204b1fb8f6ef7065407	2026-10-10T02:28:14.7053929Z Pkg.Path=cmdline-tools;12.0
android	Run android-actions/setup-android@9fc6c4e9069bf8d3d10b2204b1fb8f6ef7065407	2026-10-10T02:28:14.7055139Z Pkg.Desc=Android SDK Command-line Tools
android	Run android-actions/setup-android@9fc6c4e9069bf8d3d10b2204b1fb8f6ef7065407	2026-10-10T02:28:14.7055962Z 
android	Run android-actions/setup-android@9fc6c4e9069bf8d3d10b2204b1fb8f6ef7065407	2026-10-10T02:28:14.7056589Z Wrong version in preinstalled sdkmanager
android	Run android-actions/setup-android@9fc6c4e9069bf8d3d10b2204b1fb8f6ef7065407	2026-10-10T02:28:14.7059263Z Downloading commandline tools from https://dl.google.com/android/repository/commandlinetools-linux-12266719_latest.zip
android	Run android-actions/setup-android@9fc6c4e9069bf8d3d10b2204b1fb8f6ef7065407	2026-10-10T02:28:15.5608955Z [command]/usr/bin/unzip -o -q /home/runner/work/_temp/5806c5ce-060a-409c-ba09-669ba73ab674
android	Run android-actions/setup-android@9fc6c4e9069bf8d3d10b2204b1fb8f6ef7065407	2026-10-10T02:28:16.3330858Z Accepting Android SDK licenses
android	Run android-actions/setup-android@9fc6c4e9069bf8d3d10b2204b1fb8f6ef7065407	2026-10-10T02:28:16.3335532Z [command]/usr/local/lib/android/sdk/cmdline-tools/16.0/bin/sdkmanager --licenses
android	Run android-actions/setup-android@9fc6c4e9069bf8d3d10b2204b1fb8f6ef7065407	2026-10-10T02:28:18.1800227Z Loading local repository...                                                     
android	Run android-actions/setup-android@9fc6c4e9069bf8d3d10b2204b1fb8f6ef7065407	2026-10-10T02:28:18.1802045Z [=========                              ] 25% Loading local repository...       
android	Run android-actions/setup-android@9fc6c4e9069bf8d3d10b2204b1fb8f6ef7065407	2026-10-10T02:28:18.6363647Z [=========                              ] 25% Fetch remote repository...        
android	Run android-actions/setup-android@9fc6c4e9069bf8d3d10b2204b1fb8f6ef7065407	2026-10-10T02:28:18.9981709Z [==========                             ] 26% Fetch remote repository...        
android	Run android-actions/setup-android@9fc6c4e9069bf8d3d10b2204b1fb8f6ef7065407	2026-10-10T02:28:19.0010817Z [============                           ] 31% Fetch remote repository...        
android	Run android-actions/setup-android@9fc6c4e9069bf8d3d10b2204b1fb8f6ef7065407	2026-10-10T02:28:19.0559230Z [============                           ] 32% Fetch remote repository...        
android	Run android-actions/setup-android@9fc6c4e9069bf8d3d10b2204b1fb8f6ef7065407	2026-10-10T02:28:19.0571301Z [=============                          ] 33% Fetch remote repository...        
android	Run android-actions/setup-android@9fc6c4e9069bf8d3d10b2204b1fb8f6ef7065407	2026-10-10T02:28:19.0821954Z [=============                          ] 35% Fetch remote repository...        
android	Run android-actions/setup-android@9fc6c4e9069bf8d3d10b2204b1fb8f6ef7065407	2026-10-10T02:28:19.0850871Z [==============                         ] 36% Fetch remote repository...        
android	Run android-actions/setup-android@9fc6c4e9069bf8d3d10b2204b1fb8f6ef7065407	2026-10-10T02:28:19.1028760Z [==============                         ] 37% Fetch remote repository...        
android	Run android-actions/setup-android@9fc6c4e9069bf8d3d10b2204b1fb8f6ef7065407	2026-10-10T02:28:19.1051804Z [===============                        ] 38% Fetch remote repository...        
android	Run android-actions/setup-android@9fc6c4e9069bf8d3d10b2204b1fb8f6ef7065407	2026-10-10T02:28:19.1276900Z [===============                        ] 39% Fetch remote repository...        
android	Run android-actions/setup-android@9fc6c4e9069bf8d3d10b2204b1fb8f6ef7065407	2026-10-10T02:28:19.1301082Z [================                       ] 40% Fetch remote repository...        
android	Run android-actions/setup-android@9fc6c4e9069bf8d3d10b2204b1fb8f6ef7065407	2026-10-10T02:28:19.1513325Z [================                       ] 41% Fetch remote repository...        
android	Run android-actions/setup-android@9fc6c4e9069bf8d3d10b2204b1fb8f6ef7065407	2026-10-10T02:28:19.1540735Z [================                       ] 42% Fetch remote repository...        
android	Run android-actions/setup-android@9fc6c4e9069bf8d3d10b2204b1fb8f6ef7065407	2026-10-10T02:28:19.1680501Z [=================                      ] 44% Fetch remote repository...        
android	Run android-actions/setup-android@9fc6c4e9069bf8d3d10b2204b1fb8f6ef7065407	2026-10-10T02:28:19.1710778Z [=================                      ] 45% Fetch remote repository...        
android	Run android-actions/setup-android@9fc6c4e9069bf8d3d10b2204b1fb8f6ef7065407	2026-10-10T02:28:19.1891102Z [==================                     ] 46% Fetch remote repository...        
android	Run android-actions/setup-android@9fc6c4e9069bf8d3d10b2204b1fb8f6ef7065407	2026-10-10T02:28:19.1920690Z [==================                     ] 47% Fetch remote repository...        
android	Run android-actions/setup-android@9fc6c4e9069bf8d3d10b2204b1fb8f6ef7065407	2026-10-10T02:28:19.2040556Z [===================                    ] 48% Fetch remote repository...        
android	Run android-actions/setup-android@9fc6c4e9069bf8d3d10b2204b1fb8f6ef7065407	2026-10-10T02:28:19.2070450Z [===================                    ] 49% Fetch remote repository...        
android	Run android-actions/setup-android@9fc6c4e9069bf8d3d10b2204b1fb8f6ef7065407	2026-10-10T02:28:19.2307427Z [====================                   ] 50% Fetch remote repository...        
android	Run android-actions/setup-android@9fc6c4e9069bf8d3d10b2204b1fb8f6ef7065407	2026-10-10T02:28:19.2310840Z [====================                   ] 51% Fetch remote repository...        
android	Run android-actions/setup-android@9fc6c4e9069bf8d3d10b2204b1fb8f6ef7065407	2026-10-10T02:28:19.2622947Z [====================                   ] 53% Fetch remote repository...        
android	Run android-actions/setup-android@9fc6c4e9069bf8d3d10b2204b1fb8f6ef7065407	2026-10-10T02:28:19.2651230Z [=====================                  ] 54% Fetch remote repository...        
android	Run android-actions/setup-android@9fc6c4e9069bf8d3d10b2204b1fb8f6ef7065407	2026-10-10T02:28:19.2951945Z [=====================                  ] 55% Fetch remote repository...        
android	Run android-actions/setup-android@9fc6c4e9069bf8d3d10b2204b1fb8f6ef7065407	2026-10-10T02:28:19.2989608Z [======================                 ] 56% Fetch remote repository...        
android	Run android-actions/setup-android@9fc6c4e9069bf8d3d10b2204b1fb8f6ef7065407	2026-10-10T02:28:19.3159059Z [======================                 ] 57% Fetch remote repository...        
android	Run android-actions/setup-android@9fc6c4e9069bf8d3d10b2204b1fb8f6ef7065407	2026-10-10T02:28:19.3171634Z [=======================                ] 58% Fetch remote repository...        
android	Run android-actions/setup-android@9fc6c4e9069bf8d3d10b2204b1fb8f6ef7065407	2026-10-10T02:28:19.3373077Z [=======================                ] 59% Fetch remote repository...        
android	Run android-actions/setup-android@9fc6c4e9069bf8d3d10b2204b1fb8f6ef7065407	2026-10-10T02:28:19.3376213Z [========================               ] 60% Fetch remote repository...        
android	Run android-actions/setup-android@9fc6c4e9069bf8d3d10b2204b1fb8f6ef7065407	2026-10-10T02:28:19.3581137Z [========================               ] 61% Fetch remote repository...        
android	Run android-actions/setup-android@9fc6c4e9069bf8d3d10b2204b1fb8f6ef7065407	2026-10-10T02:28:19.3582099Z [=========================              ] 63% Fetch remote repository...        
android	Run android-actions/setup-android@9fc6c4e9069bf8d3d10b2204b1fb8f6ef7065407	2026-10-10T02:28:19.3760849Z [=========================              ] 64% Fetch remote repository...        
android	Run android-actions/setup-android@9fc6c4e9069bf8d3d10b2204b1fb8f6ef7065407	2026-10-10T02:28:19.3761664Z [=========================              ] 65% Fetch remote repository...        
android	Run android-actions/setup-android@9fc6c4e9069bf8d3d10b2204b1fb8f6ef7065407	2026-10-10T02:28:19.4241922Z [==========================             ] 66% Fetch remote repository...        
android	Run android-actions/setup-android@9fc6c4e9069bf8d3d10b2204b1fb8f6ef7065407	2026-10-10T02:28:19.4260770Z [==========================             ] 67% Fetch remote repository...        
android	Run android-actions/setup-android@9fc6c4e9069bf8d3d10b2204b1fb8f6ef7065407	2026-10-10T02:28:19.5244938Z [===========================            ] 68% Fetch remote repository...        
android	Run android-actions/setup-android@9fc6c4e9069bf8d3d10b2204b1fb8f6ef7065407	2026-10-10T02:28:19.5261061Z [===========================            ] 69% Fetch remote repository...        
android	Run android-actions/setup-android@9fc6c4e9069bf8d3d10b2204b1fb8f6ef7065407	2026-10-10T02:28:19.5662772Z [============================           ] 70% Fetch remote repository...        
android	Run android-actions/setup-android@9fc6c4e9069bf8d3d10b2204b1fb8f6ef7065407	2026-10-10T02:28:19.5680882Z [============================           ] 72% Fetch remote repository...        
android	Run android-actions/setup-android@9fc6c4e9069bf8d3d10b2204b1fb8f6ef7065407	2026-10-10T02:28:19.5838292Z [=============================          ] 73% Fetch remote repository...        
android	Run android-actions/setup-android@9fc6c4e9069bf8d3d10b2204b1fb8f6ef7065407	2026-10-10T02:28:19.5850751Z [=============================          ] 74% Fetch remote repository...        
android	Run android-actions/setup-android@9fc6c4e9069bf8d3d10b2204b1fb8f6ef7065407	2026-10-10T02:28:19.5947335Z [=============================          ] 75% Fetch remote repository...        
android	Run android-actions/setup-android@9fc6c4e9069bf8d3d10b2204b1fb8f6ef7065407	2026-10-10T02:28:19.6080883Z [=============================          ] 75% Computing updates...              
android	Run android-actions/setup-android@9fc6c4e9069bf8d3d10b2204b1fb8f6ef7065407	2026-10-10T02:28:19.6110801Z [=======================================] 100% Computing updates...             
android	Run android-actions/setup-android@9fc6c4e9069bf8d3d10b2204b1fb8f6ef7065407	2026-10-10T02:28:19.6462842Z 7 of 8 SDK package licenses not accepted.
android	Run android-actions/setup-android@9fc6c4e9069bf8d3d10b2204b1fb8f6ef7065407	2026-10-10T02:28:19.6463920Z Review licenses that have not been accepted (y/N)? 
android	Run android-actions/setup-android@9fc6c4e9069bf8d3d10b2204b1fb8f6ef7065407	2026-10-10T02:28:19.6464863Z 1/7: License android-googletv-license:
android	Run android-actions/setup-android@9fc6c4e9069bf8d3d10b2204b1fb8f6ef7065407	2026-10-10T02:28:19.6465604Z ---------------------------------------
android	Run android-actions/setup-android@9fc6c4e9069bf8d3d10b2204b1fb8f6ef7065407	2026-10-10T02:28:19.6470976Z Terms and Conditions
android	Run android-actions/setup-android@9fc6c4e9069bf8d3d10b2204b1fb8f6ef7065407	2026-10-10T02:28:19.6471460Z 
android	Run android-actions/setup-android@9fc6c4e9069bf8d3d10b2204b1fb8f6ef7065407	2026-10-10T02:28:19.6472124Z This is the Google TV Add-on for the Android Software Development Kit License Agreement.
android	Run android-actions/setup-android@9fc6c4e9069bf8d3d10b2204b1fb8f6ef7065407	2026-10-10T02:28:19.6473032Z 
android	Run android-actions/setup-android@9fc6c4e9069bf8d3d10b2204b1fb8f6ef7065407	2026-10-10T02:28:19.6473415Z 1. Introduction
android	Run android-actions/setup-android@9fc6c4e9069bf8d3d10b2204b1fb8f6ef7065407	2026-10-10T02:28:19.6473827Z 
android	Run android-actions/setup-android@9fc6c4e9069bf8d3d10b2204b1fb8f6ef7065407	2026-10-10T02:28:19.6476878Z 1.1 The Google TV Add-on for the Android Software Development Kit (referred to in this License Agreement as the "Google TV Add-on" and specifically including the Android system files, packaged APIs, and Google APIs add-ons) is licensed to you subject to the terms of this License Agreement. This License Agreement forms a legally binding contract between you and Google in relation to your use of the Google TV Add-on.
android	Run android-actions/setup-android@9fc6c4e9069bf8d3d10b2204b1fb8f6ef7065407	2026-10-10T02:28:19.6512133Z 
android	Run android-actions/setup-android@9fc6c4e9069bf8d3d10b2204b1fb8f6ef7065407	2026-10-10T02:28:19.6513243Z 1.2 "Google" means Google Inc., a Delaware corporation with principal place of business at 1600 Amphitheatre Parkway, Mountain View, CA 94043, United States.
android	Run android-actions/setup-android@9fc6c4e9069bf8d3d10b2204b1fb8f6ef7065407	2026-10-10T02:28:19.6514770Z 
android	Run android-actions/setup-android@9fc6c4e9069bf8d3d10b2204b1fb8f6ef7065407	2026-10-10T02:28:19.6515128Z 2. Accepting this License Agreement
android	Run android-actions/setup-android@9fc6c4e9069bf8d3d10b2204b1fb8f6ef7065407	2026-10-10T02:28:19.6515628Z 
android	Run android-actions/setup-android@9fc6c4e9069bf8d3d10b2204b1fb8f6ef7065407	2026-10-10T02:28:19.6516707Z 2.1 In order to use the Google TV Add-on, you must first agree to this License Agreement. You may not use the Google TV Add-on if you do not accept this License Agreement.
android	Run android-actions/setup-android@9fc6c4e9069bf8d3d10b2204b1fb8f6ef7065407	2026-10-10T02:28:19.6517969Z 
android	Run android-actions/setup-android@9fc6c4e9069bf8d3d10b2204b1fb8f6ef7065407	2026-10-10T02:28:19.6534968Z 2.2 You can accept this License Agreement by:
android	Run android-actions/setup-android@9fc6c4e9069bf8d3d10b2204b1fb8f6ef7065407	2026-10-10T02:28:19.6555014Z 
android	Run android-actions/setup-android@9fc6c4e9069bf8d3d10b2204b1fb8f6ef7065407	2026-10-10T02:28:19.6556012Z (A) clicking to accept or agree to this License Agreement, where this option is made available to you; or
android	Run android-actions/setup-android@9fc6c4e9069bf8d3d10b2204b1fb8f6ef7065407	2026-10-10T02:28:19.6556950Z 
android	Run android-actions/setup-android@9fc6c4e9069bf8d3d10b2204b1fb8f6ef7065407	2026-10-10T02:28:19.6585520Z (B) by actually using the Google TV Add-on. In this case, you agree that use of the Google TV Add-on constitutes acceptance of the License Agreement from that point onwards.
android	Run android-actions/setup-android@9fc6c4e9069bf8d3d10b2204b1fb8f6ef7065407	2026-10-10T02:28:19.6637557Z 
android	Run android-actions/setup-android@9fc6c4e9069bf8d3d10b2204b1fb8f6ef7065407	2026-10-10T02:28:19.6649469Z 2.3 You may not use the Google TV Add-on and may not accept the Licensing Agreement if you are a person barred from receiving the Google TV Add-on under the laws of the United States or other countries including the country in which you are resident or from which you use the Google TV Add-on.
android	Run android-actions/setup-android@9fc6c4e9069bf8d3d10b2204b1fb8f6ef7065407	2026-10-10T02:28:19.6670539Z 
android	Run android-actions/setup-android@9fc6c4e9069bf8d3d10b2204b1fb8f6ef7065407	2026-10-10T02:28:19.6673100Z 2.4 If you are agreeing to be bound by this License Agreement on behalf of your employer or other entity, you represent and warrant that you have full legal authority to bind your employer or such entity to this License Agreement. If you do not have the requisite authority, you may not accept the Licensing Agreement or use the Google TV Add-on on behalf of your employer or other entity.
android	Run android-actions/setup-android@9fc6c4e9069bf8d3d10b2204b1fb8f6ef7065407	2026-10-10T02:28:19.6676183Z 
android	Run android-actions/setup-android@9fc6c4e9069bf8d3d10b2204b1fb8f6ef7065407	2026-10-10T02:28:19.6676669Z 3. Google TV Add-on License from Google
android	Run android-actions/setup-android@9fc6c4e9069bf8d3d10b2204b1fb8f6ef7065407	2026-10-10T02:28:19.6677152Z 
android	Run android-actions/setup-android@9fc6c4e9069bf8d3d10b2204b1fb8f6ef7065407	2026-10-10T02:28:19.6678742Z 3.1 Subject to the terms of this License Agreement, Google grants you a limited, worldwide, royalty-free, non- assignable and non-exclusive license to use the Google TV Add-on solely to develop applications to run on the Google TV platform.
android	Run android-actions/setup-android@9fc6c4e9069bf8d3d10b2204b1fb8f6ef7065407	2026-10-10T02:28:19.6680879Z 
android	Run android-actions/setup-android@9fc6c4e9069bf8d3d10b2204b1fb8f6ef7065407	2026-10-10T02:28:19.6683626Z 3.2 You agree that Google or third parties own all legal right, title and interest in and to the Google TV Add-on, including any Intellectual Property Rights that subsist in the Google TV Add-on. "Intellectual Property Rights" means any and all rights under patent law, copyright law, trade secret law, trademark law, and any and all other proprietary rights. Google reserves all rights not expressly granted to you.
android	Run android-actions/setup-android@9fc6c4e9069bf8d3d10b2204b1fb8f6ef7065407	2026-10-10T02:28:19.6686610Z 
android	Run android-actions/setup-android@9fc6c4e9069bf8d3d10b2204b1fb8f6ef7065407	2026-10-10T02:28:19.6689524Z 3.3 Except to the extent required by applicable third party licenses, you may not copy (except for backup purposes), modify, adapt, redistribute, decompile, reverse engineer, disassemble, or create derivative works of the Google TV Add-on or any part of the Google TV Add-on. Except to the extent required by applicable third party licenses, you may not load any part of the Google TV Add-on onto a mobile handset, television, or any other hardware device except a personal computer, combine any part of the Google TV Add-on with other software, or distribute any software or device incorporating a part of the Google TV Add-on.
android	Run android-actions/setup-android@9fc6c4e9069bf8d3d10b2204b1fb8f6ef7065407	2026-10-10T02:28:19.6693848Z 
android	Run android-actions/setup-android@9fc6c4e9069bf8d3d10b2204b1fb8f6ef7065407	2026-10-10T02:28:19.6694813Z 3.4 Use, reproduction and distribution of components of the Google TV Add-on licensed under an open source software license are governed solely by the terms of that open source software license and not this License Agreement.
android	Run android-actions/setup-android@9fc6c4e9069bf8d3d10b2204b1fb8f6ef7065407	2026-10-10T02:28:19.6695688Z 
android	Run android-actions/setup-android@9fc6c4e9069bf8d3d10b2204b1fb8f6ef7065407	2026-10-10T02:28:19.6698358Z 3.5 You agree that the form and nature of the Google TV Add-on that Google provides may change without prior notice to you and that future versions of the Google TV Add-on may be incompatible with applications developed on previous versions of the Google TV Add-on. You agree that Google may stop (permanently or temporarily) providing the Google TV Add-on (or any features within the Google TV Add-on) to you or to users generally at Google's sole discretion, without prior notice to you.
android	Run android-actions/setup-android@9fc6c4e9069bf8d3d10b2204b1fb8f6ef7065407	2026-10-10T02:28:19.6701919Z 
android	Run android-actions/setup-android@9fc6c4e9069bf8d3d10b2204b1fb8f6ef7065407	2026-10-10T02:28:19.6703424Z 3.6 Nothing in this License Agreement gives you a right to use any of Google's or it’s licensors’ trade names, trademarks, service marks, logos, domain names, or other distinctive brand features.
android	Run android-actions/setup-android@9fc6c4e9069bf8d3d10b2204b1fb8f6ef7065407	2026-10-10T02:28:19.6704715Z 
android	Run android-actions/setup-android@9fc6c4e9069bf8d3d10b2204b1fb8f6ef7065407	2026-10-10T02:28:19.6705851Z 3.7 You agree that you will not remove, obscure, or alter any proprietary rights notices (including copyright and trademark notices) that may be affixed to or contained within the Google TV Add-on.
android	Run android-actions/setup-android@9fc6c4e9069bf8d3d10b2204b1fb8f6ef7065407	2026-10-10T02:28:19.6707491Z 
android	Run android-actions/setup-android@9fc6c4e9069bf8d3d10b2204b1fb8f6ef7065407	2026-10-10T02:28:19.6707696Z 4. Use of the Google TV Add-on by You
android	Run android-actions/setup-android@9fc6c4e9069bf8d3d10b2204b1fb8f6ef7065407	2026-10-10T02:28:19.6708028Z 
android	Run android-actions/setup-android@9fc6c4e9069bf8d3d10b2204b1fb8f6ef7065407	2026-10-10T02:28:19.6709629Z 4.1 Google agrees that it obtains no right, title or interest from you (or your licensors) under this License Agreement in or to any software applications that you develop using the Google TV Add-on, including any intellectual property rights that subsist in those applications.
android	Run android-actions/setup-android@9fc6c4e9069bf8d3d10b2204b1fb8f6ef7065407	2026-10-10T02:28:19.6711311Z 
android	Run android-actions/setup-android@9fc6c4e9069bf8d3d10b2204b1fb8f6ef7065407	2026-10-10T02:28:19.6712488Z 4.2 You agree to use the Google TV Add-on and write applications only for purposes that are permitted by (a) this License Agreement and (b) any applicable law, regulation or generally accepted practices or guidelines in the relevant jurisdictions (including any laws regarding the export of data or software to and from the United States or other relevant countries).
android	Run android-actions/setup-android@9fc6c4e9069bf8d3d10b2204b1fb8f6ef7065407	2026-10-10T02:28:19.6713740Z 
android	Run android-actions/setup-android@9fc6c4e9069bf8d3d10b2204b1fb8f6ef7065407	2026-10-10T02:28:19.6716345Z 4.3 You agree that if you use the Google TV Add-on to develop applications for general public users, you will protect the privacy and legal rights of those users. If the users provide you with user names, passwords, or other login information or personal information, your must make the users aware that the information will be available to your application, and you must provide legally adequate privacy notice and protection for those users. If your application stores personal or sensitive information provided by users, it must do so securely. If the user provides your application with Google Account information, your application may only use that information to access the user's Google Account when, and for the limited purposes for which, the user has given you explicit permission to do so.
android	Run android-actions/setup-android@9fc6c4e9069bf8d3d10b2204b1fb8f6ef7065407	2026-10-10T02:28:19.6719193Z 
android	Run android-actions/setup-android@9fc6c4e9069bf8d3d10b2204b1fb8f6ef7065407	2026-10-10T02:28:19.6720780Z 4.4 You agree that you will not engage in any activity with the Google TV Add-on, including the development or distribution of an application, that interferes with, disrupts, damages, or accesses in an unauthorized manner the servers, networks, or other properties or services of any third party including, but not limited to, Google, Multichannel Video Program Distributors or any mobile communications carrier.
android	Run android-actions/setup-android@9fc6c4e9069bf8d3d10b2204b1fb8f6ef7065407	2026-10-10T02:28:19.6722212Z 
android	Run android-actions/setup-android@9fc6c4e9069bf8d3d10b2204b1fb8f6ef7065407	2026-10-10T02:28:19.6723407Z 4.5 You agree that you are solely responsible for (and that Google has no responsibility to you or to any third party for) any data, content, or resources that you create, transmit or display through the Google TV platform and/or applications for the Google TV platform, and for the consequences of your actions (including any loss or damage which Google may suffer) by doing so.
android	Run android-actions/setup-android@9fc6c4e9069bf8d3d10b2204b1fb8f6ef7065407	2026-10-10T02:28:19.6724679Z 
android	Run android-actions/setup-android@9fc6c4e9069bf8d3d10b2204b1fb8f6ef7065407	2026-10-10T02:28:19.6725915Z 4.6 You agree that you are solely responsible for (and that Google has no responsibility to you or to any third party for) any breach of your obligations under this License Agreement, any applicable third party contract or Terms of Service, or any applicable law or regulation, and for the consequences (including any loss or damage which Google or any third party may suffer) of any such breach.
android	Run android-actions/setup-android@9fc6c4e9069bf8d3d10b2204b1fb8f6ef7065407	2026-10-10T02:28:19.6727255Z 
android	Run android-actions/setup-android@9fc6c4e9069bf8d3d10b2204b1fb8f6ef7065407	2026-10-10T02:28:19.6727356Z 5. Your Developer Credentials
android	Run android-actions/setup-android@9fc6c4e9069bf8d3d10b2204b1fb8f6ef7065407	2026-10-10T02:28:19.6727544Z 
android	Run android-actions/setup-android@9fc6c4e9069bf8d3d10b2204b1fb8f6ef7065407	2026-10-10T02:28:19.6728468Z 5.1 You agree that you are responsible for maintaining the confidentiality of any developer credentials that may be issued to you by Google or which you may choose yourself and that you will be solely responsible for all applications that are developed under your developer credentials.
android	Run android-actions/setup-android@9fc6c4e9069bf8d3d10b2204b1fb8f6ef7065407	2026-10-10T02:28:19.6729458Z 
android	Run android-actions/setup-android@9fc6c4e9069bf8d3d10b2204b1fb8f6ef7065407	2026-10-10T02:28:19.6729561Z 6. Privacy and Information
android	Run android-actions/setup-android@9fc6c4e9069bf8d3d10b2204b1fb8f6ef7065407	2026-10-10T02:28:19.6729719Z 
android	Run android-actions/setup-android@9fc6c4e9069bf8d3d10b2204b1fb8f6ef7065407	2026-10-10T02:28:19.6731587Z 6.1 In order to continually innovate and improve the Google TV Add-on, Google may collect certain usage statistics from the software including but not limited to a unique identifier, associated IP address, version number of the software, and information on which tools and/or services in the Google TV Add-on are being used and how they are being used. Before any of this information is collected, the Google TV Add-on will notify you and seek your consent. If you withhold consent, the information will not be collected.
android	Run android-actions/setup-android@9fc6c4e9069bf8d3d10b2204b1fb8f6ef7065407	2026-10-10T02:28:19.6733529Z 
android	Run android-actions/setup-android@9fc6c4e9069bf8d3d10b2204b1fb8f6ef7065407	2026-10-10T02:28:19.6733954Z 6.2 The data collected is examined in the aggregate to improve the Google TV Add-on and is maintained in accordance with Google's Privacy Policy.
android	Run android-actions/setup-android@9fc6c4e9069bf8d3d10b2204b1fb8f6ef7065407	2026-10-10T02:28:19.6734482Z 
android	Run android-actions/setup-android@9fc6c4e9069bf8d3d10b2204b1fb8f6ef7065407	2026-10-10T02:28:19.6734633Z 7. Third Party Applications for the Google TV Platform
android	Run android-actions/setup-android@9fc6c4e9069bf8d3d10b2204b1fb8f6ef7065407	2026-10-10T02:28:19.6734866Z 
android	Run android-actions/setup-android@9fc6c4e9069bf8d3d10b2204b1fb8f6ef7065407	2026-10-10T02:28:19.6736794Z 7.1 If you use the Google TV Add-on to run applications developed by a third party or that access data, content or resources provided by a third party, you agree that Google is not responsible for those applications, data, content, or resources. You understand that all data, content or resources which you may access through such third party applications are the sole responsibility of the person from which they originated and that Google is not liable for any loss or damage that you may experience as a result of the use or access of any of those third party applications, data, content, or resources.
android	Run android-actions/setup-android@9fc6c4e9069bf8d3d10b2204b1fb8f6ef7065407	2026-10-10T02:28:19.6738919Z 
android	Run android-actions/setup-android@9fc6c4e9069bf8d3d10b2204b1fb8f6ef7065407	2026-10-10T02:28:19.6740661Z 7.2 You should be aware the data, content, and resources presented to you through such a third party application may be protected by intellectual property rights which are owned by the providers (or by other persons or companies on their behalf). You may not modify, rent, lease, loan, sell, distribute or create derivative works based on these data, content, or resources (either in whole or in part) unless you have been specifically given permission to do so by the relevant owners.
android	Run android-actions/setup-android@9fc6c4e9069bf8d3d10b2204b1fb8f6ef7065407	2026-10-10T02:28:19.6742284Z 
android	Run android-actions/setup-android@9fc6c4e9069bf8d3d10b2204b1fb8f6ef7065407	2026-10-10T02:28:19.6743129Z 7.3 You acknowledge that your use of such third party applications, data, content, or resources may be subject to separate terms between you and the relevant third party. In that case, this License Agreement does not affect your legal relationship with these third parties.
android	Run android-actions/setup-android@9fc6c4e9069bf8d3d10b2204b1fb8f6ef7065407	2026-10-10T02:28:19.6744077Z 
android	Run android-actions/setup-android@9fc6c4e9069bf8d3d10b2204b1fb8f6ef7065407	2026-10-10T02:28:19.6744179Z 8. Using Google TV APIs
android	Run android-actions/setup-android@9fc6c4e9069bf8d3d10b2204b1fb8f6ef7065407	2026-10-10T02:28:19.6744327Z 
android	Run android-actions/setup-android@9fc6c4e9069bf8d3d10b2204b1fb8f6ef7065407	2026-10-10T02:28:19.6746903Z 8.1 If you use any Google TV API to retrieve data from Google, you acknowledge that the data (“Google TV API Content”) may be protected by intellectual property rights which are owned by Google or those parties that provide the data (or by other persons or companies on their behalf). Your use of any such API may be subject to additional Terms of Service. You may not modify, rent, lease, loan, sell, distribute or create derivative works based on this data (either in whole or in part) unless allowed by the relevant Terms of Service. Some portions of the Google TV API Content are licensed to Google by third parties, including but not limited to Tribune Media Services
android	Run android-actions/setup-android@9fc6c4e9069bf8d3d10b2204b1fb8f6ef7065407	2026-10-10T02:28:19.6749130Z 
android	Run android-actions/setup-android@9fc6c4e9069bf8d3d10b2204b1fb8f6ef7065407	2026-10-10T02:28:19.6750082Z 8.2 If you use any API to retrieve a user's data from Google, you acknowledge and agree that you shall retrieve data only with the user's explicit consent and only when, and for the limited purposes for which, the user has given you permission to do so.
android	Run android-actions/setup-android@9fc6c4e9069bf8d3d10b2204b1fb8f6ef7065407	2026-10-10T02:28:19.6750974Z 
android	Run android-actions/setup-android@9fc6c4e9069bf8d3d10b2204b1fb8f6ef7065407	2026-10-10T02:28:19.6751254Z 8.3 Except as explicitly permitted in Section 3 (Google TV Add-on License from Google), you must:
android	Run android-actions/setup-android@9fc6c4e9069bf8d3d10b2204b1fb8f6ef7065407	2026-10-10T02:28:19.6751621Z 
android	Run android-actions/setup-android@9fc6c4e9069bf8d3d10b2204b1fb8f6ef7065407	2026-10-10T02:28:19.6752173Z (a) not modify nor format the Google TV API Content except to the extent reasonably and technically necessary to optimize the display such Google TV API Content in your application;
android	Run android-actions/setup-android@9fc6c4e9069bf8d3d10b2204b1fb8f6ef7065407	2026-10-10T02:28:19.6752826Z 
android	Run android-actions/setup-android@9fc6c4e9069bf8d3d10b2204b1fb8f6ef7065407	2026-10-10T02:28:19.6753437Z (b) not edit the Google TV API Content in a manner that renders the Google TV API Content inaccurate of alters its inherent meaning (provided that displaying excerpts will not violate the foregoing); or
android	Run android-actions/setup-android@9fc6c4e9069bf8d3d10b2204b1fb8f6ef7065407	2026-10-10T02:28:19.6754159Z 
android	Run android-actions/setup-android@9fc6c4e9069bf8d3d10b2204b1fb8f6ef7065407	2026-10-10T02:28:19.6754444Z (c) not create any commercial audience measurement tool or service using the Google TV API Content
android	Run android-actions/setup-android@9fc6c4e9069bf8d3d10b2204b1fb8f6ef7065407	2026-10-10T02:28:19.6754833Z 
android	Run android-actions/setup-android@9fc6c4e9069bf8d3d10b2204b1fb8f6ef7065407	2026-10-10T02:28:19.6754940Z 9. Terminating this License Agreement
android	Run android-actions/setup-android@9fc6c4e9069bf8d3d10b2204b1fb8f6ef7065407	2026-10-10T02:28:19.6755270Z 
android	Run android-actions/setup-android@9fc6c4e9069bf8d3d10b2204b1fb8f6ef7065407	2026-10-10T02:28:19.6755595Z 9.1 This License Agreement will continue to apply until terminated by either you or Google as set out below.
android	Run android-actions/setup-android@9fc6c4e9069bf8d3d10b2204b1fb8f6ef7065407	2026-10-10T02:28:19.6756007Z 
android	Run android-actions/setup-android@9fc6c4e9069bf8d3d10b2204b1fb8f6ef7065407	2026-10-10T02:28:19.6756438Z 9.2 If you want to terminate this License Agreement, you may do so by ceasing your use of the Google TV Add-on and any relevant developer credentials.
android	Run android-actions/setup-android@9fc6c4e9069bf8d3d10b2204b1fb8f6ef7065407	2026-10-10T02:28:19.6756965Z 
android	Run android-actions/setup-android@9fc6c4e9069bf8d3d10b2204b1fb8f6ef7065407	2026-10-10T02:28:19.6757153Z 9.3 Google may at any time, terminate this License Agreement with you if:
android	Run android-actions/setup-android@9fc6c4e9069bf8d3d10b2204b1fb8f6ef7065407	2026-10-10T02:28:19.6757447Z 
android	Run android-actions/setup-android@9fc6c4e9069bf8d3d10b2204b1fb8f6ef7065407	2026-10-10T02:28:19.6757622Z (A) you have breached any provision of this License Agreement; or
android	Run android-actions/setup-android@9fc6c4e9069bf8d3d10b2204b1fb8f6ef7065407	2026-10-10T02:28:19.6757887Z 
android	Run android-actions/setup-android@9fc6c4e9069bf8d3d10b2204b1fb8f6ef7065407	2026-10-10T02:28:19.6757995Z (B) Google is required to do so by law; or
android	Run android-actions/setup-android@9fc6c4e9069bf8d3d10b2204b1fb8f6ef7065407	2026-10-10T02:28:19.6758193Z 
android	Run android-actions/setup-android@9fc6c4e9069bf8d3d10b2204b1fb8f6ef7065407	2026-10-10T02:28:19.6758831Z (C) the partner with whom Google offered certain parts of Google TV Add-on (such as APIs) to you has terminated its relationship with Google or ceased to offer certain parts of the Google TV Add-on to you; or
android	Run android-actions/setup-android@9fc6c4e9069bf8d3d10b2204b1fb8f6ef7065407	2026-10-10T02:28:19.6759549Z 
android	Run android-actions/setup-android@9fc6c4e9069bf8d3d10b2204b1fb8f6ef7065407	2026-10-10T02:28:19.6760964Z (D) Google decides to no longer providing the Google TV Add-on or certain parts of the Google TV Add-on to users in the country in which you are resident or from which you use the service, or the provision of the Google TV Add-on or certain Google TV Add-on services to you by Google is, in Google's sole discretion, no longer commercially viable.
android	Run android-actions/setup-android@9fc6c4e9069bf8d3d10b2204b1fb8f6ef7065407	2026-10-10T02:28:19.6762116Z 
android	Run android-actions/setup-android@9fc6c4e9069bf8d3d10b2204b1fb8f6ef7065407	2026-10-10T02:28:19.6763548Z 9.4 When this License Agreement comes to an end, all of the legal rights, obligations and liabilities that you and Google have benefited from, been subject to (or which have accrued over time whilst this License Agreement has been in force) or which are expressed to continue indefinitely, shall be unaffected by this cessation, and the provisions of paragraph 14.7 shall continue to apply to such rights, obligations and liabilities indefinitely.
android	Run android-actions/setup-android@9fc6c4e9069bf8d3d10b2204b1fb8f6ef7065407	2026-10-10T02:28:19.6765109Z 
android	Run android-actions/setup-android@9fc6c4e9069bf8d3d10b2204b1fb8f6ef7065407	2026-10-10T02:28:19.6765215Z 10. DISCLAIMER OF WARRANTIES
android	Run android-actions/setup-android@9fc6c4e9069bf8d3d10b2204b1fb8f6ef7065407	2026-10-10T02:28:19.6765407Z 
android	Run android-actions/setup-android@9fc6c4e9069bf8d3d10b2204b1fb8f6ef7065407	2026-10-10T02:28:19.6766016Z 10.1 YOU EXPRESSLY UNDERSTAND AND AGREE THAT YOUR USE OF THE GOOGLE TV ADD-ON IS AT YOUR SOLE RISK AND THAT THE GOOGLE TV ADD-ON IS PROVIDED "AS IS" AND "AS AVAILABLE" WITHOUT WARRANTY OF ANY KIND FROM GOOGLE.
android	Run android-actions/setup-android@9fc6c4e9069bf8d3d10b2204b1fb8f6ef7065407	2026-10-10T02:28:19.6766715Z 
android	Run android-actions/setup-android@9fc6c4e9069bf8d3d10b2204b1fb8f6ef7065407	2026-10-10T02:28:19.6767597Z 10.2 YOUR USE OF THE GOOGLE TV ADD-ON AND ANY MATERIAL DOWNLOADED OR OTHERWISE OBTAINED THROUGH THE USE OF THE GOOGLE TV ADD-ON IS AT YOUR OWN DISCRETION AND RISK AND YOU ARE SOLELY RESPONSIBLE FOR ANY DAMAGE TO YOUR COMPUTER SYSTEM OR OTHER DEVICE OR LOSS OF DATA THAT RESULTS FROM SUCH USE.
android	Run android-actions/setup-android@9fc6c4e9069bf8d3d10b2204b1fb8f6ef7065407	2026-10-10T02:28:19.6768593Z 
android	Run android-actions/setup-android@9fc6c4e9069bf8d3d10b2204b1fb8f6ef7065407	2026-10-10T02:28:19.6769419Z 10.3 GOOGLE FURTHER EXPRESSLY DISCLAIMS ALL WARRANTIES AND CONDITIONS OF ANY KIND, WHETHER EXPRESS OR IMPLIED, INCLUDING, BUT NOT LIMITED TO THE IMPLIED WARRANTIES AND CONDITIONS OF MERCHANTABILITY, FITNESS FOR A PARTICULAR PURPOSE AND NON-INFRINGEMENT.
android	Run android-actions/setup-android@9fc6c4e9069bf8d3d10b2204b1fb8f6ef7065407	2026-10-10T02:28:19.6770549Z 
android	Run android-actions/setup-android@9fc6c4e9069bf8d3d10b2204b1fb8f6ef7065407	2026-10-10T02:28:19.6770649Z 11. LIMITATION OF LIABILITY
android	Run android-actions/setup-android@9fc6c4e9069bf8d3d10b2204b1fb8f6ef7065407	2026-10-10T02:28:19.6770812Z 
android	Run android-actions/setup-android@9fc6c4e9069bf8d3d10b2204b1fb8f6ef7065407	2026-10-10T02:28:19.6772219Z 11.1 YOU EXPRESSLY UNDERSTAND AND AGREE THAT GOOGLE, ITS SUBSIDIARIES AND AFFILIATES, AND ITS LICENSORS SHALL NOT BE LIABLE TO YOU UNDER ANY THEORY OF LIABILITY FOR ANY DIRECT, INDIRECT, INCIDENTAL, SPECIAL CONSEQUENTIAL OR EXEMPLARY DAMAGES THAT MAY BE INCURRED BY YOU, INCLUDING ANY LOSS OF DATA, WHETHER OR NOT GOOGLE OR ITS REPRESENTATIVES HAVE BEEN ADVISED OF OR SHOULD HAVE BEEN AWARE OF THE POSSIBILITY OF ANY SUCH LOSSES ARISING.
android	Run android-actions/setup-android@9fc6c4e9069bf8d3d10b2204b1fb8f6ef7065407	2026-10-10T02:28:19.6773704Z 
android	Run android-actions/setup-android@9fc6c4e9069bf8d3d10b2204b1fb8f6ef7065407	2026-10-10T02:28:19.6773791Z 12. Indemnification
android	Run android-actions/setup-android@9fc6c4e9069bf8d3d10b2204b1fb8f6ef7065407	2026-10-10T02:28:19.6773924Z 
android	Run android-actions/setup-android@9fc6c4e9069bf8d3d10b2204b1fb8f6ef7065407	2026-10-10T02:28:19.6776329Z 12.1 To the maximum extent permitted by law, you agree to defend, indemnify and hold harmless Google, its affiliates and their respective directors, officers, employees and agents from and against any and all claims, actions, suits or proceedings, as well as any and all losses, liabilities, damages, costs and expenses (including reasonable attorneys fees) arising out of or accruing from (a) your use of the Google TV Add-on, (b) any application you develop on the Google TV Add-on that infringes any copyright, trademark, trade secret, trade dress, patent or other intellectual property right of any person or defames any person or violates their rights of publicity or privacy, and (c) any non-compliance by you with this License Agreement.
android	Run android-actions/setup-android@9fc6c4e9069bf8d3d10b2204b1fb8f6ef7065407	2026-10-10T02:28:19.6778969Z 
android	Run android-actions/setup-android@9fc6c4e9069bf8d3d10b2204b1fb8f6ef7065407	2026-10-10T02:28:19.6779075Z 13. Changes to the License Agreement
android	Run android-actions/setup-android@9fc6c4e9069bf8d3d10b2204b1fb8f6ef7065407	2026-10-10T02:28:19.6779252Z 
android	Run android-actions/setup-android@9fc6c4e9069bf8d3d10b2204b1fb8f6ef7065407	2026-10-10T02:28:19.6779566Z 13.1 Google may make changes to the License Agreement as it distributes new versions of the Google TV Add-on.
android	Run android-actions/setup-android@9fc6c4e9069bf8d3d10b2204b1fb8f6ef7065407	2026-10-10T02:28:19.6780171Z 
android	Run android-actions/setup-android@9fc6c4e9069bf8d3d10b2204b1fb8f6ef7065407	2026-10-10T02:28:19.6780266Z 14. General Legal Terms
android	Run android-actions/setup-android@9fc6c4e9069bf8d3d10b2204b1fb8f6ef7065407	2026-10-10T02:28:19.6780414Z 
android	Run android-actions/setup-android@9fc6c4e9069bf8d3d10b2204b1fb8f6ef7065407	2026-10-10T02:28:19.6781456Z 14.1 This License Agreement constitute the whole legal agreement between you and Google and govern your use of the Google TV Add-on (excluding any services which Google may provide to you under a separate written agreement), and completely replace any prior agreements between you and Google in relation to the Google TV Add-on.
android	Run android-actions/setup-android@9fc6c4e9069bf8d3d10b2204b1fb8f6ef7065407	2026-10-10T02:28:19.6782727Z 
android	Run android-actions/setup-android@9fc6c4e9069bf8d3d10b2204b1fb8f6ef7065407	2026-10-10T02:28:19.6783717Z 14.2 You agree that if Google does not exercise or enforce any legal right or remedy which is contained in this License Agreement (or which Google has the benefit of under any applicable law), this will not be taken to be a formal waiver of Google's rights and that those rights or remedies will still be available to Google.
android	Run android-actions/setup-android@9fc6c4e9069bf8d3d10b2204b1fb8f6ef7065407	2026-10-10T02:28:19.6784800Z 
android	Run android-actions/setup-android@9fc6c4e9069bf8d3d10b2204b1fb8f6ef7065407	2026-10-10T02:28:19.6785901Z 14.3 If any court of law, having the jurisdiction to decide on this matter, rules that any provision of this License Agreement is invalid, then that provision will be removed from this License Agreement without affecting the rest of this License Agreement. The remaining provisions of this License Agreement will continue to be valid and enforceable.
android	Run android-actions/setup-android@9fc6c4e9069bf8d3d10b2204b1fb8f6ef7065407	2026-10-10T02:28:19.6787092Z 
android	Run android-actions/setup-android@9fc6c4e9069bf8d3d10b2204b1fb8f6ef7065407	2026-10-10T02:28:19.6788922Z 14.4 You acknowledge and agree that Google’s API data licensors and each member of the group of companies of which Google is the parent shall be third party beneficiaries to this License Agreement and that such other companies shall be entitled to directly enforce, and rely upon, any provision of this License Agreement that confers a benefit on (or rights in favor of) them. Other than this, no other person or company shall be third party beneficiaries to this License Agreement.
android	Run android-actions/setup-android@9fc6c4e9069bf8d3d10b2204b1fb8f6ef7065407	2026-10-10T02:28:19.6791461Z 
android	Run android-actions/setup-android@9fc6c4e9069bf8d3d10b2204b1fb8f6ef7065407	2026-10-10T02:28:19.6792795Z 14.5 EXPORT RESTRICTIONS. THE GOOGLE TV ADD-ON IS SUBJECT TO UNITED STATES EXPORT LAWS AND REGULATIONS. YOU MUST COMPLY WITH ALL DOMESTIC AND INTERNATIONAL EXPORT LAWS AND REGULATIONS THAT APPLY TO THE GOOGLE TV ADD-ON. THESE LAWS INCLUDE RESTRICTIONS ON DESTINATIONS, END USERS AND END USE.
android	Run android-actions/setup-android@9fc6c4e9069bf8d3d10b2204b1fb8f6ef7065407	2026-10-10T02:28:19.6793822Z 
android	Run android-actions/setup-android@9fc6c4e9069bf8d3d10b2204b1fb8f6ef7065407	2026-10-10T02:28:19.6795369Z 14.6 The rights granted in this License Agreement may not be assigned or transferred by either you or Google without the prior written approval of the other party. Neither you nor Google shall be permitted to delegate their responsibilities or obligations under this License Agreement without the prior written approval of the other party.
android	Run android-actions/setup-android@9fc6c4e9069bf8d3d10b2204b1fb8f6ef7065407	2026-10-10T02:28:19.6796598Z 
android	Run android-actions/setup-android@9fc6c4e9069bf8d3d10b2204b1fb8f6ef7065407	2026-10-10T02:28:19.6798411Z 14.7 This License Agreement, and your relationship with Google under this License Agreement, shall be governed by the laws of the State of California without regard to its conflict of laws provisions. You and Google agree to submit to the exclusive jurisdiction of the courts located within the county of Santa Clara, California to resolve any legal matter arising from this License Agreement. Notwithstanding this, you agree that Google shall still be allowed to apply for injunctive remedies (or an equivalent type of urgent legal relief) in any jurisdiction.
android	Run android-actions/setup-android@9fc6c4e9069bf8d3d10b2204b1fb8f6ef7065407	2026-10-10T02:28:19.6800612Z 
android	Run android-actions/setup-android@9fc6c4e9069bf8d3d10b2204b1fb8f6ef7065407	2026-10-10T02:28:19.6800620Z 
android	Run android-actions/setup-android@9fc6c4e9069bf8d3d10b2204b1fb8f6ef7065407	2026-10-10T02:28:19.6800715Z August 15, 2011
android	Run android-actions/setup-android@9fc6c4e9069bf8d3d10b2204b1fb8f6ef7065407	2026-10-10T02:28:19.6800944Z ---------------------------------------
android	Run android-actions/setup-android@9fc6c4e9069bf8d3d10b2204b1fb8f6ef7065407	2026-10-10T02:28:19.6801229Z Accept? (y/N): 
android	Run android-actions/setup-android@9fc6c4e9069bf8d3d10b2204b1fb8f6ef7065407	2026-10-10T02:28:19.6801464Z 2/7: License android-googlexr-license:
android	Run android-actions/setup-android@9fc6c4e9069bf8d3d10b2204b1fb8f6ef7065407	2026-10-10T02:28:19.6801744Z ---------------------------------------
android	Run android-actions/setup-android@9fc6c4e9069bf8d3d10b2204b1fb8f6ef7065407	2026-10-10T02:28:19.6802890Z To get started with the Android XR Emulator System Image SDK, you must agree to the following terms and conditions. As described below, please note that this is a preview, emulated version of the Android XR OS, subject to change, that you use at your own risk.
android	Run android-actions/setup-android@9fc6c4e9069bf8d3d10b2204b1fb8f6ef7065407	2026-10-10T02:28:19.6803788Z 
android	Run android-actions/setup-android@9fc6c4e9069bf8d3d10b2204b1fb8f6ef7065407	2026-10-10T02:28:19.6803967Z This is the Android XR Emulator System Image SDK License Agreement
android	Run android-actions/setup-android@9fc6c4e9069bf8d3d10b2204b1fb8f6ef7065407	2026-10-10T02:28:19.6804235Z 
android	Run android-actions/setup-android@9fc6c4e9069bf8d3d10b2204b1fb8f6ef7065407	2026-10-10T02:28:19.6804316Z 1. Introduction
android	Run android-actions/setup-android@9fc6c4e9069bf8d3d10b2204b1fb8f6ef7065407	2026-10-10T02:28:19.6804442Z 
android	Run android-actions/setup-android@9fc6c4e9069bf8d3d10b2204b1fb8f6ef7065407	2026-10-10T02:28:19.6806802Z 1.1 The Android Android XR Emulator System Image SDK (referred to in the License Agreement as the "SDK" and specifically including the Android system files,, packaged APIs, library files (if and when they are made available), and Google applications and APIs add-ons) is licensed to you subject to the terms of the License Agreement. The License Agreement forms a legally binding contract between you and Google in relation to your use of the SDK.
android	Run android-actions/setup-android@9fc6c4e9069bf8d3d10b2204b1fb8f6ef7065407	2026-10-10T02:28:19.6809318Z 
android	Run android-actions/setup-android@9fc6c4e9069bf8d3d10b2204b1fb8f6ef7065407	2026-10-10T02:28:19.6810551Z 1.2 "Android" means the Android software stack for devices, as made available under the Android Open Source Project, which is located at the following URL: https://source.android.com/, as updated from time to time.
android	Run android-actions/setup-android@9fc6c4e9069bf8d3d10b2204b1fb8f6ef7065407	2026-10-10T02:28:19.6811346Z 
android	Run android-actions/setup-android@9fc6c4e9069bf8d3d10b2204b1fb8f6ef7065407	2026-10-10T02:28:19.6812020Z 1.3 "Google" means Google LLC, organized under the laws of the State of Delaware, USA, and operating under the laws of the USA with principal place of business at 1600 Amphitheatre Parkway, Mountain View, CA 94043, USA.
android	Run android-actions/setup-android@9fc6c4e9069bf8d3d10b2204b1fb8f6ef7065407	2026-10-10T02:28:19.6812780Z 
android	Run android-actions/setup-android@9fc6c4e9069bf8d3d10b2204b1fb8f6ef7065407	2026-10-10T02:28:19.6812884Z 2. Accepting this License Agreement
android	Run android-actions/setup-android@9fc6c4e9069bf8d3d10b2204b1fb8f6ef7065407	2026-10-10T02:28:19.6813067Z 
android	Run android-actions/setup-android@9fc6c4e9069bf8d3d10b2204b1fb8f6ef7065407	2026-10-10T02:28:19.6813477Z 2.1 In order to use the SDK, you must first agree to the License Agreement. You may not use the SDK if you do not accept the License Agreement.
android	Run android-actions/setup-android@9fc6c4e9069bf8d3d10b2204b1fb8f6ef7065407	2026-10-10T02:28:19.6813973Z 
android	Run android-actions/setup-android@9fc6c4e9069bf8d3d10b2204b1fb8f6ef7065407	2026-10-10T02:28:19.6814263Z 2.2 By clicking to accept and/or using this SDK, you hereby agree to the terms of the License Agreement.
android	Run android-actions/setup-android@9fc6c4e9069bf8d3d10b2204b1fb8f6ef7065407	2026-10-10T02:28:19.6814646Z 
android	Run android-actions/setup-android@9fc6c4e9069bf8d3d10b2204b1fb8f6ef7065407	2026-10-10T02:28:19.6815418Z 2.3 You may not use the SDK and may not accept the License Agreement if you are a person barred from receiving the SDK under the laws of the United States or other countries, including the country in which you are resident or from which you use the SDK.
android	Run android-actions/setup-android@9fc6c4e9069bf8d3d10b2204b1fb8f6ef7065407	2026-10-10T02:28:19.6816497Z 
android	Run android-actions/setup-android@9fc6c4e9069bf8d3d10b2204b1fb8f6ef7065407	2026-10-10T02:28:19.6817793Z 2.4 If you are agreeing to be bound by the License Agreement on behalf of your employer or other entity, you represent and warrant that you have full legal authority to bind your employer or such entity to the License Agreement. If you do not have the requisite authority, you may not accept the License Agreement or use the SDK on behalf of your employer or other entity.
android	Run android-actions/setup-android@9fc6c4e9069bf8d3d10b2204b1fb8f6ef7065407	2026-10-10T02:28:19.6819044Z 
android	Run android-actions/setup-android@9fc6c4e9069bf8d3d10b2204b1fb8f6ef7065407	2026-10-10T02:28:19.6819145Z 3. SDK License from Google
android	Run android-actions/setup-android@9fc6c4e9069bf8d3d10b2204b1fb8f6ef7065407	2026-10-10T02:28:19.6819299Z 
android	Run android-actions/setup-android@9fc6c4e9069bf8d3d10b2204b1fb8f6ef7065407	2026-10-10T02:28:19.6820235Z 3.1 Subject to the terms of the License Agreement, Google grants you a limited, worldwide, royalty-free, non-assignable, non-exclusive, and non-sublicensable license to use the SDK solely to develop applications for Android XR.
android	Run android-actions/setup-android@9fc6c4e9069bf8d3d10b2204b1fb8f6ef7065407	2026-10-10T02:28:19.6821099Z 
android	Run android-actions/setup-android@9fc6c4e9069bf8d3d10b2204b1fb8f6ef7065407	2026-10-10T02:28:19.6821770Z 3.2 You may not use this SDK to develop applications for other platforms or to develop another SDK. You are of course free to develop applications for other platforms provided that this SDK is not used for that purpose.
android	Run android-actions/setup-android@9fc6c4e9069bf8d3d10b2204b1fb8f6ef7065407	2026-10-10T02:28:19.6822536Z 
android	Run android-actions/setup-android@9fc6c4e9069bf8d3d10b2204b1fb8f6ef7065407	2026-10-10T02:28:19.6823784Z 3.3 You agree that Google or third parties own all legal right, title and interest in and to the SDK, including any Intellectual Property Rights that subsist in the SDK. "Intellectual Property Rights" means any and all rights under patent law, copyright law, trade secret law, trademark law, and any and all other proprietary rights. Google reserves all rights not expressly granted to you.
android	Run android-actions/setup-android@9fc6c4e9069bf8d3d10b2204b1fb8f6ef7065407	2026-10-10T02:28:19.6825107Z 
android	Run android-actions/setup-android@9fc6c4e9069bf8d3d10b2204b1fb8f6ef7065407	2026-10-10T02:28:19.6827315Z 3.4 You may not use the SDK for any purpose not expressly permitted by the License Agreement. Except to the extent required by applicable third party licenses, you may not (a) copy (except for backup purposes), modify, adapt, redistribute, decompile, reverse engineer, disassemble, or create derivative works of the SDK or any part of the SDK; or (b) load any part of the SDK onto a mobile handset or any other hardware device except a personal computer, combine any part of the SDK with other software, or distribute any software or device incorporating a part of the SDK.
android	Run android-actions/setup-android@9fc6c4e9069bf8d3d10b2204b1fb8f6ef7065407	2026-10-10T02:28:19.6831315Z 
android	Run android-actions/setup-android@9fc6c4e9069bf8d3d10b2204b1fb8f6ef7065407	2026-10-10T02:28:19.6833530Z 3.5 Use, reproduction and distribution of components of the SDK licensed under an open source software license are governed solely by the terms of that open source software license and not the License Agreement. You agree to remain a licensee in good standing in regard to such open source software licenses under all the rights granted and to refrain from any actions that may terminate, suspend, or breach such rights.
android	Run android-actions/setup-android@9fc6c4e9069bf8d3d10b2204b1fb8f6ef7065407	2026-10-10T02:28:19.6834996Z 
android	Run android-actions/setup-android@9fc6c4e9069bf8d3d10b2204b1fb8f6ef7065407	2026-10-10T02:28:19.6836349Z 3.6 You agree that the form and nature of the SDK that Google provides may change without prior notice to you and that future versions of the SDK may be incompatible with applications developed on previous versions of the SDK. You agree that Google may stop (permanently or temporarily) providing the SDK (or any features within the SDK) to you or to users generally at Google's sole discretion, without prior notice to you.
android	Run android-actions/setup-android@9fc6c4e9069bf8d3d10b2204b1fb8f6ef7065407	2026-10-10T02:28:19.6837954Z 
android	Run android-actions/setup-android@9fc6c4e9069bf8d3d10b2204b1fb8f6ef7065407	2026-10-10T02:28:19.6838478Z 3.7 Nothing in the License Agreement gives you a right to use any of Google's trade names, trademarks, service marks, logos, domain names, or other distinctive brand features.
android	Run android-actions/setup-android@9fc6c4e9069bf8d3d10b2204b1fb8f6ef7065407	2026-10-10T02:28:19.6839106Z 
android	Run android-actions/setup-android@9fc6c4e9069bf8d3d10b2204b1fb8f6ef7065407	2026-10-10T02:28:19.6839671Z 3.8 You agree that you will not remove, obscure, or alter any proprietary rights notices (including copyright and trademark notices) that may be affixed to or contained within the SDK.
android	Run android-actions/setup-android@9fc6c4e9069bf8d3d10b2204b1fb8f6ef7065407	2026-10-10T02:28:19.6840609Z 
android	Run android-actions/setup-android@9fc6c4e9069bf8d3d10b2204b1fb8f6ef7065407	2026-10-10T02:28:19.6840704Z 4. Use of the SDK by You
android	Run android-actions/setup-android@9fc6c4e9069bf8d3d10b2204b1fb8f6ef7065407	2026-10-10T02:28:19.6840859Z 
android	Run android-actions/setup-android@9fc6c4e9069bf8d3d10b2204b1fb8f6ef7065407	2026-10-10T02:28:19.6841689Z 4.1 Google agrees that it obtains no right, title or interest from you (or your licensors) under the License Agreement in or to any software applications that you develop using the SDK, including any intellectual property rights that subsist in those applications.
android	Run android-actions/setup-android@9fc6c4e9069bf8d3d10b2204b1fb8f6ef7065407	2026-10-10T02:28:19.6842623Z 
android	Run android-actions/setup-android@9fc6c4e9069bf8d3d10b2204b1fb8f6ef7065407	2026-10-10T02:28:19.6843741Z 4.2 You agree to use the SDK and write applications only for purposes that are permitted by (a) the License Agreement and (b) any applicable law, regulation or generally accepted practices or guidelines in the relevant jurisdictions (including any laws regarding the export of data or software to and from the United States or other relevant countries).
android	Run android-actions/setup-android@9fc6c4e9069bf8d3d10b2204b1fb8f6ef7065407	2026-10-10T02:28:19.6844949Z 
android	Run android-actions/setup-android@9fc6c4e9069bf8d3d10b2204b1fb8f6ef7065407	2026-10-10T02:28:19.6847479Z 4.3 You agree that if you use the SDK to develop applications for general public users, you will protect the privacy and legal rights of those users. If the users provide you with user names, passwords, or other login information or personal information, you must make the users aware that the information will be available to your application, and you must provide legally adequate privacy notice and protection for those users. If your application stores personal or sensitive information provided by users, it must do so securely. If the user provides your application with Google Account information, your application may only use that information to access the user's Google Account when, and for the limited purposes for which, the user has given you permission to do so.
android	Run android-actions/setup-android@9fc6c4e9069bf8d3d10b2204b1fb8f6ef7065407	2026-10-10T02:28:19.6850285Z 
android	Run android-actions/setup-android@9fc6c4e9069bf8d3d10b2204b1fb8f6ef7065407	2026-10-10T02:28:19.6851418Z 4.4 You agree that you will not engage in any activity with the SDK, including the development or distribution of an application, that interferes with, disrupts, damages, or accesses in an unauthorized manner the servers, networks, or other properties or services of any third party including, but not limited to, Google or any mobile communications carrier.
android	Run android-actions/setup-android@9fc6c4e9069bf8d3d10b2204b1fb8f6ef7065407	2026-10-10T02:28:19.6852633Z 
android	Run android-actions/setup-android@9fc6c4e9069bf8d3d10b2204b1fb8f6ef7065407	2026-10-10T02:28:19.6853708Z 4.5 You agree that you are solely responsible for (and that Google has no responsibility to you or to any third party for) any data, content, or resources that you create, transmit or display through Android and/or applications for Android, and for the consequences of your actions (including any loss or damage which Google may suffer) by doing so.
android	Run android-actions/setup-android@9fc6c4e9069bf8d3d10b2204b1fb8f6ef7065407	2026-10-10T02:28:19.6855074Z 
android	Run android-actions/setup-android@9fc6c4e9069bf8d3d10b2204b1fb8f6ef7065407	2026-10-10T02:28:19.6856320Z 4.6 You agree that you are solely responsible for (and that Google has no responsibility to you or to any third party for) any breach of your obligations under the License Agreement, any applicable third party contract or Terms of Service, or any applicable law or regulation, and for the consequences (including any loss or damage which Google or any third party may suffer) of any such breach.
android	Run android-actions/setup-android@9fc6c4e9069bf8d3d10b2204b1fb8f6ef7065407	2026-10-10T02:28:19.6857646Z 
android	Run android-actions/setup-android@9fc6c4e9069bf8d3d10b2204b1fb8f6ef7065407	2026-10-10T02:28:19.6858571Z 4.7 The SDK is in development, and your testing and feedback are an important part of the development process. By using the SDK, you acknowledge that implementation of some features are still under development and that you should not rely on the SDK having the full functionality of a stable release.
android	Run android-actions/setup-android@9fc6c4e9069bf8d3d10b2204b1fb8f6ef7065407	2026-10-10T02:28:19.6859719Z 
android	Run android-actions/setup-android@9fc6c4e9069bf8d3d10b2204b1fb8f6ef7065407	2026-10-10T02:28:19.6859827Z 5. Your Developer Credentials
android	Run android-actions/setup-android@9fc6c4e9069bf8d3d10b2204b1fb8f6ef7065407	2026-10-10T02:28:19.6860208Z 
android	Run android-actions/setup-android@9fc6c4e9069bf8d3d10b2204b1fb8f6ef7065407	2026-10-10T02:28:19.6861101Z 5.1 You agree that you are responsible for maintaining the confidentiality of any developer credentials that may be issued to you by Google or which you may choose yourself and that you will be solely responsible for all applications that are developed under your developer credentials.
android	Run android-actions/setup-android@9fc6c4e9069bf8d3d10b2204b1fb8f6ef7065407	2026-10-10T02:28:19.6862092Z 
android	Run android-actions/setup-android@9fc6c4e9069bf8d3d10b2204b1fb8f6ef7065407	2026-10-10T02:28:19.6862192Z 6. Privacy and Information
android	Run android-actions/setup-android@9fc6c4e9069bf8d3d10b2204b1fb8f6ef7065407	2026-10-10T02:28:19.6862348Z 
android	Run android-actions/setup-android@9fc6c4e9069bf8d3d10b2204b1fb8f6ef7065407	2026-10-10T02:28:19.6863866Z 6.1 In order to continually innovate and improve the SDK, Google may collect certain usage statistics from the software including but not limited to a unique identifier, associated IP address, version number of the software, and information on which tools and/or services in the SDK are being used and how they are being used. Before any of this information is collected, the SDK will notify you and seek your consent. If you withhold consent, the information will not be collected.
android	Run android-actions/setup-android@9fc6c4e9069bf8d3d10b2204b1fb8f6ef7065407	2026-10-10T02:28:19.6865477Z 
android	Run android-actions/setup-android@9fc6c4e9069bf8d3d10b2204b1fb8f6ef7065407	2026-10-10T02:28:19.6866131Z 6.2 The data collected is examined in the aggregate to improve the SDK and is maintained in accordance with Google's Privacy Policy, which is located at the following URL: https://policies.google.com/privacy
android	Run android-actions/setup-android@9fc6c4e9069bf8d3d10b2204b1fb8f6ef7065407	2026-10-10T02:28:19.6866869Z 
android	Run android-actions/setup-android@9fc6c4e9069bf8d3d10b2204b1fb8f6ef7065407	2026-10-10T02:28:19.6867154Z 6.3 Anonymized and aggregated sets of the data may be shared with Google partners to improve the SDK.
android	Run android-actions/setup-android@9fc6c4e9069bf8d3d10b2204b1fb8f6ef7065407	2026-10-10T02:28:19.6867541Z 
android	Run android-actions/setup-android@9fc6c4e9069bf8d3d10b2204b1fb8f6ef7065407	2026-10-10T02:28:19.6867642Z 7. Third Party Applications
android	Run android-actions/setup-android@9fc6c4e9069bf8d3d10b2204b1fb8f6ef7065407	2026-10-10T02:28:19.6867798Z 
android	Run android-actions/setup-android@9fc6c4e9069bf8d3d10b2204b1fb8f6ef7065407	2026-10-10T02:28:19.6869678Z 7.1 If you use the SDK to run applications developed by a third party or that access data, content or resources provided by a third party, you agree that Google is not responsible for those applications, data, content, or resources. You understand that all data, content or resources which you may access through such third party applications are the sole responsibility of the person from which they originated and that Google is not liable for any loss or damage that you may experience as a result of the use or access of any of those third party applications, data, content, or resources.
android	Run android-actions/setup-android@9fc6c4e9069bf8d3d10b2204b1fb8f6ef7065407	2026-10-10T02:28:19.6871837Z 
android	Run android-actions/setup-android@9fc6c4e9069bf8d3d10b2204b1fb8f6ef7065407	2026-10-10T02:28:19.6873384Z 7.2 You should be aware that the data, content, and resources presented to you through such a third party application may be protected by intellectual property rights which are owned by the providers (or by other persons or companies on their behalf). You may not modify, rent, lease, loan, sell, distribute or create derivative works based on these data, content, or resources (either in whole or in part) unless you have been specifically given permission to do so by the relevant owners.
android	Run android-actions/setup-android@9fc6c4e9069bf8d3d10b2204b1fb8f6ef7065407	2026-10-10T02:28:19.6875019Z 
android	Run android-actions/setup-android@9fc6c4e9069bf8d3d10b2204b1fb8f6ef7065407	2026-10-10T02:28:19.6875872Z 7.3 You acknowledge that your use of such third party applications, data, content, or resources may be subject to separate terms between you and the relevant third party. In that case, the License Agreement does not affect your legal relationship with these third parties.
android	Run android-actions/setup-android@9fc6c4e9069bf8d3d10b2204b1fb8f6ef7065407	2026-10-10T02:28:19.6876951Z 
android	Run android-actions/setup-android@9fc6c4e9069bf8d3d10b2204b1fb8f6ef7065407	2026-10-10T02:28:19.6877045Z 8. Using Android APIs
android	Run android-actions/setup-android@9fc6c4e9069bf8d3d10b2204b1fb8f6ef7065407	2026-10-10T02:28:19.6877190Z 
android	Run android-actions/setup-android@9fc6c4e9069bf8d3d10b2204b1fb8f6ef7065407	2026-10-10T02:28:19.6877275Z 8.1 Google Data APIs
android	Run android-actions/setup-android@9fc6c4e9069bf8d3d10b2204b1fb8f6ef7065407	2026-10-10T02:28:19.6877410Z 
android	Run android-actions/setup-android@9fc6c4e9069bf8d3d10b2204b1fb8f6ef7065407	2026-10-10T02:28:19.6879019Z 8.1.1 If you use any API to retrieve data from Google, you acknowledge that the data may be protected by intellectual property rights which are owned by Google or those parties that provide the data (or by other persons or companies on their behalf). Your use of any such API may be subject to additional Terms of Service. You may not modify, rent, lease, loan, sell, distribute or create derivative works based on this data (either in whole or in part) unless allowed by the relevant Terms of Service.
android	Run android-actions/setup-android@9fc6c4e9069bf8d3d10b2204b1fb8f6ef7065407	2026-10-10T02:28:19.6880905Z 
android	Run android-actions/setup-android@9fc6c4e9069bf8d3d10b2204b1fb8f6ef7065407	2026-10-10T02:28:19.6883655Z 8.1.2 If you use any API to retrieve a user's data from Google, you acknowledge and agree that you shall retrieve data only with the user's explicit consent and only when, and for the limited purposes for which, the user has given you permission to do so. If you use the Android Recognition Service API, documented at the following URL: https://developer.android.com/reference/android/speech/RecognitionService, as updated from time to time, you acknowledge that the use of the API is subject to the Data Processing Addendum for Products where Google is a Data Processor, which is located at the following URL: https://privacy.google.com/businesses/gdprprocessorterms/, as updated from time to time. By clicking to accept, you hereby agree to the terms of the Data Processing Addendum for Products where Google is a Data Processor.
android	Run android-actions/setup-android@9fc6c4e9069bf8d3d10b2204b1fb8f6ef7065407	2026-10-10T02:28:19.6886661Z 
android	Run android-actions/setup-android@9fc6c4e9069bf8d3d10b2204b1fb8f6ef7065407	2026-10-10T02:28:19.6886774Z 9. Terminating this License Agreement
android	Run android-actions/setup-android@9fc6c4e9069bf8d3d10b2204b1fb8f6ef7065407	2026-10-10T02:28:19.6886966Z 
android	Run android-actions/setup-android@9fc6c4e9069bf8d3d10b2204b1fb8f6ef7065407	2026-10-10T02:28:19.6887281Z 9.1 The License Agreement will continue to apply until terminated by either you or Google as set out below.
android	Run android-actions/setup-android@9fc6c4e9069bf8d3d10b2204b1fb8f6ef7065407	2026-10-10T02:28:19.6887687Z 
android	Run android-actions/setup-android@9fc6c4e9069bf8d3d10b2204b1fb8f6ef7065407	2026-10-10T02:28:19.6888125Z 9.2 If you want to terminate the License Agreement, you may do so by ceasing your use of the SDK and any relevant developer credentials.
android	Run android-actions/setup-android@9fc6c4e9069bf8d3d10b2204b1fb8f6ef7065407	2026-10-10T02:28:19.6888941Z 
android	Run android-actions/setup-android@9fc6c4e9069bf8d3d10b2204b1fb8f6ef7065407	2026-10-10T02:28:19.6892776Z 9.3 Google may at any time, terminate the License Agreement with you if: (A) you have breached any provision of the License Agreement; or (B) Google is required to do so by law; or (C) the partner with whom Google offered certain parts of SDK (such as APIs) to you has terminated its relationship with Google or ceased to offer certain parts of the SDK to you; or (D) Google decides to no longer provide the SDK or certain parts of the SDK to users in the country in which you are resident or from which you use the service, or the provision of the SDK or certain SDK services to you by Google is, in Google's sole discretion, no longer commercially viable.
android	Run android-actions/setup-android@9fc6c4e9069bf8d3d10b2204b1fb8f6ef7065407	2026-10-10T02:28:19.6896217Z 
android	Run android-actions/setup-android@9fc6c4e9069bf8d3d10b2204b1fb8f6ef7065407	2026-10-10T02:28:19.6898832Z 9.4 When the License Agreement comes to an end, all of the legal rights, obligations and liabilities that you and Google have benefited from, been subject to (or which have accrued over time whilst the License Agreement has been in force) or which are expressed to continue indefinitely, shall be unaffected by this cessation, and the provisions of paragraph 14.7 shall continue to apply to such rights, obligations and liabilities indefinitely.
android	Run android-actions/setup-android@9fc6c4e9069bf8d3d10b2204b1fb8f6ef7065407	2026-10-10T02:28:19.6902199Z 
android	Run android-actions/setup-android@9fc6c4e9069bf8d3d10b2204b1fb8f6ef7065407	2026-10-10T02:28:19.6902395Z 10. DISCLAIMER OF WARRANTIES
android	Run android-actions/setup-android@9fc6c4e9069bf8d3d10b2204b1fb8f6ef7065407	2026-10-10T02:28:19.6902690Z 
android	Run android-actions/setup-android@9fc6c4e9069bf8d3d10b2204b1fb8f6ef7065407	2026-10-10T02:28:19.6903652Z 10.1 YOU EXPRESSLY UNDERSTAND AND AGREE THAT YOUR USE OF THE SDK IS AT YOUR SOLE RISK AND THAT THE SDK IS PROVIDED "AS IS" AND "AS AVAILABLE" WITHOUT WARRANTY OF ANY KIND FROM GOOGLE.
android	Run android-actions/setup-android@9fc6c4e9069bf8d3d10b2204b1fb8f6ef7065407	2026-10-10T02:28:19.6904812Z 
android	Run android-actions/setup-android@9fc6c4e9069bf8d3d10b2204b1fb8f6ef7065407	2026-10-10T02:28:19.6906303Z 10.2 YOUR USE OF THE SDK AND ANY MATERIAL DOWNLOADED OR OTHERWISE OBTAINED THROUGH THE USE OF THE SDK IS AT YOUR OWN DISCRETION AND RISK AND YOU ARE SOLELY RESPONSIBLE FOR ANY DAMAGE TO YOUR COMPUTER SYSTEM OR OTHER DEVICE OR LOSS OF DATA THAT RESULTS FROM SUCH USE.
android	Run android-actions/setup-android@9fc6c4e9069bf8d3d10b2204b1fb8f6ef7065407	2026-10-10T02:28:19.6907876Z 
android	Run android-actions/setup-android@9fc6c4e9069bf8d3d10b2204b1fb8f6ef7065407	2026-10-10T02:28:19.6909358Z 10.3 GOOGLE FURTHER EXPRESSLY DISCLAIMS ALL WARRANTIES AND CONDITIONS OF ANY KIND, WHETHER EXPRESS OR IMPLIED, INCLUDING, BUT NOT LIMITED TO THE IMPLIED WARRANTIES AND CONDITIONS OF MERCHANTABILITY, FITNESS FOR A PARTICULAR PURPOSE AND NON-INFRINGEMENT.
android	Run android-actions/setup-android@9fc6c4e9069bf8d3d10b2204b1fb8f6ef7065407	2026-10-10T02:28:19.6911492Z 
android	Run android-actions/setup-android@9fc6c4e9069bf8d3d10b2204b1fb8f6ef7065407	2026-10-10T02:28:19.6911665Z 11. LIMITATION OF LIABILITY
android	Run android-actions/setup-android@9fc6c4e9069bf8d3d10b2204b1fb8f6ef7065407	2026-10-10T02:28:19.6911931Z 
android	Run android-actions/setup-android@9fc6c4e9069bf8d3d10b2204b1fb8f6ef7065407	2026-10-10T02:28:19.6914476Z 11.1 YOU EXPRESSLY UNDERSTAND AND AGREE THAT GOOGLE, ITS SUBSIDIARIES AND AFFILIATES, AND ITS LICENSORS SHALL NOT BE LIABLE TO YOU UNDER ANY THEORY OF LIABILITY FOR ANY DIRECT, INDIRECT, INCIDENTAL, SPECIAL, CONSEQUENTIAL OR EXEMPLARY DAMAGES THAT MAY BE INCURRED BY YOU, INCLUDING ANY LOSS OF DATA, WHETHER OR NOT GOOGLE OR ITS REPRESENTATIVES HAVE BEEN ADVISED OF OR SHOULD HAVE BEEN AWARE OF THE POSSIBILITY OF ANY SUCH LOSSES ARISING.
android	Run android-actions/setup-android@9fc6c4e9069bf8d3d10b2204b1fb8f6ef7065407	2026-10-10T02:28:19.6917211Z 
android	Run android-actions/setup-android@9fc6c4e9069bf8d3d10b2204b1fb8f6ef7065407	2026-10-10T02:28:19.6917352Z 12. Indemnification
android	Run android-actions/setup-android@9fc6c4e9069bf8d3d10b2204b1fb8f6ef7065407	2026-10-10T02:28:19.6917589Z 
android	Run android-actions/setup-android@9fc6c4e9069bf8d3d10b2204b1fb8f6ef7065407	2026-10-10T02:28:19.6921653Z 12.1 To the maximum extent permitted by law, you agree to defend, indemnify and hold harmless Google, its affiliates and their respective directors, officers, employees and agents from and against any and all claims, actions, suits or proceedings, as well as any and all losses, liabilities, damages, costs and expenses (including reasonable attorneys fees) arising out of or accruing from (a) your use of the SDK, (b) any application you develop on the SDK that infringes any copyright, trademark, trade secret, trade dress, patent or other intellectual property right of any person or defames any person or violates their rights of publicity or privacy, and (c) any non-compliance by you with the License Agreement.
android	Run android-actions/setup-android@9fc6c4e9069bf8d3d10b2204b1fb8f6ef7065407	2026-10-10T02:28:19.6924281Z 
android	Run android-actions/setup-android@9fc6c4e9069bf8d3d10b2204b1fb8f6ef7065407	2026-10-10T02:28:19.6924396Z 13. Changes to the License Agreement
android	Run android-actions/setup-android@9fc6c4e9069bf8d3d10b2204b1fb8f6ef7065407	2026-10-10T02:28:19.6924584Z 
android	Run android-actions/setup-android@9fc6c4e9069bf8d3d10b2204b1fb8f6ef7065407	2026-10-10T02:28:19.6925316Z 13.1 Google may make changes to the License Agreement as it distributes new versions of the SDK. When these changes are made, Google will make a new version of the License Agreement available on the website where the SDK is made available.
android	Run android-actions/setup-android@9fc6c4e9069bf8d3d10b2204b1fb8f6ef7065407	2026-10-10T02:28:19.6926143Z 
android	Run android-actions/setup-android@9fc6c4e9069bf8d3d10b2204b1fb8f6ef7065407	2026-10-10T02:28:19.6926240Z 14. General Legal Terms
android	Run android-actions/setup-android@9fc6c4e9069bf8d3d10b2204b1fb8f6ef7065407	2026-10-10T02:28:19.6926384Z 
android	Run android-actions/setup-android@9fc6c4e9069bf8d3d10b2204b1fb8f6ef7065407	2026-10-10T02:28:19.6927356Z 14.1 The License Agreement constitutes the whole legal agreement between you and Google and governs your use of the SDK (excluding any services which Google may provide to you under a separate written agreement), and completely replaces any prior agreements between you and Google in relation to the SDK.
android	Run android-actions/setup-android@9fc6c4e9069bf8d3d10b2204b1fb8f6ef7065407	2026-10-10T02:28:19.6928418Z 
android	Run android-actions/setup-android@9fc6c4e9069bf8d3d10b2204b1fb8f6ef7065407	2026-10-10T02:28:19.6929430Z 14.2 You agree that if Google does not exercise or enforce any legal right or remedy which is contained in the License Agreement (or which Google has the benefit of under any applicable law), this will not be taken to be a formal waiver of Google's rights and that those rights or remedies will still be available to Google.
android	Run android-actions/setup-android@9fc6c4e9069bf8d3d10b2204b1fb8f6ef7065407	2026-10-10T02:28:19.6930783Z 
android	Run android-actions/setup-android@9fc6c4e9069bf8d3d10b2204b1fb8f6ef7065407	2026-10-10T02:28:19.6931868Z 14.3 If any court of law, having the jurisdiction to decide on this matter, rules that any provision of the License Agreement is invalid, then that provision will be removed from the License Agreement without affecting the rest of the License Agreement. The remaining provisions of the License Agreement will continue to be valid and enforceable.
android	Run android-actions/setup-android@9fc6c4e9069bf8d3d10b2204b1fb8f6ef7065407	2026-10-10T02:28:19.6933057Z 
android	Run android-actions/setup-android@9fc6c4e9069bf8d3d10b2204b1fb8f6ef7065407	2026-10-10T02:28:19.6935002Z 14.4 You acknowledge and agree that each member of the group of companies of which Google is the parent shall be third party beneficiaries to the License Agreement and that such other companies shall be entitled to directly enforce, and rely upon, any provision of the License Agreement that confers a benefit on (or rights in favor of) them. Other than this, no other person or company shall be third party beneficiaries to the License Agreement.
android	Run android-actions/setup-android@9fc6c4e9069bf8d3d10b2204b1fb8f6ef7065407	2026-10-10T02:28:19.6937867Z 
android	Run android-actions/setup-android@9fc6c4e9069bf8d3d10b2204b1fb8f6ef7065407	2026-10-10T02:28:19.6939437Z 14.5 EXPORT RESTRICTIONS. THE SDK IS SUBJECT TO UNITED STATES EXPORT LAWS AND REGULATIONS. YOU MUST COMPLY WITH ALL DOMESTIC AND INTERNATIONAL EXPORT LAWS AND REGULATIONS THAT APPLY TO THE SDK. THESE LAWS INCLUDE RESTRICTIONS ON DESTINATIONS, END USERS AND END USE.
android	Run android-actions/setup-android@9fc6c4e9069bf8d3d10b2204b1fb8f6ef7065407	2026-10-10T02:28:19.6940874Z 
android	Run android-actions/setup-android@9fc6c4e9069bf8d3d10b2204b1fb8f6ef7065407	2026-10-10T02:28:19.6941982Z 14.6 The rights granted in the License Agreement may not be assigned or transferred by either you or Google without the prior written approval of the other party. Neither you nor Google shall be permitted to delegate their responsibilities or obligations under the License Agreement without the prior written approval of the other party.
android	Run android-actions/setup-android@9fc6c4e9069bf8d3d10b2204b1fb8f6ef7065407	2026-10-10T02:28:19.6943161Z 
android	Run android-actions/setup-android@9fc6c4e9069bf8d3d10b2204b1fb8f6ef7065407	2026-10-10T02:28:19.6944954Z 14.7 The License Agreement, and your relationship with Google under the License Agreement, shall be governed by the laws of the State of California without regard to its conflict of laws provisions. You and Google agree to submit to the exclusive jurisdiction of the courts located within the county of Santa Clara, California to resolve any legal matter arising from the License Agreement. Notwithstanding this, you agree that Google shall still be allowed to apply for injunctive remedies (or an equivalent type of urgent legal relief) in any jurisdiction.
android	Run android-actions/setup-android@9fc6c4e9069bf8d3d10b2204b1fb8f6ef7065407	2026-10-10T02:28:19.6947058Z ---------------------------------------
android	Run android-actions/setup-android@9fc6c4e9069bf8d3d10b2204b1fb8f6ef7065407	2026-10-10T02:28:19.6947345Z Accept? (y/N): 
android	Run android-actions/setup-android@9fc6c4e9069bf8d3d10b2204b1fb8f6ef7065407	2026-10-10T02:28:19.6947590Z 3/7: License android-sdk-arm-dbt-license:
android	Run android-actions/setup-android@9fc6c4e9069bf8d3d10b2204b1fb8f6ef7065407	2026-10-10T02:28:19.6947887Z ---------------------------------------
android	Run android-actions/setup-android@9fc6c4e9069bf8d3d10b2204b1fb8f6ef7065407	2026-10-10T02:28:19.6948154Z Terms and Conditions
android	Run android-actions/setup-android@9fc6c4e9069bf8d3d10b2204b1fb8f6ef7065407	2026-10-10T02:28:19.6948295Z 
android	Run android-actions/setup-android@9fc6c4e9069bf8d3d10b2204b1fb8f6ef7065407	2026-10-10T02:28:19.6948464Z This is the Android Software Development Kit License Agreement
android	Run android-actions/setup-android@9fc6c4e9069bf8d3d10b2204b1fb8f6ef7065407	2026-10-10T02:28:19.6948720Z 
android	Run android-actions/setup-android@9fc6c4e9069bf8d3d10b2204b1fb8f6ef7065407	2026-10-10T02:28:19.6948810Z 1. Introduction
android	Run android-actions/setup-android@9fc6c4e9069bf8d3d10b2204b1fb8f6ef7065407	2026-10-10T02:28:19.6948936Z 
android	Run android-actions/setup-android@9fc6c4e9069bf8d3d10b2204b1fb8f6ef7065407	2026-10-10T02:28:19.6950300Z 1.1 The Android Software Development Kit (referred to in the License Agreement as the "SDK" and specifically including the Android system files, packaged APIs, and Google APIs add-ons) is licensed to you subject to the terms of the License Agreement. The License Agreement forms a legally binding contract between you and Google in relation to your use of the SDK.
android	Run android-actions/setup-android@9fc6c4e9069bf8d3d10b2204b1fb8f6ef7065407	2026-10-10T02:28:19.6951549Z 
android	Run android-actions/setup-android@9fc6c4e9069bf8d3d10b2204b1fb8f6ef7065407	2026-10-10T02:28:19.6952222Z 1.2 "Android" means the Android software stack for devices, as made available under the Android Open Source Project, which is located at the following URL: http://source.android.com/, as updated from time to time.
android	Run android-actions/setup-android@9fc6c4e9069bf8d3d10b2204b1fb8f6ef7065407	2026-10-10T02:28:19.6952982Z 
android	Run android-actions/setup-android@9fc6c4e9069bf8d3d10b2204b1fb8f6ef7065407	2026-10-10T02:28:19.6954096Z 1.3 A "compatible implementation" means any Android device that (i) complies with the Android Compatibility Definition document, which can be found at the Android compatibility website (http://source.android.com/compatibility) and which may be updated from time to time; and (ii) successfully passes the Android Compatibility Test Suite (CTS).
android	Run android-actions/setup-android@9fc6c4e9069bf8d3d10b2204b1fb8f6ef7065407	2026-10-10T02:28:19.6955281Z 
android	Run android-actions/setup-android@9fc6c4e9069bf8d3d10b2204b1fb8f6ef7065407	2026-10-10T02:28:19.6955758Z 1.4 "Google" means Google Inc., a Delaware corporation with principal place of business at 1600 Amphitheatre Parkway, Mountain View, CA 94043, United States.
android	Run android-actions/setup-android@9fc6c4e9069bf8d3d10b2204b1fb8f6ef7065407	2026-10-10T02:28:19.6956326Z 
android	Run android-actions/setup-android@9fc6c4e9069bf8d3d10b2204b1fb8f6ef7065407	2026-10-10T02:28:19.6956332Z 
android	Run android-actions/setup-android@9fc6c4e9069bf8d3d10b2204b1fb8f6ef7065407	2026-10-10T02:28:19.6956438Z 2. Accepting the License Agreement
android	Run android-actions/setup-android@9fc6c4e9069bf8d3d10b2204b1fb8f6ef7065407	2026-10-10T02:28:19.6956613Z 
android	Run android-actions/setup-android@9fc6c4e9069bf8d3d10b2204b1fb8f6ef7065407	2026-10-10T02:28:19.6957019Z 2.1 In order to use the SDK, you must first agree to the License Agreement. You may not use the SDK if you do not accept the License Agreement.
android	Run android-actions/setup-android@9fc6c4e9069bf8d3d10b2204b1fb8f6ef7065407	2026-10-10T02:28:19.6957527Z 
android	Run android-actions/setup-android@9fc6c4e9069bf8d3d10b2204b1fb8f6ef7065407	2026-10-10T02:28:19.6957744Z 2.2 By clicking to accept, you hereby agree to the terms of the License Agreement.
android	Run android-actions/setup-android@9fc6c4e9069bf8d3d10b2204b1fb8f6ef7065407	2026-10-10T02:28:19.6958061Z 
android	Run android-actions/setup-android@9fc6c4e9069bf8d3d10b2204b1fb8f6ef7065407	2026-10-10T02:28:19.6958822Z 2.3 You may not use the SDK and may not accept the License Agreement if you are a person barred from receiving the SDK under the laws of the United States or other countries, including the country in which you are resident or from which you use the SDK.
android	Run android-actions/setup-android@9fc6c4e9069bf8d3d10b2204b1fb8f6ef7065407	2026-10-10T02:28:19.6959686Z 
android	Run android-actions/setup-android@9fc6c4e9069bf8d3d10b2204b1fb8f6ef7065407	2026-10-10T02:28:19.6961097Z 2.4 If you are agreeing to be bound by the License Agreement on behalf of your employer or other entity, you represent and warrant that you have full legal authority to bind your employer or such entity to the License Agreement. If you do not have the requisite authority, you may not accept the License Agreement or use the SDK on behalf of your employer or other entity.
android	Run android-actions/setup-android@9fc6c4e9069bf8d3d10b2204b1fb8f6ef7065407	2026-10-10T02:28:19.6962484Z 
android	Run android-actions/setup-android@9fc6c4e9069bf8d3d10b2204b1fb8f6ef7065407	2026-10-10T02:28:19.6962490Z 
android	Run android-actions/setup-android@9fc6c4e9069bf8d3d10b2204b1fb8f6ef7065407	2026-10-10T02:28:19.6962590Z 3. SDK License from Google
android	Run android-actions/setup-android@9fc6c4e9069bf8d3d10b2204b1fb8f6ef7065407	2026-10-10T02:28:19.6962743Z 
android	Run android-actions/setup-android@9fc6c4e9069bf8d3d10b2204b1fb8f6ef7065407	2026-10-10T02:28:19.6963549Z 3.1 Subject to the terms of the License Agreement, Google grants you a limited, worldwide, royalty-free, non-assignable, non-exclusive, and non-sublicensable license to use the SDK solely to develop applications for compatible implementations of Android.
android	Run android-actions/setup-android@9fc6c4e9069bf8d3d10b2204b1fb8f6ef7065407	2026-10-10T02:28:19.6964447Z 
android	Run android-actions/setup-android@9fc6c4e9069bf8d3d10b2204b1fb8f6ef7065407	2026-10-10T02:28:19.6965504Z 3.2 You may not use this SDK to develop applications for other platforms (including non-compatible implementations of Android) or to develop another SDK. You are of course free to develop applications for other platforms, including non-compatible implementations of Android, provided that this SDK is not used for that purpose.
android	Run android-actions/setup-android@9fc6c4e9069bf8d3d10b2204b1fb8f6ef7065407	2026-10-10T02:28:19.6966650Z 
android	Run android-actions/setup-android@9fc6c4e9069bf8d3d10b2204b1fb8f6ef7065407	2026-10-10T02:28:19.6967885Z 3.3 You agree that Google or third parties own all legal right, title and interest in and to the SDK, including any Intellectual Property Rights that subsist in the SDK. "Intellectual Property Rights" means any and all rights under patent law, copyright law, trade secret law, trademark law, and any and all other proprietary rights. Google reserves all rights not expressly granted to you.
android	Run android-actions/setup-android@9fc6c4e9069bf8d3d10b2204b1fb8f6ef7065407	2026-10-10T02:28:19.6969331Z 
android	Run android-actions/setup-android@9fc6c4e9069bf8d3d10b2204b1fb8f6ef7065407	2026-10-10T02:28:19.6970686Z 3.4 You may not use the SDK for any purpose not expressly permitted by the License Agreement. Except to the extent required by applicable third party licenses, you may not copy (except for backup purposes), modify, adapt, redistribute, decompile, reverse engineer, disassemble, or create derivative works of the SDK or any part of the SDK.
android	Run android-actions/setup-android@9fc6c4e9069bf8d3d10b2204b1fb8f6ef7065407	2026-10-10T02:28:19.6971860Z 
android	Run android-actions/setup-android@9fc6c4e9069bf8d3d10b2204b1fb8f6ef7065407	2026-10-10T02:28:19.6972505Z 3.5 Use, reproduction and distribution of components of the SDK licensed under an open source software license are governed solely by the terms of that open source software license and not the License Agreement.
android	Run android-actions/setup-android@9fc6c4e9069bf8d3d10b2204b1fb8f6ef7065407	2026-10-10T02:28:19.6973244Z 
android	Run android-actions/setup-android@9fc6c4e9069bf8d3d10b2204b1fb8f6ef7065407	2026-10-10T02:28:19.6974563Z 3.6 You agree that the form and nature of the SDK that Google provides may change without prior notice to you and that future versions of the SDK may be incompatible with applications developed on previous versions of the SDK. You agree that Google may stop (permanently or temporarily) providing the SDK (or any features within the SDK) to you or to users generally at Google's sole discretion, without prior notice to you.
android	Run android-actions/setup-android@9fc6c4e9069bf8d3d10b2204b1fb8f6ef7065407	2026-10-10T02:28:19.6975977Z 
android	Run android-actions/setup-android@9fc6c4e9069bf8d3d10b2204b1fb8f6ef7065407	2026-10-10T02:28:19.6976497Z 3.7 Nothing in the License Agreement gives you a right to use any of Google's trade names, trademarks, service marks, logos, domain names, or other distinctive brand features.
android	Run android-actions/setup-android@9fc6c4e9069bf8d3d10b2204b1fb8f6ef7065407	2026-10-10T02:28:19.6977104Z 
android	Run android-actions/setup-android@9fc6c4e9069bf8d3d10b2204b1fb8f6ef7065407	2026-10-10T02:28:19.6977676Z 3.8 You agree that you will not remove, obscure, or alter any proprietary rights notices (including copyright and trademark notices) that may be affixed to or contained within the SDK.
android	Run android-actions/setup-android@9fc6c4e9069bf8d3d10b2204b1fb8f6ef7065407	2026-10-10T02:28:19.6978340Z 
android	Run android-actions/setup-android@9fc6c4e9069bf8d3d10b2204b1fb8f6ef7065407	2026-10-10T02:28:19.6978344Z 
android	Run android-actions/setup-android@9fc6c4e9069bf8d3d10b2204b1fb8f6ef7065407	2026-10-10T02:28:19.6978439Z 4. Use of the SDK by You
android	Run android-actions/setup-android@9fc6c4e9069bf8d3d10b2204b1fb8f6ef7065407	2026-10-10T02:28:19.6978586Z 
android	Run android-actions/setup-android@9fc6c4e9069bf8d3d10b2204b1fb8f6ef7065407	2026-10-10T02:28:19.6979413Z 4.1 Google agrees that it obtains no right, title or interest from you (or your licensors) under the License Agreement in or to any software applications that you develop using the SDK, including any intellectual property rights that subsist in those applications.
android	Run android-actions/setup-android@9fc6c4e9069bf8d3d10b2204b1fb8f6ef7065407	2026-10-10T02:28:19.6980559Z 
android	Run android-actions/setup-android@9fc6c4e9069bf8d3d10b2204b1fb8f6ef7065407	2026-10-10T02:28:19.6981684Z 4.2 You agree to use the SDK and write applications only for purposes that are permitted by (a) the License Agreement and (b) any applicable law, regulation or generally accepted practices or guidelines in the relevant jurisdictions (including any laws regarding the export of data or software to and from the United States or other relevant countries).
android	Run android-actions/setup-android@9fc6c4e9069bf8d3d10b2204b1fb8f6ef7065407	2026-10-10T02:28:19.6982900Z 
android	Run android-actions/setup-android@9fc6c4e9069bf8d3d10b2204b1fb8f6ef7065407	2026-10-10T02:28:19.6985424Z 4.3 You agree that if you use the SDK to develop applications for general public users, you will protect the privacy and legal rights of those users. If the users provide you with user names, passwords, or other login information or personal information, you must make the users aware that the information will be available to your application, and you must provide legally adequate privacy notice and protection for those users. If your application stores personal or sensitive information provided by users, it must do so securely. If the user provides your application with Google Account information, your application may only use that information to access the user's Google Account when, and for the limited purposes for which, the user has given you permission to do so.
android	Run android-actions/setup-android@9fc6c4e9069bf8d3d10b2204b1fb8f6ef7065407	2026-10-10T02:28:19.6989000Z 
android	Run android-actions/setup-android@9fc6c4e9069bf8d3d10b2204b1fb8f6ef7065407	2026-10-10T02:28:19.6990407Z 4.4 You agree that you will not engage in any activity with the SDK, including the development or distribution of an application, that interferes with, disrupts, damages, or accesses in an unauthorized manner the servers, networks, or other properties or services of any third party including, but not limited to, Google or any mobile communications carrier.
android	Run android-actions/setup-android@9fc6c4e9069bf8d3d10b2204b1fb8f6ef7065407	2026-10-10T02:28:19.6991647Z 
android	Run android-actions/setup-android@9fc6c4e9069bf8d3d10b2204b1fb8f6ef7065407	2026-10-10T02:28:19.6992735Z 4.5 You agree that you are solely responsible for (and that Google has no responsibility to you or to any third party for) any data, content, or resources that you create, transmit or display through Android and/or applications for Android, and for the consequences of your actions (including any loss or damage which Google may suffer) by doing so.
android	Run android-actions/setup-android@9fc6c4e9069bf8d3d10b2204b1fb8f6ef7065407	2026-10-10T02:28:19.6994072Z 
android	Run android-actions/setup-android@9fc6c4e9069bf8d3d10b2204b1fb8f6ef7065407	2026-10-10T02:28:19.6995344Z 4.6 You agree that you are solely responsible for (and that Google has no responsibility to you or to any third party for) any breach of your obligations under the License Agreement, any applicable third party contract or Terms of Service, or any applicable law or regulation, and for the consequences (including any loss or damage which Google or any third party may suffer) of any such breach.
android	Run android-actions/setup-android@9fc6c4e9069bf8d3d10b2204b1fb8f6ef7065407	2026-10-10T02:28:19.6996678Z 
android	Run android-actions/setup-android@9fc6c4e9069bf8d3d10b2204b1fb8f6ef7065407	2026-10-10T02:28:19.6998196Z 4.7 This software enables the execution of intellectual property owned by Arm Limited. You agree that your use of the software, that allows execution of ARM Instruction Set Architecture (“ISA”) compliant executables for application development and debug only on x86 desktop, laptop, customer on-premise servers, and customer-procured cloud-based environments.
android	Run android-actions/setup-android@9fc6c4e9069bf8d3d10b2204b1fb8f6ef7065407	2026-10-10T02:28:19.6999482Z 
android	Run android-actions/setup-android@9fc6c4e9069bf8d3d10b2204b1fb8f6ef7065407	2026-10-10T02:28:19.6999785Z 5. Your Developer Credentials
android	Run android-actions/setup-android@9fc6c4e9069bf8d3d10b2204b1fb8f6ef7065407	2026-10-10T02:28:19.7028037Z 
android	Run android-actions/setup-android@9fc6c4e9069bf8d3d10b2204b1fb8f6ef7065407	2026-10-10T02:28:19.7029790Z 5.1 You agree that you are responsible for maintaining the confidentiality of any developer credentials that may be issued to you by Google or which you may choose yourself and that you will be solely responsible for all applications that are developed under your developer credentials.
android	Run android-actions/setup-android@9fc6c4e9069bf8d3d10b2204b1fb8f6ef7065407	2026-10-10T02:28:19.7031982Z 
android	Run android-actions/setup-android@9fc6c4e9069bf8d3d10b2204b1fb8f6ef7065407	2026-10-10T02:28:19.7032185Z 6. Privacy and Information
android	Run android-actions/setup-android@9fc6c4e9069bf8d3d10b2204b1fb8f6ef7065407	2026-10-10T02:28:19.7032486Z 
android	Run android-actions/setup-android@9fc6c4e9069bf8d3d10b2204b1fb8f6ef7065407	2026-10-10T02:28:19.7035126Z 6.1 In order to continually innovate and improve the SDK, Google may collect certain usage statistics from the software including but not limited to a unique identifier, associated IP address, version number of the software, and information on which tools and/or services in the SDK are being used and how they are being used. Before any of this information is collected, the SDK will notify you and seek your consent. If you withhold consent, the information will not be collected.
android	Run android-actions/setup-android@9fc6c4e9069bf8d3d10b2204b1fb8f6ef7065407	2026-10-10T02:28:19.7036812Z 
android	Run android-actions/setup-android@9fc6c4e9069bf8d3d10b2204b1fb8f6ef7065407	2026-10-10T02:28:19.7037322Z 6.2 The data collected is examined in the aggregate to improve the SDK and is maintained in accordance with Google's Privacy Policy.
android	Run android-actions/setup-android@9fc6c4e9069bf8d3d10b2204b1fb8f6ef7065407	2026-10-10T02:28:19.7038164Z 
android	Run android-actions/setup-android@9fc6c4e9069bf8d3d10b2204b1fb8f6ef7065407	2026-10-10T02:28:19.7038176Z 
android	Run android-actions/setup-android@9fc6c4e9069bf8d3d10b2204b1fb8f6ef7065407	2026-10-10T02:28:19.7038352Z 7. Third Party Applications
android	Run android-actions/setup-android@9fc6c4e9069bf8d3d10b2204b1fb8f6ef7065407	2026-10-10T02:28:19.7038642Z 
android	Run android-actions/setup-android@9fc6c4e9069bf8d3d10b2204b1fb8f6ef7065407	2026-10-10T02:28:19.7041586Z 7.1 If you use the SDK to run applications developed by a third party or that access data, content or resources provided by a third party, you agree that Google is not responsible for those applications, data, content, or resources. You understand that all data, content or resources which you may access through such third party applications are the sole responsibility of the person from which they originated and that Google is not liable for any loss or damage that you may experience as a result of the use or access of any of those third party applications, data, content, or resources.
android	Run android-actions/setup-android@9fc6c4e9069bf8d3d10b2204b1fb8f6ef7065407	2026-10-10T02:28:19.7045233Z 
android	Run android-actions/setup-android@9fc6c4e9069bf8d3d10b2204b1fb8f6ef7065407	2026-10-10T02:28:19.7048138Z 7.2 You should be aware the data, content, and resources presented to you through such a third party application may be protected by intellectual property rights which are owned by the providers (or by other persons or companies on their behalf). You may not modify, rent, lease, loan, sell, distribute or create derivative works based on these data, content, or resources (either in whole or in part) unless you have been specifically given permission to do so by the relevant owners.
android	Run android-actions/setup-android@9fc6c4e9069bf8d3d10b2204b1fb8f6ef7065407	2026-10-10T02:28:19.7051503Z 
android	Run android-actions/setup-android@9fc6c4e9069bf8d3d10b2204b1fb8f6ef7065407	2026-10-10T02:28:19.7053272Z 7.3 You acknowledge that your use of such third party applications, data, content, or resources may be subject to separate terms between you and the relevant third party. In that case, the License Agreement does not affect your legal relationship with these third parties.
android	Run android-actions/setup-android@9fc6c4e9069bf8d3d10b2204b1fb8f6ef7065407	2026-10-10T02:28:19.7055095Z 
android	Run android-actions/setup-android@9fc6c4e9069bf8d3d10b2204b1fb8f6ef7065407	2026-10-10T02:28:19.7055344Z 
android	Run android-actions/setup-android@9fc6c4e9069bf8d3d10b2204b1fb8f6ef7065407	2026-10-10T02:28:19.7055529Z 8. Using Android APIs
android	Run android-actions/setup-android@9fc6c4e9069bf8d3d10b2204b1fb8f6ef7065407	2026-10-10T02:28:19.7055783Z 
android	Run android-actions/setup-android@9fc6c4e9069bf8d3d10b2204b1fb8f6ef7065407	2026-10-10T02:28:19.7055919Z 8.1 Google Data APIs
android	Run android-actions/setup-android@9fc6c4e9069bf8d3d10b2204b1fb8f6ef7065407	2026-10-10T02:28:19.7056073Z 
android	Run android-actions/setup-android@9fc6c4e9069bf8d3d10b2204b1fb8f6ef7065407	2026-10-10T02:28:19.7057676Z 8.1.1 If you use any API to retrieve data from Google, you acknowledge that the data may be protected by intellectual property rights which are owned by Google or those parties that provide the data (or by other persons or companies on their behalf). Your use of any such API may be subject to additional Terms of Service. You may not modify, rent, lease, loan, sell, distribute or create derivative works based on this data (either in whole or in part) unless allowed by the relevant Terms of Service.
android	Run android-actions/setup-android@9fc6c4e9069bf8d3d10b2204b1fb8f6ef7065407	2026-10-10T02:28:19.7059341Z 
android	Run android-actions/setup-android@9fc6c4e9069bf8d3d10b2204b1fb8f6ef7065407	2026-10-10T02:28:19.7062396Z 8.1.2 If you use any API to retrieve a user's data from Google, you acknowledge and agree that you shall retrieve data only with the user's explicit consent and only when, and for the limited purposes for which, the user has given you permission to do so. If you use the Android Recognition Service API, documented at the following URL: https://developer.android.com/reference/android/speech/RecognitionService, as updated from time to time, you acknowledge that the use of the API is subject to the Data Processing Addendum for Products where Google is a Data Processor, which is located at the following URL: https://privacy.google.com/businesses/gdprprocessorterms/, as updated from time to time. By clicking to accept, you hereby agree to the terms of the Data Processing Addendum for Products where Google is a Data Processor.
android	Run android-actions/setup-android@9fc6c4e9069bf8d3d10b2204b1fb8f6ef7065407	2026-10-10T02:28:19.7065989Z 
android	Run android-actions/setup-android@9fc6c4e9069bf8d3d10b2204b1fb8f6ef7065407	2026-10-10T02:28:19.7066010Z 
android	Run android-actions/setup-android@9fc6c4e9069bf8d3d10b2204b1fb8f6ef7065407	2026-10-10T02:28:19.7066185Z 9. Terminating the License Agreement
android	Run android-actions/setup-android@9fc6c4e9069bf8d3d10b2204b1fb8f6ef7065407	2026-10-10T02:28:19.7066525Z 
android	Run android-actions/setup-android@9fc6c4e9069bf8d3d10b2204b1fb8f6ef7065407	2026-10-10T02:28:19.7067092Z 9.1 The License Agreement will continue to apply until terminated by either you or Google as set out below.
android	Run android-actions/setup-android@9fc6c4e9069bf8d3d10b2204b1fb8f6ef7065407	2026-10-10T02:28:19.7067836Z 
android	Run android-actions/setup-android@9fc6c4e9069bf8d3d10b2204b1fb8f6ef7065407	2026-10-10T02:28:19.7068534Z 9.2 If you want to terminate the License Agreement, you may do so by ceasing your use of the SDK and any relevant developer credentials.
android	Run android-actions/setup-android@9fc6c4e9069bf8d3d10b2204b1fb8f6ef7065407	2026-10-10T02:28:19.7069449Z 
android	Run android-actions/setup-android@9fc6c4e9069bf8d3d10b2204b1fb8f6ef7065407	2026-10-10T02:28:19.7072044Z 9.3 Google may at any time, terminate the License Agreement with you if: (A) you have breached any provision of the License Agreement; or (B) Google is required to do so by law; or (C) the partner with whom Google offered certain parts of SDK (such as APIs) to you has terminated its relationship with Google or ceased to offer certain parts of the SDK to you; or (D) Google decides to no longer provide the SDK or certain parts of the SDK to users in the country in which you are resident or from which you use the service, or the provision of the SDK or certain SDK services to you by Google is, in Google's sole discretion, no longer commercially viable.
android	Run android-actions/setup-android@9fc6c4e9069bf8d3d10b2204b1fb8f6ef7065407	2026-10-10T02:28:19.7074438Z 
android	Run android-actions/setup-android@9fc6c4e9069bf8d3d10b2204b1fb8f6ef7065407	2026-10-10T02:28:19.7076136Z 9.4 When the License Agreement comes to an end, all of the legal rights, obligations and liabilities that you and Google have benefited from, been subject to (or which have accrued over time whilst the License Agreement has been in force) or which are expressed to continue indefinitely, shall be unaffected by this cessation, and the provisions of paragraph 14.7 shall continue to apply to such rights, obligations and liabilities indefinitely.
android	Run android-actions/setup-android@9fc6c4e9069bf8d3d10b2204b1fb8f6ef7065407	2026-10-10T02:28:19.7078019Z 
android	Run android-actions/setup-android@9fc6c4e9069bf8d3d10b2204b1fb8f6ef7065407	2026-10-10T02:28:19.7078025Z 
android	Run android-actions/setup-android@9fc6c4e9069bf8d3d10b2204b1fb8f6ef7065407	2026-10-10T02:28:19.7078137Z 10. DISCLAIMER OF WARRANTIES
android	Run android-actions/setup-android@9fc6c4e9069bf8d3d10b2204b1fb8f6ef7065407	2026-10-10T02:28:19.7078410Z 
android	Run android-actions/setup-android@9fc6c4e9069bf8d3d10b2204b1fb8f6ef7065407	2026-10-10T02:28:19.7078969Z 10.1 YOU EXPRESSLY UNDERSTAND AND AGREE THAT YOUR USE OF THE SDK IS AT YOUR SOLE RISK AND THAT THE SDK IS PROVIDED "AS IS" AND "AS AVAILABLE" WITHOUT WARRANTY OF ANY KIND FROM GOOGLE.
android	Run android-actions/setup-android@9fc6c4e9069bf8d3d10b2204b1fb8f6ef7065407	2026-10-10T02:28:19.7079710Z 
android	Run android-actions/setup-android@9fc6c4e9069bf8d3d10b2204b1fb8f6ef7065407	2026-10-10T02:28:19.7080959Z 10.2 YOUR USE OF THE SDK AND ANY MATERIAL DOWNLOADED OR OTHERWISE OBTAINED THROUGH THE USE OF THE SDK IS AT YOUR OWN DISCRETION AND RISK AND YOU ARE SOLELY RESPONSIBLE FOR ANY DAMAGE TO YOUR COMPUTER SYSTEM OR OTHER DEVICE OR LOSS OF DATA THAT RESULTS FROM SUCH USE.
android	Run android-actions/setup-android@9fc6c4e9069bf8d3d10b2204b1fb8f6ef7065407	2026-10-10T02:28:19.7081976Z 
android	Run android-actions/setup-android@9fc6c4e9069bf8d3d10b2204b1fb8f6ef7065407	2026-10-10T02:28:19.7082938Z 10.3 GOOGLE FURTHER EXPRESSLY DISCLAIMS ALL WARRANTIES AND CONDITIONS OF ANY KIND, WHETHER EXPRESS OR IMPLIED, INCLUDING, BUT NOT LIMITED TO THE IMPLIED WARRANTIES AND CONDITIONS OF MERCHANTABILITY, FITNESS FOR A PARTICULAR PURPOSE AND NON-INFRINGEMENT.
android	Run android-actions/setup-android@9fc6c4e9069bf8d3d10b2204b1fb8f6ef7065407	2026-10-10T02:28:19.7084190Z 
android	Run android-actions/setup-android@9fc6c4e9069bf8d3d10b2204b1fb8f6ef7065407	2026-10-10T02:28:19.7084197Z 
android	Run android-actions/setup-android@9fc6c4e9069bf8d3d10b2204b1fb8f6ef7065407	2026-10-10T02:28:19.7084306Z 11. LIMITATION OF LIABILITY
android	Run android-actions/setup-android@9fc6c4e9069bf8d3d10b2204b1fb8f6ef7065407	2026-10-10T02:28:19.7084558Z 
android	Run android-actions/setup-android@9fc6c4e9069bf8d3d10b2204b1fb8f6ef7065407	2026-10-10T02:28:19.7086132Z 11.1 YOU EXPRESSLY UNDERSTAND AND AGREE THAT GOOGLE, ITS SUBSIDIARIES AND AFFILIATES, AND ITS LICENSORS SHALL NOT BE LIABLE TO YOU UNDER ANY THEORY OF LIABILITY FOR ANY DIRECT, INDIRECT, INCIDENTAL, SPECIAL, CONSEQUENTIAL OR EXEMPLARY DAMAGES THAT MAY BE INCURRED BY YOU, INCLUDING ANY LOSS OF DATA, WHETHER OR NOT GOOGLE OR ITS REPRESENTATIVES HAVE BEEN ADVISED OF OR SHOULD HAVE BEEN AWARE OF THE POSSIBILITY OF ANY SUCH LOSSES ARISING.
android	Run android-actions/setup-android@9fc6c4e9069bf8d3d10b2204b1fb8f6ef7065407	2026-10-10T02:28:19.7087768Z 
android	Run android-actions/setup-android@9fc6c4e9069bf8d3d10b2204b1fb8f6ef7065407	2026-10-10T02:28:19.7087775Z 
android	Run android-actions/setup-android@9fc6c4e9069bf8d3d10b2204b1fb8f6ef7065407	2026-10-10T02:28:19.7087966Z 12. Indemnification
android	Run android-actions/setup-android@9fc6c4e9069bf8d3d10b2204b1fb8f6ef7065407	2026-10-10T02:28:19.7088214Z 
android	Run android-actions/setup-android@9fc6c4e9069bf8d3d10b2204b1fb8f6ef7065407	2026-10-10T02:28:19.7091822Z 12.1 To the maximum extent permitted by law, you agree to defend, indemnify and hold harmless Google, its affiliates and their respective directors, officers, employees and agents from and against any and all claims, actions, suits or proceedings, as well as any and all losses, liabilities, damages, costs and expenses (including reasonable attorneys fees) arising out of or accruing from (a) your use of the SDK, (b) any application you develop on the SDK that infringes any copyright, trademark, trade secret, trade dress, patent or other intellectual property right of any person or defames any person or violates their rights of publicity or privacy, and (c) any non-compliance by you with the License Agreement.
android	Run android-actions/setup-android@9fc6c4e9069bf8d3d10b2204b1fb8f6ef7065407	2026-10-10T02:28:19.7094551Z 
android	Run android-actions/setup-android@9fc6c4e9069bf8d3d10b2204b1fb8f6ef7065407	2026-10-10T02:28:19.7094560Z 
android	Run android-actions/setup-android@9fc6c4e9069bf8d3d10b2204b1fb8f6ef7065407	2026-10-10T02:28:19.7094684Z 13. Changes to the License Agreement
android	Run android-actions/setup-android@9fc6c4e9069bf8d3d10b2204b1fb8f6ef7065407	2026-10-10T02:28:19.7094877Z 
android	Run android-actions/setup-android@9fc6c4e9069bf8d3d10b2204b1fb8f6ef7065407	2026-10-10T02:28:19.7095775Z 13.1 Google may make changes to the License Agreement as it distributes new versions of the SDK. When these changes are made, Google will make a new version of the License Agreement available on the website where the SDK is made available.
android	Run android-actions/setup-android@9fc6c4e9069bf8d3d10b2204b1fb8f6ef7065407	2026-10-10T02:28:19.7096631Z 
android	Run android-actions/setup-android@9fc6c4e9069bf8d3d10b2204b1fb8f6ef7065407	2026-10-10T02:28:19.7096639Z 
android	Run android-actions/setup-android@9fc6c4e9069bf8d3d10b2204b1fb8f6ef7065407	2026-10-10T02:28:19.7096839Z 14. General Legal Terms
android	Run android-actions/setup-android@9fc6c4e9069bf8d3d10b2204b1fb8f6ef7065407	2026-10-10T02:28:19.7097030Z 
android	Run android-actions/setup-android@9fc6c4e9069bf8d3d10b2204b1fb8f6ef7065407	2026-10-10T02:28:19.7098151Z 14.1 The License Agreement constitutes the whole legal agreement between you and Google and governs your use of the SDK (excluding any services which Google may provide to you under a separate written agreement), and completely replaces any prior agreements between you and Google in relation to the SDK.
android	Run android-actions/setup-android@9fc6c4e9069bf8d3d10b2204b1fb8f6ef7065407	2026-10-10T02:28:19.7099402Z 
android	Run android-actions/setup-android@9fc6c4e9069bf8d3d10b2204b1fb8f6ef7065407	2026-10-10T02:28:19.7100802Z 14.2 You agree that if Google does not exercise or enforce any legal right or remedy which is contained in the License Agreement (or which Google has the benefit of under any applicable law), this will not be taken to be a formal waiver of Google's rights and that those rights or remedies will still be available to Google.
android	Run android-actions/setup-android@9fc6c4e9069bf8d3d10b2204b1fb8f6ef7065407	2026-10-10T02:28:19.7102056Z 
android	Run android-actions/setup-android@9fc6c4e9069bf8d3d10b2204b1fb8f6ef7065407	2026-10-10T02:28:19.7103487Z 14.3 If any court of law, having the jurisdiction to decide on this matter, rules that any provision of the License Agreement is invalid, then that provision will be removed from the License Agreement without affecting the rest of the License Agreement. The remaining provisions of the License Agreement will continue to be valid and enforceable.
android	Run android-actions/setup-android@9fc6c4e9069bf8d3d10b2204b1fb8f6ef7065407	2026-10-10T02:28:19.7104822Z 
android	Run android-actions/setup-android@9fc6c4e9069bf8d3d10b2204b1fb8f6ef7065407	2026-10-10T02:28:19.7106506Z 14.4 You acknowledge and agree that each member of the group of companies of which Google is the parent shall be third party beneficiaries to the License Agreement and that such other companies shall be entitled to directly enforce, and rely upon, any provision of the License Agreement that confers a benefit on (or rights in favor of) them. Other than this, no other person or company shall be third party beneficiaries to the License Agreement.
android	Run android-actions/setup-android@9fc6c4e9069bf8d3d10b2204b1fb8f6ef7065407	2026-10-10T02:28:19.7108145Z 
android	Run android-actions/setup-android@9fc6c4e9069bf8d3d10b2204b1fb8f6ef7065407	2026-10-10T02:28:19.7109110Z 14.5 EXPORT RESTRICTIONS. THE SDK IS SUBJECT TO UNITED STATES EXPORT LAWS AND REGULATIONS. YOU MUST COMPLY WITH ALL DOMESTIC AND INTERNATIONAL EXPORT LAWS AND REGULATIONS THAT APPLY TO THE SDK. THESE LAWS INCLUDE RESTRICTIONS ON DESTINATIONS, END USERS AND END USE.
android	Run android-actions/setup-android@9fc6c4e9069bf8d3d10b2204b1fb8f6ef7065407	2026-10-10T02:28:19.7110566Z 
android	Run android-actions/setup-android@9fc6c4e9069bf8d3d10b2204b1fb8f6ef7065407	2026-10-10T02:28:19.7112021Z 14.6 The rights granted in the License Agreement may not be assigned or transferred by either you or Google without the prior written approval of the other party. Neither you nor Google shall be permitted to delegate their responsibilities or obligations under the License Agreement without the prior written approval of the other party.
android	Run android-actions/setup-android@9fc6c4e9069bf8d3d10b2204b1fb8f6ef7065407	2026-10-10T02:28:19.7113424Z 
android	Run android-actions/setup-android@9fc6c4e9069bf8d3d10b2204b1fb8f6ef7065407	2026-10-10T02:28:19.7115415Z 14.7 The License Agreement, and your relationship with Google under the License Agreement, shall be governed by the laws of the State of California without regard to its conflict of laws provisions. You and Google agree to submit to the exclusive jurisdiction of the courts located within the county of Santa Clara, California to resolve any legal matter arising from the License Agreement. Notwithstanding this, you agree that Google shall still be allowed to apply for injunctive remedies (or an equivalent type of urgent legal relief) in any jurisdiction.
android	Run android-actions/setup-android@9fc6c4e9069bf8d3d10b2204b1fb8f6ef7065407	2026-10-10T02:28:19.7117592Z 
android	Run android-actions/setup-android@9fc6c4e9069bf8d3d10b2204b1fb8f6ef7065407	2026-10-10T02:28:19.7117599Z 
android	Run android-actions/setup-android@9fc6c4e9069bf8d3d10b2204b1fb8f6ef7065407	2026-10-10T02:28:19.7117692Z January 16, 2019
android	Run android-actions/setup-android@9fc6c4e9069bf8d3d10b2204b1fb8f6ef7065407	2026-10-10T02:28:19.7117959Z ---------------------------------------
android	Run android-actions/setup-android@9fc6c4e9069bf8d3d10b2204b1fb8f6ef7065407	2026-10-10T02:28:19.7118330Z Accept? (y/N): 
android	Run android-actions/setup-android@9fc6c4e9069bf8d3d10b2204b1fb8f6ef7065407	2026-10-10T02:28:19.7118575Z 4/7: License android-sdk-preview-license:
android	Run android-actions/setup-android@9fc6c4e9069bf8d3d10b2204b1fb8f6ef7065407	2026-10-10T02:28:19.7118882Z ---------------------------------------
android	Run android-actions/setup-android@9fc6c4e9069bf8d3d10b2204b1fb8f6ef7065407	2026-10-10T02:28:19.7120659Z To get started with the Android SDK Preview, you must agree to the following terms and conditions. As described below, please note that this is a preview version of the Android SDK, subject to change, that you use at your own risk. The Android SDK Preview is not a stable release, and may contain errors and defects that can result in serious damage to your computer systems, devices and data.
android	Run android-actions/setup-android@9fc6c4e9069bf8d3d10b2204b1fb8f6ef7065407	2026-10-10T02:28:19.7122120Z 
android	Run android-actions/setup-android@9fc6c4e9069bf8d3d10b2204b1fb8f6ef7065407	2026-10-10T02:28:19.7122338Z This is the Android SDK Preview License Agreement (the "License Agreement").
android	Run android-actions/setup-android@9fc6c4e9069bf8d3d10b2204b1fb8f6ef7065407	2026-10-10T02:28:19.7122781Z 
android	Run android-actions/setup-android@9fc6c4e9069bf8d3d10b2204b1fb8f6ef7065407	2026-10-10T02:28:19.7122880Z 1. Introduction
android	Run android-actions/setup-android@9fc6c4e9069bf8d3d10b2204b1fb8f6ef7065407	2026-10-10T02:28:19.7123018Z 
android	Run android-actions/setup-android@9fc6c4e9069bf8d3d10b2204b1fb8f6ef7065407	2026-10-10T02:28:19.7124884Z 1.1 The Android SDK Preview (referred to in the License Agreement as the “Preview” and specifically including the Android system files, packaged APIs, and Preview library files, if and when they are made available) is licensed to you subject to the terms of the License Agreement. The License Agreement forms a legally binding contract between you and Google in relation to your use of the Preview.
android	Run android-actions/setup-android@9fc6c4e9069bf8d3d10b2204b1fb8f6ef7065407	2026-10-10T02:28:19.7126530Z 
android	Run android-actions/setup-android@9fc6c4e9069bf8d3d10b2204b1fb8f6ef7065407	2026-10-10T02:28:19.7127217Z 1.2 "Android" means the Android software stack for devices, as made available under the Android Open Source Project, which is located at the following URL: http://source.android.com/, as updated from time to time.
android	Run android-actions/setup-android@9fc6c4e9069bf8d3d10b2204b1fb8f6ef7065407	2026-10-10T02:28:19.7128114Z 
android	Run android-actions/setup-android@9fc6c4e9069bf8d3d10b2204b1fb8f6ef7065407	2026-10-10T02:28:19.7128729Z 1.3 "Google" means Google Inc., a Delaware corporation with principal place of business at 1600 Amphitheatre Parkway, Mountain View, CA 94043, United States.
android	Run android-actions/setup-android@9fc6c4e9069bf8d3d10b2204b1fb8f6ef7065407	2026-10-10T02:28:19.7129496Z 
android	Run android-actions/setup-android@9fc6c4e9069bf8d3d10b2204b1fb8f6ef7065407	2026-10-10T02:28:19.7129606Z 2. Accepting the License Agreement
android	Run android-actions/setup-android@9fc6c4e9069bf8d3d10b2204b1fb8f6ef7065407	2026-10-10T02:28:19.7129784Z 
android	Run android-actions/setup-android@9fc6c4e9069bf8d3d10b2204b1fb8f6ef7065407	2026-10-10T02:28:19.7130505Z 2.1 In order to use the Preview, you must first agree to the License Agreement. You may not use the Preview if you do not accept the License Agreement.
android	Run android-actions/setup-android@9fc6c4e9069bf8d3d10b2204b1fb8f6ef7065407	2026-10-10T02:28:19.7131049Z 
android	Run android-actions/setup-android@9fc6c4e9069bf8d3d10b2204b1fb8f6ef7065407	2026-10-10T02:28:19.7131349Z 2.2 By clicking to accept and/or using the Preview, you hereby agree to the terms of the License Agreement.
android	Run android-actions/setup-android@9fc6c4e9069bf8d3d10b2204b1fb8f6ef7065407	2026-10-10T02:28:19.7131752Z 
android	Run android-actions/setup-android@9fc6c4e9069bf8d3d10b2204b1fb8f6ef7065407	2026-10-10T02:28:19.7132705Z 2.3 You may not use the Preview and may not accept the License Agreement if you are a person barred from receiving the Preview under the laws of the United States or other countries including the country in which you are resident or from which you use the Preview.
android	Run android-actions/setup-android@9fc6c4e9069bf8d3d10b2204b1fb8f6ef7065407	2026-10-10T02:28:19.7133621Z 
android	Run android-actions/setup-android@9fc6c4e9069bf8d3d10b2204b1fb8f6ef7065407	2026-10-10T02:28:19.7135017Z 2.4 If you will use the Preview internally within your company or organization you agree to be bound by the License Agreement on behalf of your employer or other entity, and you represent and warrant that you have full legal authority to bind your employer or such entity to the License Agreement. If you do not have the requisite authority, you may not accept the License Agreement or use the Preview on behalf of your employer or other entity.
android	Run android-actions/setup-android@9fc6c4e9069bf8d3d10b2204b1fb8f6ef7065407	2026-10-10T02:28:19.7136804Z 
android	Run android-actions/setup-android@9fc6c4e9069bf8d3d10b2204b1fb8f6ef7065407	2026-10-10T02:28:19.7136925Z 3. Preview License from Google
android	Run android-actions/setup-android@9fc6c4e9069bf8d3d10b2204b1fb8f6ef7065407	2026-10-10T02:28:19.7137099Z 
android	Run android-actions/setup-android@9fc6c4e9069bf8d3d10b2204b1fb8f6ef7065407	2026-10-10T02:28:19.7138094Z 3.1 Subject to the terms of the License Agreement, Google grants you a royalty-free, non-assignable, non-exclusive, non-sublicensable, limited, revocable license to use the Preview, personally or internally within your company or organization, solely to develop applications to run on the Android platform.
android	Run android-actions/setup-android@9fc6c4e9069bf8d3d10b2204b1fb8f6ef7065407	2026-10-10T02:28:19.7139183Z 
android	Run android-actions/setup-android@9fc6c4e9069bf8d3d10b2204b1fb8f6ef7065407	2026-10-10T02:28:19.7140670Z 3.2 You agree that Google or third parties owns all legal right, title and interest in and to the Preview, including any Intellectual Property Rights that subsist in the Preview. "Intellectual Property Rights" means any and all rights under patent law, copyright law, trade secret law, trademark law, and any and all other proprietary rights. Google reserves all rights not expressly granted to you.
android	Run android-actions/setup-android@9fc6c4e9069bf8d3d10b2204b1fb8f6ef7065407	2026-10-10T02:28:19.7142057Z 
android	Run android-actions/setup-android@9fc6c4e9069bf8d3d10b2204b1fb8f6ef7065407	2026-10-10T02:28:19.7144106Z 3.3 You may not use the Preview for any purpose not expressly permitted by the License Agreement. Except to the extent required by applicable third party licenses, you may not: (a) copy (except for backup purposes), modify, adapt, redistribute, decompile, reverse engineer, disassemble, or create derivative works of the Preview or any part of the Preview; or (b) load any part of the Preview onto a mobile handset or any other hardware device except a personal computer, combine any part of the Preview with other software, or distribute any software or device incorporating a part of the Preview.
android	Run android-actions/setup-android@9fc6c4e9069bf8d3d10b2204b1fb8f6ef7065407	2026-10-10T02:28:19.7146143Z 
android	Run android-actions/setup-android@9fc6c4e9069bf8d3d10b2204b1fb8f6ef7065407	2026-10-10T02:28:19.7146944Z 3.4 You agree that you will not take any actions that may cause or result in the fragmentation of Android, including but not limited to distributing, participating in the creation of, or promoting in any way a software development kit derived from the Preview.
android	Run android-actions/setup-android@9fc6c4e9069bf8d3d10b2204b1fb8f6ef7065407	2026-10-10T02:28:19.7147851Z 
android	Run android-actions/setup-android@9fc6c4e9069bf8d3d10b2204b1fb8f6ef7065407	2026-10-10T02:28:19.7149208Z 3.5 Use, reproduction and distribution of components of the Preview licensed under an open source software license are governed solely by the terms of that open source software license and not the License Agreement. You agree to remain a licensee in good standing in regard to such open source software licenses under all the rights granted and to refrain from any actions that may terminate, suspend, or breach such rights.
android	Run android-actions/setup-android@9fc6c4e9069bf8d3d10b2204b1fb8f6ef7065407	2026-10-10T02:28:19.7150877Z 
android	Run android-actions/setup-android@9fc6c4e9069bf8d3d10b2204b1fb8f6ef7065407	2026-10-10T02:28:19.7152299Z 3.6 You agree that the form and nature of the Preview that Google provides may change without prior notice to you and that future versions of the Preview may be incompatible with applications developed on previous versions of the Preview. You agree that Google may stop (permanently or temporarily) providing the Preview (or any features within the Preview) to you or to users generally at Google's sole discretion, without prior notice to you.
android	Run android-actions/setup-android@9fc6c4e9069bf8d3d10b2204b1fb8f6ef7065407	2026-10-10T02:28:19.7153962Z 
android	Run android-actions/setup-android@9fc6c4e9069bf8d3d10b2204b1fb8f6ef7065407	2026-10-10T02:28:19.7154489Z 3.7 Nothing in the License Agreement gives you a right to use any of Google's trade names, trademarks, service marks, logos, domain names, or other distinctive brand features.
android	Run android-actions/setup-android@9fc6c4e9069bf8d3d10b2204b1fb8f6ef7065407	2026-10-10T02:28:19.7155110Z 
android	Run android-actions/setup-android@9fc6c4e9069bf8d3d10b2204b1fb8f6ef7065407	2026-10-10T02:28:19.7155687Z 3.8 You agree that you will not remove, obscure, or alter any proprietary rights notices (including copyright and trademark notices) that may be affixed to or contained within the Preview.
android	Run android-actions/setup-android@9fc6c4e9069bf8d3d10b2204b1fb8f6ef7065407	2026-10-10T02:28:19.7156357Z 
android	Run android-actions/setup-android@9fc6c4e9069bf8d3d10b2204b1fb8f6ef7065407	2026-10-10T02:28:19.7156459Z 4. Use of the Preview by You
android	Run android-actions/setup-android@9fc6c4e9069bf8d3d10b2204b1fb8f6ef7065407	2026-10-10T02:28:19.7156623Z 
android	Run android-actions/setup-android@9fc6c4e9069bf8d3d10b2204b1fb8f6ef7065407	2026-10-10T02:28:19.7157746Z 4.1 Google agrees that nothing in the License Agreement gives Google any right, title or interest from you (or your licensors) under the License Agreement in or to any software applications that you develop using the Preview, including any intellectual property rights that subsist in those applications.
android	Run android-actions/setup-android@9fc6c4e9069bf8d3d10b2204b1fb8f6ef7065407	2026-10-10T02:28:19.7158947Z 
android	Run android-actions/setup-android@9fc6c4e9069bf8d3d10b2204b1fb8f6ef7065407	2026-10-10T02:28:19.7160310Z 4.2 You agree to use the Preview and write applications only for purposes that are permitted by (a) the License Agreement, and (b) any applicable law, regulation or generally accepted practices or guidelines in the relevant jurisdictions (including any laws regarding the export of data or software to and from the United States or other relevant countries).
android	Run android-actions/setup-android@9fc6c4e9069bf8d3d10b2204b1fb8f6ef7065407	2026-10-10T02:28:19.7161551Z 
android	Run android-actions/setup-android@9fc6c4e9069bf8d3d10b2204b1fb8f6ef7065407	2026-10-10T02:28:19.7163920Z 4.3 You agree that if you use the Preview to develop applications, you will protect the privacy and legal rights of users. If users provide you with user names, passwords, or other login information or personal information, you must make the users aware that the information will be available to your application, and you must provide legally adequate privacy notice and protection for those users. If your application stores personal or sensitive information provided by users, it must do so securely. If users provide you with Google Account information, your application may only use that information to access the user's Google Account when, and for the limited purposes for which, each user has given you permission to do so.
android	Run android-actions/setup-android@9fc6c4e9069bf8d3d10b2204b1fb8f6ef7065407	2026-10-10T02:28:19.7166385Z 
android	Run android-actions/setup-android@9fc6c4e9069bf8d3d10b2204b1fb8f6ef7065407	2026-10-10T02:28:19.7167317Z 4.4 You agree that you will not engage in any activity with the Preview, including the development or distribution of an application, that interferes with, disrupts, damages, or accesses in an unauthorized manner the servers, networks, or other properties or services of Google or any third party.
android	Run android-actions/setup-android@9fc6c4e9069bf8d3d10b2204b1fb8f6ef7065407	2026-10-10T02:28:19.7168348Z 
android	Run android-actions/setup-android@9fc6c4e9069bf8d3d10b2204b1fb8f6ef7065407	2026-10-10T02:28:19.7169439Z 4.5 You agree that you are solely responsible for (and that Google has no responsibility to you or to any third party for) any data, content, or resources that you create, transmit or display through Android and/or applications for Android, and for the consequences of your actions (including any loss or damage which Google may suffer) by doing so.
android	Run android-actions/setup-android@9fc6c4e9069bf8d3d10b2204b1fb8f6ef7065407	2026-10-10T02:28:19.7170832Z 
android	Run android-actions/setup-android@9fc6c4e9069bf8d3d10b2204b1fb8f6ef7065407	2026-10-10T02:28:19.7172081Z 4.6 You agree that you are solely responsible for (and that Google has no responsibility to you or to any third party for) any breach of your obligations under the License Agreement, any applicable third party contract or Terms of Service, or any applicable law or regulation, and for the consequences (including any loss or damage which Google or any third party may suffer) of any such breach.
android	Run android-actions/setup-android@9fc6c4e9069bf8d3d10b2204b1fb8f6ef7065407	2026-10-10T02:28:19.7173422Z 
android	Run android-actions/setup-android@9fc6c4e9069bf8d3d10b2204b1fb8f6ef7065407	2026-10-10T02:28:19.7174962Z 4.7 The Preview is in development, and your testing and feedback are an important part of the development process. By using the Preview, you acknowledge that implementation of some features are still under development and that you should not rely on the Preview having the full functionality of a stable release. You agree not to publicly distribute or ship any application using this Preview as this Preview will no longer be supported after the official Android SDK is released.
android	Run android-actions/setup-android@9fc6c4e9069bf8d3d10b2204b1fb8f6ef7065407	2026-10-10T02:28:19.7176582Z 
android	Run android-actions/setup-android@9fc6c4e9069bf8d3d10b2204b1fb8f6ef7065407	2026-10-10T02:28:19.7176688Z 5. Your Developer Credentials
android	Run android-actions/setup-android@9fc6c4e9069bf8d3d10b2204b1fb8f6ef7065407	2026-10-10T02:28:19.7176989Z 
android	Run android-actions/setup-android@9fc6c4e9069bf8d3d10b2204b1fb8f6ef7065407	2026-10-10T02:28:19.7177884Z 5.1 You agree that you are responsible for maintaining the confidentiality of any developer credentials that may be issued to you by Google or which you may choose yourself and that you will be solely responsible for all applications that are developed under your developer credentials.
android	Run android-actions/setup-android@9fc6c4e9069bf8d3d10b2204b1fb8f6ef7065407	2026-10-10T02:28:19.7178877Z 
android	Run android-actions/setup-android@9fc6c4e9069bf8d3d10b2204b1fb8f6ef7065407	2026-10-10T02:28:19.7178977Z 6. Privacy and Information
android	Run android-actions/setup-android@9fc6c4e9069bf8d3d10b2204b1fb8f6ef7065407	2026-10-10T02:28:19.7179129Z 
android	Run android-actions/setup-android@9fc6c4e9069bf8d3d10b2204b1fb8f6ef7065407	2026-10-10T02:28:19.7180995Z 6.1 In order to continually innovate and improve the Preview, Google may collect certain usage statistics from the software including but not limited to a unique identifier, associated IP address, version number of the software, and information on which tools and/or services in the Preview are being used and how they are being used. Before any of this information is collected, the Preview will notify you and seek your consent. If you withhold consent, the information will not be collected.
android	Run android-actions/setup-android@9fc6c4e9069bf8d3d10b2204b1fb8f6ef7065407	2026-10-10T02:28:19.7182673Z 
android	Run android-actions/setup-android@9fc6c4e9069bf8d3d10b2204b1fb8f6ef7065407	2026-10-10T02:28:19.7183745Z 6.2 The data collected is examined in the aggregate to improve the Preview and is maintained in accordance with Google's Privacy Policy located at http://www.google.com/policies/privacy/.
android	Run android-actions/setup-android@9fc6c4e9069bf8d3d10b2204b1fb8f6ef7065407	2026-10-10T02:28:19.7184471Z 
android	Run android-actions/setup-android@9fc6c4e9069bf8d3d10b2204b1fb8f6ef7065407	2026-10-10T02:28:19.7184578Z 7. Third Party Applications
android	Run android-actions/setup-android@9fc6c4e9069bf8d3d10b2204b1fb8f6ef7065407	2026-10-10T02:28:19.7184744Z 
android	Run android-actions/setup-android@9fc6c4e9069bf8d3d10b2204b1fb8f6ef7065407	2026-10-10T02:28:19.7186668Z 7.1 If you use the Preview to run applications developed by a third party or that access data, content or resources provided by a third party, you agree that Google is not responsible for those applications, data, content, or resources. You understand that all data, content or resources which you may access through such third party applications are the sole responsibility of the person from which they originated and that Google is not liable for any loss or damage that you may experience as a result of the use or access of any of those third party applications, data, content, or resources.
android	Run android-actions/setup-android@9fc6c4e9069bf8d3d10b2204b1fb8f6ef7065407	2026-10-10T02:28:19.7188680Z 
android	Run android-actions/setup-android@9fc6c4e9069bf8d3d10b2204b1fb8f6ef7065407	2026-10-10T02:28:19.7190492Z 7.2 You should be aware the data, content, and resources presented to you through such a third party application may be protected by intellectual property rights which are owned by the providers (or by other persons or companies on their behalf). You may not modify, rent, lease, loan, sell, distribute or create derivative works based on these data, content, or resources (either in whole or in part) unless you have been specifically given permission to do so by the relevant owners.
android	Run android-actions/setup-android@9fc6c4e9069bf8d3d10b2204b1fb8f6ef7065407	2026-10-10T02:28:19.7192154Z 
android	Run android-actions/setup-android@9fc6c4e9069bf8d3d10b2204b1fb8f6ef7065407	2026-10-10T02:28:19.7192673Z 7.3 You acknowledge that your use of such third party applications, data, content, or resources may be subject to separate terms between you and the relevant third party.
android	Run android-actions/setup-android@9fc6c4e9069bf8d3d10b2204b1fb8f6ef7065407	2026-10-10T02:28:19.7193288Z 
android	Run android-actions/setup-android@9fc6c4e9069bf8d3d10b2204b1fb8f6ef7065407	2026-10-10T02:28:19.7193377Z 8. Using Google APIs
android	Run android-actions/setup-android@9fc6c4e9069bf8d3d10b2204b1fb8f6ef7065407	2026-10-10T02:28:19.7193518Z 
android	Run android-actions/setup-android@9fc6c4e9069bf8d3d10b2204b1fb8f6ef7065407	2026-10-10T02:28:19.7193607Z 8.1 Google APIs
android	Run android-actions/setup-android@9fc6c4e9069bf8d3d10b2204b1fb8f6ef7065407	2026-10-10T02:28:19.7193730Z 
android	Run android-actions/setup-android@9fc6c4e9069bf8d3d10b2204b1fb8f6ef7065407	2026-10-10T02:28:19.7195345Z 8.1.1 If you use any API to retrieve data from Google, you acknowledge that the data may be protected by intellectual property rights which are owned by Google or those parties that provide the data (or by other persons or companies on their behalf). Your use of any such API may be subject to additional Terms of Service. You may not modify, rent, lease, loan, sell, distribute or create derivative works based on this data (either in whole or in part) unless allowed by the relevant Terms of Service.
android	Run android-actions/setup-android@9fc6c4e9069bf8d3d10b2204b1fb8f6ef7065407	2026-10-10T02:28:19.7197027Z 
android	Run android-actions/setup-android@9fc6c4e9069bf8d3d10b2204b1fb8f6ef7065407	2026-10-10T02:28:19.7197814Z 8.1.2 If you use any API to retrieve a user's data from Google, you acknowledge and agree that you shall retrieve data only with the user's explicit consent and only when, and for the limited purposes for which, the user has given you permission to do so.
android	Run android-actions/setup-android@9fc6c4e9069bf8d3d10b2204b1fb8f6ef7065407	2026-10-10T02:28:19.7198688Z 
android	Run android-actions/setup-android@9fc6c4e9069bf8d3d10b2204b1fb8f6ef7065407	2026-10-10T02:28:19.7198791Z 9. Terminating the License Agreement
android	Run android-actions/setup-android@9fc6c4e9069bf8d3d10b2204b1fb8f6ef7065407	2026-10-10T02:28:19.7198978Z 
android	Run android-actions/setup-android@9fc6c4e9069bf8d3d10b2204b1fb8f6ef7065407	2026-10-10T02:28:19.7199292Z 9.1 the License Agreement will continue to apply until terminated by either you or Google as set out below.
android	Run android-actions/setup-android@9fc6c4e9069bf8d3d10b2204b1fb8f6ef7065407	2026-10-10T02:28:19.7200087Z 
android	Run android-actions/setup-android@9fc6c4e9069bf8d3d10b2204b1fb8f6ef7065407	2026-10-10T02:28:19.7200529Z 9.2 If you want to terminate the License Agreement, you may do so by ceasing your use of the Preview and any relevant developer credentials.
android	Run android-actions/setup-android@9fc6c4e9069bf8d3d10b2204b1fb8f6ef7065407	2026-10-10T02:28:19.7201034Z 
android	Run android-actions/setup-android@9fc6c4e9069bf8d3d10b2204b1fb8f6ef7065407	2026-10-10T02:28:19.7201323Z 9.3 Google may at any time, terminate the License Agreement, with or without cause, upon notice to you.
android	Run android-actions/setup-android@9fc6c4e9069bf8d3d10b2204b1fb8f6ef7065407	2026-10-10T02:28:19.7201712Z 
android	Run android-actions/setup-android@9fc6c4e9069bf8d3d10b2204b1fb8f6ef7065407	2026-10-10T02:28:19.7202753Z 9.4 The License Agreement will automatically terminate without notice or other action upon the earlier of: (A) when Google ceases to provide the Preview or certain parts of the Preview to users in the country in which you are resident or from which you use the service; and (B) Google issues a final release version of the Android SDK.
android	Run android-actions/setup-android@9fc6c4e9069bf8d3d10b2204b1fb8f6ef7065407	2026-10-10T02:28:19.7203884Z 
android	Run android-actions/setup-android@9fc6c4e9069bf8d3d10b2204b1fb8f6ef7065407	2026-10-10T02:28:19.7204627Z 9.5 When the License Agreement is terminated, the license granted to you in the License Agreement will terminate, you will immediately cease all use of the Preview, and the provisions of paragraphs 10, 11, 12 and 14 shall survive indefinitely.
android	Run android-actions/setup-android@9fc6c4e9069bf8d3d10b2204b1fb8f6ef7065407	2026-10-10T02:28:19.7205650Z 
android	Run android-actions/setup-android@9fc6c4e9069bf8d3d10b2204b1fb8f6ef7065407	2026-10-10T02:28:19.7205738Z 10. DISCLAIMERS
android	Run android-actions/setup-android@9fc6c4e9069bf8d3d10b2204b1fb8f6ef7065407	2026-10-10T02:28:19.7205865Z 
android	Run android-actions/setup-android@9fc6c4e9069bf8d3d10b2204b1fb8f6ef7065407	2026-10-10T02:28:19.7206419Z 10.1 YOU EXPRESSLY UNDERSTAND AND AGREE THAT YOUR USE OF THE PREVIEW IS AT YOUR SOLE RISK AND THAT THE PREVIEW IS PROVIDED "AS IS" AND "AS AVAILABLE" WITHOUT WARRANTY OF ANY KIND FROM GOOGLE.
android	Run android-actions/setup-android@9fc6c4e9069bf8d3d10b2204b1fb8f6ef7065407	2026-10-10T02:28:19.7207074Z 
android	Run android-actions/setup-android@9fc6c4e9069bf8d3d10b2204b1fb8f6ef7065407	2026-10-10T02:28:19.7208864Z 10.2 YOUR USE OF THE PREVIEW AND ANY MATERIAL DOWNLOADED OR OTHERWISE OBTAINED THROUGH THE USE OF THE PREVIEW IS AT YOUR OWN DISCRETION AND RISK AND YOU ARE SOLELY RESPONSIBLE FOR ANY DAMAGE TO YOUR COMPUTER SYSTEM OR OTHER DEVICE OR LOSS OF DATA THAT RESULTS FROM SUCH USE. WITHOUT LIMITING THE FOREGOING, YOU UNDERSTAND THAT THE PREVIEW IS NOT A STABLE RELEASE AND MAY CONTAIN ERRORS, DEFECTS AND SECURITY VULNERABILITIES THAT CAN RESULT IN SIGNIFICANT DAMAGE, INCLUDING THE COMPLETE, IRRECOVERABLE LOSS OF USE OF YOUR COMPUTER SYSTEM OR OTHER DEVICE.
android	Run android-actions/setup-android@9fc6c4e9069bf8d3d10b2204b1fb8f6ef7065407	2026-10-10T02:28:19.7211113Z 
android	Run android-actions/setup-android@9fc6c4e9069bf8d3d10b2204b1fb8f6ef7065407	2026-10-10T02:28:19.7211922Z 10.3 GOOGLE FURTHER EXPRESSLY DISCLAIMS ALL WARRANTIES AND CONDITIONS OF ANY KIND, WHETHER EXPRESS OR IMPLIED, INCLUDING, BUT NOT LIMITED TO THE IMPLIED WARRANTIES AND CONDITIONS OF MERCHANTABILITY, FITNESS FOR A PARTICULAR PURPOSE AND NON-INFRINGEMENT.
android	Run android-actions/setup-android@9fc6c4e9069bf8d3d10b2204b1fb8f6ef7065407	2026-10-10T02:28:19.7212839Z 
android	Run android-actions/setup-android@9fc6c4e9069bf8d3d10b2204b1fb8f6ef7065407	2026-10-10T02:28:19.7212940Z 11. LIMITATION OF LIABILITY
android	Run android-actions/setup-android@9fc6c4e9069bf8d3d10b2204b1fb8f6ef7065407	2026-10-10T02:28:19.7213100Z 
android	Run android-actions/setup-android@9fc6c4e9069bf8d3d10b2204b1fb8f6ef7065407	2026-10-10T02:28:19.7214493Z 11.1 YOU EXPRESSLY UNDERSTAND AND AGREE THAT GOOGLE, ITS SUBSIDIARIES AND AFFILIATES, AND ITS LICENSORS SHALL NOT BE LIABLE TO YOU UNDER ANY THEORY OF LIABILITY FOR ANY DIRECT, INDIRECT, INCIDENTAL, SPECIAL, CONSEQUENTIAL OR EXEMPLARY DAMAGES THAT MAY BE INCURRED BY YOU, INCLUDING ANY LOSS OF DATA, WHETHER OR NOT GOOGLE OR ITS REPRESENTATIVES HAVE BEEN ADVISED OF OR SHOULD HAVE BEEN AWARE OF THE POSSIBILITY OF ANY SUCH LOSSES ARISING.
android	Run android-actions/setup-android@9fc6c4e9069bf8d3d10b2204b1fb8f6ef7065407	2026-10-10T02:28:19.7215982Z 
android	Run android-actions/setup-android@9fc6c4e9069bf8d3d10b2204b1fb8f6ef7065407	2026-10-10T02:28:19.7216076Z 12. Indemnification
android	Run android-actions/setup-android@9fc6c4e9069bf8d3d10b2204b1fb8f6ef7065407	2026-10-10T02:28:19.7216211Z 
android	Run android-actions/setup-android@9fc6c4e9069bf8d3d10b2204b1fb8f6ef7065407	2026-10-10T02:28:19.7218811Z 12.1 To the maximum extent permitted by law, you agree to defend, indemnify and hold harmless Google, its affiliates and their respective directors, officers, employees and agents from and against any and all claims, actions, suits or proceedings, as well as any and all losses, liabilities, damages, costs and expenses (including reasonable attorneys’ fees) arising out of or accruing from (a) your use of the Preview, (b) any application you develop on the Preview that infringes any Intellectual Property Rights of any person or defames any person or violates their rights of publicity or privacy, and (c) any non-compliance by you of the License Agreement.
android	Run android-actions/setup-android@9fc6c4e9069bf8d3d10b2204b1fb8f6ef7065407	2026-10-10T02:28:19.7221302Z 
android	Run android-actions/setup-android@9fc6c4e9069bf8d3d10b2204b1fb8f6ef7065407	2026-10-10T02:28:19.7221415Z 13. Changes to the License Agreement
android	Run android-actions/setup-android@9fc6c4e9069bf8d3d10b2204b1fb8f6ef7065407	2026-10-10T02:28:19.7221599Z 
android	Run android-actions/setup-android@9fc6c4e9069bf8d3d10b2204b1fb8f6ef7065407	2026-10-10T02:28:19.7222355Z 13.1 Google may make changes to the License Agreement as it distributes new versions of the Preview. When these changes are made, Google will make a new version of the License Agreement available on the website where the Preview is made available.
android	Run android-actions/setup-android@9fc6c4e9069bf8d3d10b2204b1fb8f6ef7065407	2026-10-10T02:28:19.7223368Z 
android	Run android-actions/setup-android@9fc6c4e9069bf8d3d10b2204b1fb8f6ef7065407	2026-10-10T02:28:19.7223469Z 14. General Legal Terms
android	Run android-actions/setup-android@9fc6c4e9069bf8d3d10b2204b1fb8f6ef7065407	2026-10-10T02:28:19.7223614Z 
android	Run android-actions/setup-android@9fc6c4e9069bf8d3d10b2204b1fb8f6ef7065407	2026-10-10T02:28:19.7224925Z 14.1 the License Agreement constitutes the whole legal agreement between you and Google and governs your use of the Preview (excluding any services which Google may provide to you under a separate written agreement), and completely replaces any prior agreements between you and Google in relation to the Preview.
android	Run android-actions/setup-android@9fc6c4e9069bf8d3d10b2204b1fb8f6ef7065407	2026-10-10T02:28:19.7226240Z 
android	Run android-actions/setup-android@9fc6c4e9069bf8d3d10b2204b1fb8f6ef7065407	2026-10-10T02:28:19.7227253Z 14.2 You agree that if Google does not exercise or enforce any legal right or remedy which is contained in the License Agreement (or which Google has the benefit of under any applicable law), this will not be taken to be a formal waiver of Google's rights and that those rights or remedies will still be available to Google.
android	Run android-actions/setup-android@9fc6c4e9069bf8d3d10b2204b1fb8f6ef7065407	2026-10-10T02:28:19.7228342Z 
android	Run android-actions/setup-android@9fc6c4e9069bf8d3d10b2204b1fb8f6ef7065407	2026-10-10T02:28:19.7229431Z 14.3 If any court of law, having the jurisdiction to decide on this matter, rules that any provision of the License Agreement is invalid, then that provision will be removed from the License Agreement without affecting the rest of the License Agreement. The remaining provisions of the License Agreement will continue to be valid and enforceable.
android	Run android-actions/setup-android@9fc6c4e9069bf8d3d10b2204b1fb8f6ef7065407	2026-10-10T02:28:19.7231016Z 
android	Run android-actions/setup-android@9fc6c4e9069bf8d3d10b2204b1fb8f6ef7065407	2026-10-10T02:28:19.7232443Z 14.4 You acknowledge and agree that each member of the group of companies of which Google is the parent shall be third party beneficiaries to the License Agreement and that such other companies shall be entitled to directly enforce, and rely upon, any provision of the License Agreement that confers a benefit on (or rights in favor of) them. Other than this, no other person or company shall be third party beneficiaries to the License Agreement.
android	Run android-actions/setup-android@9fc6c4e9069bf8d3d10b2204b1fb8f6ef7065407	2026-10-10T02:28:19.7233953Z 
android	Run android-actions/setup-android@9fc6c4e9069bf8d3d10b2204b1fb8f6ef7065407	2026-10-10T02:28:19.7234811Z 14.5 EXPORT RESTRICTIONS. THE PREVIEW IS SUBJECT TO UNITED STATES EXPORT LAWS AND REGULATIONS. YOU MUST COMPLY WITH ALL DOMESTIC AND INTERNATIONAL EXPORT LAWS AND REGULATIONS THAT APPLY TO THE PREVIEW. THESE LAWS INCLUDE RESTRICTIONS ON DESTINATIONS, END USERS AND END USE.
android	Run android-actions/setup-android@9fc6c4e9069bf8d3d10b2204b1fb8f6ef7065407	2026-10-10T02:28:19.7235942Z 
android	Run android-actions/setup-android@9fc6c4e9069bf8d3d10b2204b1fb8f6ef7065407	2026-10-10T02:28:19.7236948Z 14.6 The License Agreement may not be assigned or transferred by you without the prior written approval of Google, and any attempted assignment without such approval will be void. You shall not delegate your responsibilities or obligations under the License Agreement without the prior written approval of Google.
android	Run android-actions/setup-android@9fc6c4e9069bf8d3d10b2204b1fb8f6ef7065407	2026-10-10T02:28:19.7238046Z 
android	Run android-actions/setup-android@9fc6c4e9069bf8d3d10b2204b1fb8f6ef7065407	2026-10-10T02:28:19.7239859Z 14.7 The License Agreement, and your relationship with Google under the License Agreement, shall be governed by the laws of the State of California without regard to its conflict of laws provisions. You and Google agree to submit to the exclusive jurisdiction of the courts located within the county of Santa Clara, California to resolve any legal matter arising from the License Agreement. Notwithstanding this, you agree that Google shall still be allowed to apply for injunctive remedies (or an equivalent type of urgent legal relief) in any jurisdiction.
android	Run android-actions/setup-android@9fc6c4e9069bf8d3d10b2204b1fb8f6ef7065407	2026-10-10T02:28:19.7242062Z 
android	Run android-actions/setup-android@9fc6c4e9069bf8d3d10b2204b1fb8f6ef7065407	2026-10-10T02:28:19.7242160Z June 2014.
android	Run android-actions/setup-android@9fc6c4e9069bf8d3d10b2204b1fb8f6ef7065407	2026-10-10T02:28:19.7242375Z ---------------------------------------
android	Run android-actions/setup-android@9fc6c4e9069bf8d3d10b2204b1fb8f6ef7065407	2026-10-10T02:28:19.7242646Z Accept? (y/N): 
android	Run android-actions/setup-android@9fc6c4e9069bf8d3d10b2204b1fb8f6ef7065407	2026-10-10T02:28:19.7242867Z 5/7: License google-gdk-license:
android	Run android-actions/setup-android@9fc6c4e9069bf8d3d10b2204b1fb8f6ef7065407	2026-10-10T02:28:19.7243129Z ---------------------------------------
android	Run android-actions/setup-android@9fc6c4e9069bf8d3d10b2204b1fb8f6ef7065407	2026-10-10T02:28:19.7243478Z This is a Developer Preview of the GDK that is subject to change.
android	Run android-actions/setup-android@9fc6c4e9069bf8d3d10b2204b1fb8f6ef7065407	2026-10-10T02:28:19.7243745Z 
android	Run android-actions/setup-android@9fc6c4e9069bf8d3d10b2204b1fb8f6ef7065407	2026-10-10T02:28:19.7243838Z Terms and Conditions
android	Run android-actions/setup-android@9fc6c4e9069bf8d3d10b2204b1fb8f6ef7065407	2026-10-10T02:28:19.7243978Z 
android	Run android-actions/setup-android@9fc6c4e9069bf8d3d10b2204b1fb8f6ef7065407	2026-10-10T02:28:19.7244110Z This is the Glass Development Kit License Agreement.
android	Run android-actions/setup-android@9fc6c4e9069bf8d3d10b2204b1fb8f6ef7065407	2026-10-10T02:28:19.7244344Z 
android	Run android-actions/setup-android@9fc6c4e9069bf8d3d10b2204b1fb8f6ef7065407	2026-10-10T02:28:19.7244432Z 1. Introduction
android	Run android-actions/setup-android@9fc6c4e9069bf8d3d10b2204b1fb8f6ef7065407	2026-10-10T02:28:19.7244557Z 
android	Run android-actions/setup-android@9fc6c4e9069bf8d3d10b2204b1fb8f6ef7065407	2026-10-10T02:28:19.7246658Z 1.1 The Glass Development Kit (referred to in this License Agreement as the "GDK" and specifically including the Android system files, packaged APIs, and GDK library files, if and when they are made available) is licensed to you subject to the terms of this License Agreement. This License Agreement forms a legally binding contract between you and Google in relation to your use of the GDK.
android	Run android-actions/setup-android@9fc6c4e9069bf8d3d10b2204b1fb8f6ef7065407	2026-10-10T02:28:19.7248820Z 
android	Run android-actions/setup-android@9fc6c4e9069bf8d3d10b2204b1fb8f6ef7065407	2026-10-10T02:28:19.7249284Z 1.2 "Glass" means Glass devices and the Glass software stack for use on Glass devices.
android	Run android-actions/setup-android@9fc6c4e9069bf8d3d10b2204b1fb8f6ef7065407	2026-10-10T02:28:19.7250150Z 
android	Run android-actions/setup-android@9fc6c4e9069bf8d3d10b2204b1fb8f6ef7065407	2026-10-10T02:28:19.7250164Z 
android	Run android-actions/setup-android@9fc6c4e9069bf8d3d10b2204b1fb8f6ef7065407	2026-10-10T02:28:19.7250912Z 1.3 "Android" means the Android software stack for devices, as made available under the Android Open Source Project, which is located at the following URL: http://source.android.com/, as updated from time to time.
android	Run android-actions/setup-android@9fc6c4e9069bf8d3d10b2204b1fb8f6ef7065407	2026-10-10T02:28:19.7251687Z 
android	Run android-actions/setup-android@9fc6c4e9069bf8d3d10b2204b1fb8f6ef7065407	2026-10-10T02:28:19.7252177Z 1.4 "Google" means Google Inc., a Delaware corporation with principal place of business at 1600 Amphitheatre Parkway, Mountain View, CA 94043, United States.
android	Run android-actions/setup-android@9fc6c4e9069bf8d3d10b2204b1fb8f6ef7065407	2026-10-10T02:28:19.7252745Z 
android	Run android-actions/setup-android@9fc6c4e9069bf8d3d10b2204b1fb8f6ef7065407	2026-10-10T02:28:19.7252864Z 2. Accepting this License Agreement
android	Run android-actions/setup-android@9fc6c4e9069bf8d3d10b2204b1fb8f6ef7065407	2026-10-10T02:28:19.7253050Z 
android	Run android-actions/setup-android@9fc6c4e9069bf8d3d10b2204b1fb8f6ef7065407	2026-10-10T02:28:19.7253460Z 2.1 In order to use the GDK, you must first agree to this License Agreement. You may not use the GDK if you do not accept this License Agreement.
android	Run android-actions/setup-android@9fc6c4e9069bf8d3d10b2204b1fb8f6ef7065407	2026-10-10T02:28:19.7254176Z 
android	Run android-actions/setup-android@9fc6c4e9069bf8d3d10b2204b1fb8f6ef7065407	2026-10-10T02:28:19.7254410Z 2.2 By clicking to accept, you hereby agree to the terms of this License Agreement.
android	Run android-actions/setup-android@9fc6c4e9069bf8d3d10b2204b1fb8f6ef7065407	2026-10-10T02:28:19.7254736Z 
android	Run android-actions/setup-android@9fc6c4e9069bf8d3d10b2204b1fb8f6ef7065407	2026-10-10T02:28:19.7255496Z 2.3 You may not use the GDK and may not accept the License Agreement if you are a person barred from receiving the GDK under the laws of the United States or other countries including the country in which you are resident or from which you use the GDK.
android	Run android-actions/setup-android@9fc6c4e9069bf8d3d10b2204b1fb8f6ef7065407	2026-10-10T02:28:19.7256361Z 
android	Run android-actions/setup-android@9fc6c4e9069bf8d3d10b2204b1fb8f6ef7065407	2026-10-10T02:28:19.7257793Z 2.4 If you are agreeing to be bound by this License Agreement on behalf of your employer or other entity, you represent and warrant that you have full legal authority to bind your employer or such entity to this License Agreement. If you do not have the requisite authority, you may not accept the License Agreement or use the GDK on behalf of your employer or other entity.
android	Run android-actions/setup-android@9fc6c4e9069bf8d3d10b2204b1fb8f6ef7065407	2026-10-10T02:28:19.7260421Z 
android	Run android-actions/setup-android@9fc6c4e9069bf8d3d10b2204b1fb8f6ef7065407	2026-10-10T02:28:19.7260582Z 3. GDK License from Google
android	Run android-actions/setup-android@9fc6c4e9069bf8d3d10b2204b1fb8f6ef7065407	2026-10-10T02:28:19.7260863Z 
android	Run android-actions/setup-android@9fc6c4e9069bf8d3d10b2204b1fb8f6ef7065407	2026-10-10T02:28:19.7262280Z 3.1 Subject to the terms of this License Agreement, Google grants you a limited, worldwide, royalty-free, non-assignable and non-exclusive license to use the GDK solely to develop applications to run on the Glass platform for Glass devices.
android	Run android-actions/setup-android@9fc6c4e9069bf8d3d10b2204b1fb8f6ef7065407	2026-10-10T02:28:19.7263880Z 
android	Run android-actions/setup-android@9fc6c4e9069bf8d3d10b2204b1fb8f6ef7065407	2026-10-10T02:28:19.7265810Z 3.2 You agree that Google or third parties own all legal right, title and interest in and to the GDK, including any Intellectual Property Rights that subsist in the GDK. "Intellectual Property Rights" means any and all rights under patent law, copyright law, trade secret law, trademark law, and any and all other proprietary rights. Google reserves all rights not expressly granted to you.
android	Run android-actions/setup-android@9fc6c4e9069bf8d3d10b2204b1fb8f6ef7065407	2026-10-10T02:28:19.7268348Z 
android	Run android-actions/setup-android@9fc6c4e9069bf8d3d10b2204b1fb8f6ef7065407	2026-10-10T02:28:19.7270959Z 3.3 You may not use the GDK for any purpose not expressly permitted by this License Agreement. Except to the extent required by applicable third party licenses, you may not: (a) copy (except for backup purposes), modify, adapt, redistribute, decompile, reverse engineer, disassemble, or create derivative works of the GDK or any part of the GDK; or (b) load any part of the GDK onto a mobile handset or wearable computing device or any other hardware device except a Glass device personal computer, combine any part of the GDK with other software, or distribute any software or device incorporating a part of the GDK.
android	Run android-actions/setup-android@9fc6c4e9069bf8d3d10b2204b1fb8f6ef7065407	2026-10-10T02:28:19.7274606Z 
android	Run android-actions/setup-android@9fc6c4e9069bf8d3d10b2204b1fb8f6ef7065407	2026-10-10T02:28:19.7275821Z 3.4 You agree that you will not take any actions that may cause or result in the fragmentation of Glass, including but not limited to distributing, participating in the creation of, or promoting in any way a software development kit derived from the GDK.
android	Run android-actions/setup-android@9fc6c4e9069bf8d3d10b2204b1fb8f6ef7065407	2026-10-10T02:28:19.7276712Z 
android	Run android-actions/setup-android@9fc6c4e9069bf8d3d10b2204b1fb8f6ef7065407	2026-10-10T02:28:19.7277365Z 3.5 Use, reproduction and distribution of components of the GDK licensed under an open source software license are governed solely by the terms of that open source software license and not this License Agreement.
android	Run android-actions/setup-android@9fc6c4e9069bf8d3d10b2204b1fb8f6ef7065407	2026-10-10T02:28:19.7278205Z 
android	Run android-actions/setup-android@9fc6c4e9069bf8d3d10b2204b1fb8f6ef7065407	2026-10-10T02:28:19.7280483Z 3.6 You agree that the form and nature of the GDK that Google provides may change without prior notice to you and that future versions of the GDK may be incompatible with applications developed on previous versions of the GDK. You agree that Google may stop (permanently or temporarily) providing the GDK (or any features within the GDK) to you or to users generally at Google's sole discretion, without prior notice to you.
android	Run android-actions/setup-android@9fc6c4e9069bf8d3d10b2204b1fb8f6ef7065407	2026-10-10T02:28:19.7282690Z 
android	Run android-actions/setup-android@9fc6c4e9069bf8d3d10b2204b1fb8f6ef7065407	2026-10-10T02:28:19.7283656Z 3.7 Nothing in this License Agreement gives you a right to use any of Google's trade names, trademarks, service marks, logos, domain names, or other distinctive brand features.
android	Run android-actions/setup-android@9fc6c4e9069bf8d3d10b2204b1fb8f6ef7065407	2026-10-10T02:28:19.7284632Z 
android	Run android-actions/setup-android@9fc6c4e9069bf8d3d10b2204b1fb8f6ef7065407	2026-10-10T02:28:19.7285705Z 3.8 You agree that you will not remove, obscure, or alter any proprietary rights notices (including copyright and trademark notices) that may be affixed to or contained within the GDK.
android	Run android-actions/setup-android@9fc6c4e9069bf8d3d10b2204b1fb8f6ef7065407	2026-10-10T02:28:19.7286921Z 
android	Run android-actions/setup-android@9fc6c4e9069bf8d3d10b2204b1fb8f6ef7065407	2026-10-10T02:28:19.7286940Z 
android	Run android-actions/setup-android@9fc6c4e9069bf8d3d10b2204b1fb8f6ef7065407	2026-10-10T02:28:19.7289104Z 3.9 Your use of any Android system files, packaged APIs, or other components of the GDK which are part of the Android Software Development Kit is subject to the terms of the Android Software Development Kit License Agreement located at http://developer.android.com/sdk/terms.html. These terms are hereby incorporated by reference into this License Agreement.
android	Run android-actions/setup-android@9fc6c4e9069bf8d3d10b2204b1fb8f6ef7065407	2026-10-10T02:28:19.7291909Z 
android	Run android-actions/setup-android@9fc6c4e9069bf8d3d10b2204b1fb8f6ef7065407	2026-10-10T02:28:19.7292103Z 4. Use of the GDK by You
android	Run android-actions/setup-android@9fc6c4e9069bf8d3d10b2204b1fb8f6ef7065407	2026-10-10T02:28:19.7292382Z 
android	Run android-actions/setup-android@9fc6c4e9069bf8d3d10b2204b1fb8f6ef7065407	2026-10-10T02:28:19.7293923Z 4.1 Google agrees that it obtains no right, title or interest from you (or your licensors) under this License Agreement in or to any software applications that you develop using the GDK, including any intellectual property rights that subsist in those applications.
android	Run android-actions/setup-android@9fc6c4e9069bf8d3d10b2204b1fb8f6ef7065407	2026-10-10T02:28:19.7295816Z 
android	Run android-actions/setup-android@9fc6c4e9069bf8d3d10b2204b1fb8f6ef7065407	2026-10-10T02:28:19.7299169Z 4.2 You agree to use the GDK and write applications only for purposes that are permitted by (a) this License Agreement, (b) the Glass Platform Developer Policies (located at https://developers.google.com/glass/policies, and hereby incorporated into this License Agreement by reference), and (c) any applicable law, regulation or generally accepted practices or guidelines in the relevant jurisdictions (including any laws regarding the export of data or software to and from the United States or other relevant countries).
android	Run android-actions/setup-android@9fc6c4e9069bf8d3d10b2204b1fb8f6ef7065407	2026-10-10T02:28:19.7302954Z 
android	Run android-actions/setup-android@9fc6c4e9069bf8d3d10b2204b1fb8f6ef7065407	2026-10-10T02:28:19.7307914Z 4.3 You agree that if you use the GDK to develop applications for general public users, you will protect the privacy and legal rights of those users. If the users provide you with user names, passwords, or other login information or personal information, you must make the users aware that the information will be available to your application, and you must provide legally adequate privacy notice and protection for those users. If your application stores personal or sensitive information provided by users, it must do so securely. If the user provides your application with Google Account information, your application may only use that information to access the user's Google Account when, and for the limited purposes for which, the user has given you permission to do so.
android	Run android-actions/setup-android@9fc6c4e9069bf8d3d10b2204b1fb8f6ef7065407	2026-10-10T02:28:19.7313221Z 
android	Run android-actions/setup-android@9fc6c4e9069bf8d3d10b2204b1fb8f6ef7065407	2026-10-10T02:28:19.7315207Z 4.4 You agree that you will not engage in any activity with the GDK, including the development or distribution of an application, that interferes with, disrupts, damages, or accesses in an unauthorized manner the servers, networks, or other properties or services of any third party including, but not limited to, Google.
android	Run android-actions/setup-android@9fc6c4e9069bf8d3d10b2204b1fb8f6ef7065407	2026-10-10T02:28:19.7317385Z 
android	Run android-actions/setup-android@9fc6c4e9069bf8d3d10b2204b1fb8f6ef7065407	2026-10-10T02:28:19.7319465Z 4.5 You agree that you are solely responsible for (and that Google has no responsibility to you or to any third party for) any data, content, or resources that you create, transmit or display through Glass and/or applications for Glass, and for the consequences of your actions (including any loss or damage which Google may suffer) by doing so.
android	Run android-actions/setup-android@9fc6c4e9069bf8d3d10b2204b1fb8f6ef7065407	2026-10-10T02:28:19.7321019Z 
android	Run android-actions/setup-android@9fc6c4e9069bf8d3d10b2204b1fb8f6ef7065407	2026-10-10T02:28:19.7322784Z 4.6 You agree that you are solely responsible for (and that Google has no responsibility to you or to any third party for) any breach of your obligations under this License Agreement, any applicable third party contract or Terms of Service, or any applicable law or regulation, and for the consequences (including any loss or damage which Google or any third party may suffer) of any such breach.
android	Run android-actions/setup-android@9fc6c4e9069bf8d3d10b2204b1fb8f6ef7065407	2026-10-10T02:28:19.7324736Z 
android	Run android-actions/setup-android@9fc6c4e9069bf8d3d10b2204b1fb8f6ef7065407	2026-10-10T02:28:19.7324746Z 
android	Run android-actions/setup-android@9fc6c4e9069bf8d3d10b2204b1fb8f6ef7065407	2026-10-10T02:28:19.7326519Z 4.7 The GDK is in development, and your testing and feedback are an important part of the development process. By using the GDK, you acknowledge that implementation of some features are still under development and that you should not rely on the GDK, Glass devices, Glass system software, Google Mirror API, or Glass services having the full functionality of a stable release.
android	Run android-actions/setup-android@9fc6c4e9069bf8d3d10b2204b1fb8f6ef7065407	2026-10-10T02:28:19.7328678Z 
android	Run android-actions/setup-android@9fc6c4e9069bf8d3d10b2204b1fb8f6ef7065407	2026-10-10T02:28:19.7328847Z 5. Your Developer Credentials
android	Run android-actions/setup-android@9fc6c4e9069bf8d3d10b2204b1fb8f6ef7065407	2026-10-10T02:28:19.7329028Z 
android	Run android-actions/setup-android@9fc6c4e9069bf8d3d10b2204b1fb8f6ef7065407	2026-10-10T02:28:19.7330310Z 5.1 You agree that you are responsible for maintaining the confidentiality of any developer credentials that may be issued to you by Google or which you may choose yourself and that you will be solely responsible for all applications that are developed under your developer credentials.
android	Run android-actions/setup-android@9fc6c4e9069bf8d3d10b2204b1fb8f6ef7065407	2026-10-10T02:28:19.7331760Z 
android	Run android-actions/setup-android@9fc6c4e9069bf8d3d10b2204b1fb8f6ef7065407	2026-10-10T02:28:19.7331875Z 6. Privacy and Information
android	Run android-actions/setup-android@9fc6c4e9069bf8d3d10b2204b1fb8f6ef7065407	2026-10-10T02:28:19.7332041Z 
android	Run android-actions/setup-android@9fc6c4e9069bf8d3d10b2204b1fb8f6ef7065407	2026-10-10T02:28:19.7332045Z 
android	Run android-actions/setup-android@9fc6c4e9069bf8d3d10b2204b1fb8f6ef7065407	2026-10-10T02:28:19.7333577Z 6.1 In order to continually innovate and improve the GDK, Google may collect certain usage statistics from the software including but not limited to a unique identifier, associated IP address, version number of the software, and information on which tools and/or services in the GDK are being used and how they are being used. Before any of this information is collected, the GDK will notify you and seek your consent. If you withhold consent, the information will not be collected.
android	Run android-actions/setup-android@9fc6c4e9069bf8d3d10b2204b1fb8f6ef7065407	2026-10-10T02:28:19.7335190Z 
android	Run android-actions/setup-android@9fc6c4e9069bf8d3d10b2204b1fb8f6ef7065407	2026-10-10T02:28:19.7335574Z 6.2 The data collected is examined in the aggregate to improve the GDK and is maintained in accordance with Google's Privacy Policy.
android	Run android-actions/setup-android@9fc6c4e9069bf8d3d10b2204b1fb8f6ef7065407	2026-10-10T02:28:19.7336295Z 
android	Run android-actions/setup-android@9fc6c4e9069bf8d3d10b2204b1fb8f6ef7065407	2026-10-10T02:28:19.7336412Z 7. Third Party Applications
android	Run android-actions/setup-android@9fc6c4e9069bf8d3d10b2204b1fb8f6ef7065407	2026-10-10T02:28:19.7336605Z 
android	Run android-actions/setup-android@9fc6c4e9069bf8d3d10b2204b1fb8f6ef7065407	2026-10-10T02:28:19.7338705Z 7.1 If you use the GDK to run applications developed by a third party or that access data, content or resources provided by a third party, you agree that Google is not responsible for those applications, data, content, or resources. You understand that all data, content or resources which you may access through such third party applications are the sole responsibility of the person from which they originated and that Google is not liable for any loss or damage that you may experience as a result of the use or access of any of those third party applications, data, content, or resources.
android	Run android-actions/setup-android@9fc6c4e9069bf8d3d10b2204b1fb8f6ef7065407	2026-10-10T02:28:19.7340926Z 
android	Run android-actions/setup-android@9fc6c4e9069bf8d3d10b2204b1fb8f6ef7065407	2026-10-10T02:28:19.7342588Z 7.2 You should be aware the data, content, and resources presented to you through such a third party application may be protected by intellectual property rights which are owned by the providers (or by other persons or companies on their behalf). You may not modify, rent, lease, loan, sell, distribute or create derivative works based on these data, content, or resources (either in whole or in part) unless you have been specifically given permission to do so by the relevant owners.
android	Run android-actions/setup-android@9fc6c4e9069bf8d3d10b2204b1fb8f6ef7065407	2026-10-10T02:28:19.7345401Z 
android	Run android-actions/setup-android@9fc6c4e9069bf8d3d10b2204b1fb8f6ef7065407	2026-10-10T02:28:19.7346911Z 7.3 You acknowledge that your use of such third party applications, data, content, or resources may be subject to separate terms between you and the relevant third party. In that case, this License Agreement does not affect your legal relationship with these third parties.
android	Run android-actions/setup-android@9fc6c4e9069bf8d3d10b2204b1fb8f6ef7065407	2026-10-10T02:28:19.7348626Z 
android	Run android-actions/setup-android@9fc6c4e9069bf8d3d10b2204b1fb8f6ef7065407	2026-10-10T02:28:19.7348777Z 8. Using Google APIs
android	Run android-actions/setup-android@9fc6c4e9069bf8d3d10b2204b1fb8f6ef7065407	2026-10-10T02:28:19.7348997Z 
android	Run android-actions/setup-android@9fc6c4e9069bf8d3d10b2204b1fb8f6ef7065407	2026-10-10T02:28:19.7349140Z 8.1 Google APIs
android	Run android-actions/setup-android@9fc6c4e9069bf8d3d10b2204b1fb8f6ef7065407	2026-10-10T02:28:19.7349349Z 
android	Run android-actions/setup-android@9fc6c4e9069bf8d3d10b2204b1fb8f6ef7065407	2026-10-10T02:28:19.7352416Z 8.1.1 If you use any API to retrieve data from Google, you acknowledge that the data may be protected by intellectual property rights which are owned by Google or those parties that provide the data (or by other persons or companies on their behalf). Your use of any such API may be subject to additional Terms of Service. You may not modify, rent, lease, loan, sell, distribute or create derivative works based on this data (either in whole or in part) unless allowed by the relevant Terms of Service.
android	Run android-actions/setup-android@9fc6c4e9069bf8d3d10b2204b1fb8f6ef7065407	2026-10-10T02:28:19.7355702Z 
android	Run android-actions/setup-android@9fc6c4e9069bf8d3d10b2204b1fb8f6ef7065407	2026-10-10T02:28:19.7357090Z 8.1.2 If you use any API to retrieve a user's data from Google, you acknowledge and agree that you shall retrieve data only with the user's explicit consent and only when, and for the limited purposes for which, the user has given you permission to do so.
android	Run android-actions/setup-android@9fc6c4e9069bf8d3d10b2204b1fb8f6ef7065407	2026-10-10T02:28:19.7358626Z 
android	Run android-actions/setup-android@9fc6c4e9069bf8d3d10b2204b1fb8f6ef7065407	2026-10-10T02:28:19.7358811Z 9. Terminating this License Agreement
android	Run android-actions/setup-android@9fc6c4e9069bf8d3d10b2204b1fb8f6ef7065407	2026-10-10T02:28:19.7359134Z 
android	Run android-actions/setup-android@9fc6c4e9069bf8d3d10b2204b1fb8f6ef7065407	2026-10-10T02:28:19.7359702Z 9.1 This License Agreement will continue to apply until terminated by either you or Google as set out below.
android	Run android-actions/setup-android@9fc6c4e9069bf8d3d10b2204b1fb8f6ef7065407	2026-10-10T02:28:19.7360599Z 
android	Run android-actions/setup-android@9fc6c4e9069bf8d3d10b2204b1fb8f6ef7065407	2026-10-10T02:28:19.7361810Z 9.2 If you want to terminate this License Agreement, you may do so by ceasing your use of the GDK and any relevant developer credentials.
android	Run android-actions/setup-android@9fc6c4e9069bf8d3d10b2204b1fb8f6ef7065407	2026-10-10T02:28:19.7363358Z 
android	Run android-actions/setup-android@9fc6c4e9069bf8d3d10b2204b1fb8f6ef7065407	2026-10-10T02:28:19.7367107Z 9.3 Google may at any time, terminate this License Agreement with you if: (A) you have breached any provision of this License Agreement; or (B) Google is required to do so by law; or (C) the partner with whom Google offered certain parts of GDK (such as APIs) to you has terminated its relationship with Google or ceased to offer certain parts of the GDK to you; or (D) Google decides to no longer provide the GDK or certain parts of the GDK to users in the country in which you are resident or from which you use the service, or the provision of the GDK or certain GDK services to you by Google is, in Google's sole discretion, no longer commercially viable.
android	Run android-actions/setup-android@9fc6c4e9069bf8d3d10b2204b1fb8f6ef7065407	2026-10-10T02:28:19.7371215Z 
android	Run android-actions/setup-android@9fc6c4e9069bf8d3d10b2204b1fb8f6ef7065407	2026-10-10T02:28:19.7373821Z 9.4 When this License Agreement comes to an end, all of the legal rights, obligations and liabilities that you and Google have benefited from, been subject to (or which have accrued over time whilst this License Agreement has been in force) or which are expressed to continue indefinitely, shall be unaffected by this cessation, and the provisions of paragraph 14.7 shall continue to apply to such rights, obligations and liabilities indefinitely.
android	Run android-actions/setup-android@9fc6c4e9069bf8d3d10b2204b1fb8f6ef7065407	2026-10-10T02:28:19.7376518Z 
android	Run android-actions/setup-android@9fc6c4e9069bf8d3d10b2204b1fb8f6ef7065407	2026-10-10T02:28:19.7376693Z 10. DISCLAIMER OF WARRANTIES
android	Run android-actions/setup-android@9fc6c4e9069bf8d3d10b2204b1fb8f6ef7065407	2026-10-10T02:28:19.7376985Z 
android	Run android-actions/setup-android@9fc6c4e9069bf8d3d10b2204b1fb8f6ef7065407	2026-10-10T02:28:19.7377909Z 10.1 YOU EXPRESSLY UNDERSTAND AND AGREE THAT YOUR USE OF THE GDK IS AT YOUR SOLE RISK AND THAT THE GDK IS PROVIDED "AS IS" AND "AS AVAILABLE" WITHOUT WARRANTY OF ANY KIND FROM GOOGLE.
android	Run android-actions/setup-android@9fc6c4e9069bf8d3d10b2204b1fb8f6ef7065407	2026-10-10T02:28:19.7379247Z 
android	Run android-actions/setup-android@9fc6c4e9069bf8d3d10b2204b1fb8f6ef7065407	2026-10-10T02:28:19.7381033Z 10.2 YOUR USE OF THE GDK AND ANY MATERIAL DOWNLOADED OR OTHERWISE OBTAINED THROUGH THE USE OF THE GDK IS AT YOUR OWN DISCRETION AND RISK AND YOU ARE SOLELY RESPONSIBLE FOR ANY DAMAGE TO YOUR COMPUTER SYSTEM OR OTHER DEVICE OR LOSS OF DATA THAT RESULTS FROM SUCH USE.
android	Run android-actions/setup-android@9fc6c4e9069bf8d3d10b2204b1fb8f6ef7065407	2026-10-10T02:28:19.7382257Z 
android	Run android-actions/setup-android@9fc6c4e9069bf8d3d10b2204b1fb8f6ef7065407	2026-10-10T02:28:19.7383077Z 10.3 GOOGLE FURTHER EXPRESSLY DISCLAIMS ALL WARRANTIES AND CONDITIONS OF ANY KIND, WHETHER EXPRESS OR IMPLIED, INCLUDING, BUT NOT LIMITED TO THE IMPLIED WARRANTIES AND CONDITIONS OF MERCHANTABILITY, FITNESS FOR A PARTICULAR PURPOSE AND NON-INFRINGEMENT.
android	Run android-actions/setup-android@9fc6c4e9069bf8d3d10b2204b1fb8f6ef7065407	2026-10-10T02:28:19.7383997Z 
android	Run android-actions/setup-android@9fc6c4e9069bf8d3d10b2204b1fb8f6ef7065407	2026-10-10T02:28:19.7384099Z 11. LIMITATION OF LIABILITY
android	Run android-actions/setup-android@9fc6c4e9069bf8d3d10b2204b1fb8f6ef7065407	2026-10-10T02:28:19.7384260Z 
android	Run android-actions/setup-android@9fc6c4e9069bf8d3d10b2204b1fb8f6ef7065407	2026-10-10T02:28:19.7385647Z 11.1 YOU EXPRESSLY UNDERSTAND AND AGREE THAT GOOGLE, ITS SUBSIDIARIES AND AFFILIATES, AND ITS LICENSORS SHALL NOT BE LIABLE TO YOU UNDER ANY THEORY OF LIABILITY FOR ANY DIRECT, INDIRECT, INCIDENTAL, SPECIAL, CONSEQUENTIAL OR EXEMPLARY DAMAGES THAT MAY BE INCURRED BY YOU, INCLUDING ANY LOSS OF DATA, WHETHER OR NOT GOOGLE OR ITS REPRESENTATIVES HAVE BEEN ADVISED OF OR SHOULD HAVE BEEN AWARE OF THE POSSIBILITY OF ANY SUCH LOSSES ARISING.
android	Run android-actions/setup-android@9fc6c4e9069bf8d3d10b2204b1fb8f6ef7065407	2026-10-10T02:28:19.7387121Z 
android	Run android-actions/setup-android@9fc6c4e9069bf8d3d10b2204b1fb8f6ef7065407	2026-10-10T02:28:19.7387213Z 12. Indemnification
android	Run android-actions/setup-android@9fc6c4e9069bf8d3d10b2204b1fb8f6ef7065407	2026-10-10T02:28:19.7387399Z 
android	Run android-actions/setup-android@9fc6c4e9069bf8d3d10b2204b1fb8f6ef7065407	2026-10-10T02:28:19.7390256Z 12.1 To the maximum extent permitted by law, you agree to defend, indemnify and hold harmless Google, its affiliates and their respective directors, officers, employees and agents from and against any and all claims, actions, suits or proceedings, as well as any and all losses, liabilities, damages, costs and expenses (including reasonable attorneys fees) arising out of or accruing from (a) your use of the GDK, (b) any application you develop on the GDK that infringes any copyright, trademark, trade secret, trade dress, patent or other intellectual property right of any person or defames any person or violates their rights of publicity or privacy, and (c) any non-compliance by you with this License Agreement.
android	Run android-actions/setup-android@9fc6c4e9069bf8d3d10b2204b1fb8f6ef7065407	2026-10-10T02:28:19.7393797Z 
android	Run android-actions/setup-android@9fc6c4e9069bf8d3d10b2204b1fb8f6ef7065407	2026-10-10T02:28:19.7393931Z 13. Changes to the License Agreement
android	Run android-actions/setup-android@9fc6c4e9069bf8d3d10b2204b1fb8f6ef7065407	2026-10-10T02:28:19.7394133Z 
android	Run android-actions/setup-android@9fc6c4e9069bf8d3d10b2204b1fb8f6ef7065407	2026-10-10T02:28:19.7394892Z 13.1 Google may make changes to the License Agreement as it distributes new versions of the GDK. When these changes are made, Google will make a new version of the License Agreement available on the website where the GDK is made available.
android	Run android-actions/setup-android@9fc6c4e9069bf8d3d10b2204b1fb8f6ef7065407	2026-10-10T02:28:19.7395928Z 
android	Run android-actions/setup-android@9fc6c4e9069bf8d3d10b2204b1fb8f6ef7065407	2026-10-10T02:28:19.7396025Z 14. General Legal Terms
android	Run android-actions/setup-android@9fc6c4e9069bf8d3d10b2204b1fb8f6ef7065407	2026-10-10T02:28:19.7396173Z 
android	Run android-actions/setup-android@9fc6c4e9069bf8d3d10b2204b1fb8f6ef7065407	2026-10-10T02:28:19.7397147Z 14.1 This License Agreement constitutes the whole legal agreement between you and Google and governs your use of the GDK (excluding any services which Google may provide to you under a separate written agreement), and completely replaces any prior agreements between you and Google in relation to the GDK.
android	Run android-actions/setup-android@9fc6c4e9069bf8d3d10b2204b1fb8f6ef7065407	2026-10-10T02:28:19.7398221Z 
android	Run android-actions/setup-android@9fc6c4e9069bf8d3d10b2204b1fb8f6ef7065407	2026-10-10T02:28:19.7399224Z 14.2 You agree that if Google does not exercise or enforce any legal right or remedy which is contained in this License Agreement (or which Google has the benefit of under any applicable law), this will not be taken to be a formal waiver of Google's rights and that those rights or remedies will still be available to Google.
android	Run android-actions/setup-android@9fc6c4e9069bf8d3d10b2204b1fb8f6ef7065407	2026-10-10T02:28:19.7400592Z 
android	Run android-actions/setup-android@9fc6c4e9069bf8d3d10b2204b1fb8f6ef7065407	2026-10-10T02:28:19.7401707Z 14.3 If any court of law, having the jurisdiction to decide on this matter, rules that any provision of this License Agreement is invalid, then that provision will be removed from this License Agreement without affecting the rest of this License Agreement. The remaining provisions of this License Agreement will continue to be valid and enforceable.
android	Run android-actions/setup-android@9fc6c4e9069bf8d3d10b2204b1fb8f6ef7065407	2026-10-10T02:28:19.7402913Z 
android	Run android-actions/setup-android@9fc6c4e9069bf8d3d10b2204b1fb8f6ef7065407	2026-10-10T02:28:19.7404348Z 14.4 You acknowledge and agree that each member of the group of companies of which Google is the parent shall be third party beneficiaries to this License Agreement and that such other companies shall be entitled to directly enforce, and rely upon, any provision of this License Agreement that confers a benefit on (or rights in favor of) them. Other than this, no other person or company shall be third party beneficiaries to this License Agreement.
android	Run android-actions/setup-android@9fc6c4e9069bf8d3d10b2204b1fb8f6ef7065407	2026-10-10T02:28:19.7405867Z 
android	Run android-actions/setup-android@9fc6c4e9069bf8d3d10b2204b1fb8f6ef7065407	2026-10-10T02:28:19.7406701Z 14.5 EXPORT RESTRICTIONS. THE GDK IS SUBJECT TO UNITED STATES EXPORT LAWS AND REGULATIONS. YOU MUST COMPLY WITH ALL DOMESTIC AND INTERNATIONAL EXPORT LAWS AND REGULATIONS THAT APPLY TO THE GDK. THESE LAWS INCLUDE RESTRICTIONS ON DESTINATIONS, END USERS AND END USE.
android	Run android-actions/setup-android@9fc6c4e9069bf8d3d10b2204b1fb8f6ef7065407	2026-10-10T02:28:19.7407640Z 
android	Run android-actions/setup-android@9fc6c4e9069bf8d3d10b2204b1fb8f6ef7065407	2026-10-10T02:28:19.7408746Z 14.6 The rights granted in this License Agreement may not be assigned or transferred by either you or Google without the prior written approval of the other party. Neither you nor Google shall be permitted to delegate their responsibilities or obligations under this License Agreement without the prior written approval of the other party.
android	Run android-actions/setup-android@9fc6c4e9069bf8d3d10b2204b1fb8f6ef7065407	2026-10-10T02:28:19.7410266Z 
android	Run android-actions/setup-android@9fc6c4e9069bf8d3d10b2204b1fb8f6ef7065407	2026-10-10T02:28:19.7412141Z 14.7 This License Agreement, and your relationship with Google under this License Agreement, shall be governed by the laws of the State of California without regard to its conflict of laws provisions. You and Google agree to submit to the exclusive jurisdiction of the courts located within the county of Santa Clara, California to resolve any legal matter arising from this License Agreement. Notwithstanding this, you agree that Google shall still be allowed to apply for injunctive remedies (or an equivalent type of urgent legal relief) in any jurisdiction.
android	Run android-actions/setup-android@9fc6c4e9069bf8d3d10b2204b1fb8f6ef7065407	2026-10-10T02:28:19.7414212Z 
android	Run android-actions/setup-android@9fc6c4e9069bf8d3d10b2204b1fb8f6ef7065407	2026-10-10T02:28:19.7414305Z November 19, 2013
android	Run android-actions/setup-android@9fc6c4e9069bf8d3d10b2204b1fb8f6ef7065407	2026-10-10T02:28:19.7414525Z ---------------------------------------
android	Run android-actions/setup-android@9fc6c4e9069bf8d3d10b2204b1fb8f6ef7065407	2026-10-10T02:28:19.7414795Z Accept? (y/N): 
android	Run android-actions/setup-android@9fc6c4e9069bf8d3d10b2204b1fb8f6ef7065407	2026-10-10T02:28:19.7415026Z 6/7: License microxr-sysimage-license:
android	Run android-actions/setup-android@9fc6c4e9069bf8d3d10b2204b1fb8f6ef7065407	2026-10-10T02:28:19.7415319Z ---------------------------------------
android	Run android-actions/setup-android@9fc6c4e9069bf8d3d10b2204b1fb8f6ef7065407	2026-10-10T02:28:19.7416258Z To get started with the microXR Emulator System Image SDK, you must agree to the following terms and conditions. As described below, please note that this is a preview, emulated version of microXR, subject to change, that you use at your own risk.
android	Run android-actions/setup-android@9fc6c4e9069bf8d3d10b2204b1fb8f6ef7065407	2026-10-10T02:28:19.7417121Z 
android	Run android-actions/setup-android@9fc6c4e9069bf8d3d10b2204b1fb8f6ef7065407	2026-10-10T02:28:19.7417339Z This is the microXR Emulator System Image SDK License Agreement 1. Introduction
android	Run android-actions/setup-android@9fc6c4e9069bf8d3d10b2204b1fb8f6ef7065407	2026-10-10T02:28:19.7417652Z 
android	Run android-actions/setup-android@9fc6c4e9069bf8d3d10b2204b1fb8f6ef7065407	2026-10-10T02:28:19.7419047Z 1.1 The microXR Emulator System Image SDK (referred to in the License Agreement as the "SDK" and specifically including the Android system files,, packaged APIs, library files (if and when they are made available), and Google applications and APIs add-ons) is licensed to you subject to the terms of the License Agreement. The License Agreement forms a legally binding contract between you and Google in relation to your use of the SDK.
android	Run android-actions/setup-android@9fc6c4e9069bf8d3d10b2204b1fb8f6ef7065407	2026-10-10T02:28:19.7421208Z 
android	Run android-actions/setup-android@9fc6c4e9069bf8d3d10b2204b1fb8f6ef7065407	2026-10-10T02:28:19.7421910Z 1.2 "Android" means the Android software stack for devices, as made available under the Android Open Source Project, which is located at the following URL: https://source.android.com/, as updated from time to time.
android	Run android-actions/setup-android@9fc6c4e9069bf8d3d10b2204b1fb8f6ef7065407	2026-10-10T02:28:19.7422672Z 
android	Run android-actions/setup-android@9fc6c4e9069bf8d3d10b2204b1fb8f6ef7065407	2026-10-10T02:28:19.7423341Z 1.3 "Google" means Google LLC, organized under the laws of the State of Delaware, USA, and operating under the laws of the USA with principal place of business at 1600 Amphitheatre Parkway, Mountain View, CA 94043, USA.
android	Run android-actions/setup-android@9fc6c4e9069bf8d3d10b2204b1fb8f6ef7065407	2026-10-10T02:28:19.7424095Z 
android	Run android-actions/setup-android@9fc6c4e9069bf8d3d10b2204b1fb8f6ef7065407	2026-10-10T02:28:19.7424100Z 
android	Run android-actions/setup-android@9fc6c4e9069bf8d3d10b2204b1fb8f6ef7065407	2026-10-10T02:28:19.7424209Z 2. Accepting this License Agreement
android	Run android-actions/setup-android@9fc6c4e9069bf8d3d10b2204b1fb8f6ef7065407	2026-10-10T02:28:19.7424386Z 
android	Run android-actions/setup-android@9fc6c4e9069bf8d3d10b2204b1fb8f6ef7065407	2026-10-10T02:28:19.7424817Z 2.1 In order to use the SDK, you must first agree to the License Agreement. You may not use the SDK if you do not accept the License Agreement.
android	Run android-actions/setup-android@9fc6c4e9069bf8d3d10b2204b1fb8f6ef7065407	2026-10-10T02:28:19.7425329Z 
android	Run android-actions/setup-android@9fc6c4e9069bf8d3d10b2204b1fb8f6ef7065407	2026-10-10T02:28:19.7425617Z 2.2 By clicking to accept and/or using this SDK, you hereby agree to the terms of the License Agreement.
android	Run android-actions/setup-android@9fc6c4e9069bf8d3d10b2204b1fb8f6ef7065407	2026-10-10T02:28:19.7426001Z 
android	Run android-actions/setup-android@9fc6c4e9069bf8d3d10b2204b1fb8f6ef7065407	2026-10-10T02:28:19.7426767Z 2.3 You may not use the SDK and may not accept the License Agreement if you are a person barred from receiving the SDK under the laws of the United States or other countries, including the country in which you are resident or from which you use the SDK.
android	Run android-actions/setup-android@9fc6c4e9069bf8d3d10b2204b1fb8f6ef7065407	2026-10-10T02:28:19.7427639Z 
android	Run android-actions/setup-android@9fc6c4e9069bf8d3d10b2204b1fb8f6ef7065407	2026-10-10T02:28:19.7428863Z 2.4 If you are agreeing to be bound by the License Agreement on behalf of your employer or other entity, you represent and warrant that you have full legal authority to bind your employer or such entity to the License Agreement. If you do not have the requisite authority, you may not accept the License Agreement or use the SDK on behalf of your employer or other entity. 3. SDK License from Google
android	Run android-actions/setup-android@9fc6c4e9069bf8d3d10b2204b1fb8f6ef7065407	2026-10-10T02:28:19.7430530Z 
android	Run android-actions/setup-android@9fc6c4e9069bf8d3d10b2204b1fb8f6ef7065407	2026-10-10T02:28:19.7431311Z 3.1 Subject to the terms of the License Agreement, Google grants you a limited, worldwide, royalty-free, non-assignable, non-exclusive, and non-sublicensable license to use the SDK solely to develop applications for microXR and/or Android XR.
android	Run android-actions/setup-android@9fc6c4e9069bf8d3d10b2204b1fb8f6ef7065407	2026-10-10T02:28:19.7432176Z 
android	Run android-actions/setup-android@9fc6c4e9069bf8d3d10b2204b1fb8f6ef7065407	2026-10-10T02:28:19.7432847Z 3.2 You may not use this SDK to develop applications for other platforms or to develop another SDK. You are of course free to develop applications for other platforms provided that this SDK is not used for that purpose.
android	Run android-actions/setup-android@9fc6c4e9069bf8d3d10b2204b1fb8f6ef7065407	2026-10-10T02:28:19.7433618Z 
android	Run android-actions/setup-android@9fc6c4e9069bf8d3d10b2204b1fb8f6ef7065407	2026-10-10T02:28:19.7435108Z 3.3 You agree that Google or third parties own all legal right, title and interest in and to the SDK, including any Intellectual Property Rights that subsist in the SDK. "Intellectual Property Rights" means any and all rights under patent law, copyright law, trade secret law, trademark law, and any and all other proprietary rights. Google reserves all rights not expressly granted to you.
android	Run android-actions/setup-android@9fc6c4e9069bf8d3d10b2204b1fb8f6ef7065407	2026-10-10T02:28:19.7437813Z 
android	Run android-actions/setup-android@9fc6c4e9069bf8d3d10b2204b1fb8f6ef7065407	2026-10-10T02:28:19.7441684Z 3.4 You may not use the SDK for any purpose not expressly permitted by the License Agreement. Except to the extent required by applicable third party licenses, you may not (a) copy (except for backup purposes), modify, adapt, redistribute, decompile, reverse engineer, disassemble, or create derivative works of the SDK or any part of the SDK; or (b) load any part of the SDK onto a mobile handset or any other hardware device except a personal computer, combine any part of the SDK with other software, or distribute any software or device incorporating a part of the SDK.
android	Run android-actions/setup-android@9fc6c4e9069bf8d3d10b2204b1fb8f6ef7065407	2026-10-10T02:28:19.7445261Z 
android	Run android-actions/setup-android@9fc6c4e9069bf8d3d10b2204b1fb8f6ef7065407	2026-10-10T02:28:19.7447799Z 3.5 Use, reproduction and distribution of components of the SDK licensed under an open source software license are governed solely by the terms of that open source software license and not the License Agreement. You agree to remain a licensee in good standing in regard to such open source software licenses under all the rights granted and to refrain from any actions that may terminate, suspend, or breach such rights.
android	Run android-actions/setup-android@9fc6c4e9069bf8d3d10b2204b1fb8f6ef7065407	2026-10-10T02:28:19.7451013Z 
android	Run android-actions/setup-android@9fc6c4e9069bf8d3d10b2204b1fb8f6ef7065407	2026-10-10T02:28:19.7453520Z 3.6 You agree that the form and nature of the SDK that Google provides may change without prior notice to you and that future versions of the SDK may be incompatible with applications developed on previous versions of the SDK. You agree that Google may stop (permanently or temporarily) providing the SDK (or any features within the SDK) to you or to users generally at Google's sole discretion, without prior notice to you.
android	Run android-actions/setup-android@9fc6c4e9069bf8d3d10b2204b1fb8f6ef7065407	2026-10-10T02:28:19.7456407Z 
android	Run android-actions/setup-android@9fc6c4e9069bf8d3d10b2204b1fb8f6ef7065407	2026-10-10T02:28:19.7457465Z 3.7 Nothing in the License Agreement gives you a right to use any of Google's trade names, trademarks, service marks, logos, domain names, or other distinctive brand features.
android	Run android-actions/setup-android@9fc6c4e9069bf8d3d10b2204b1fb8f6ef7065407	2026-10-10T02:28:19.7458631Z 
android	Run android-actions/setup-android@9fc6c4e9069bf8d3d10b2204b1fb8f6ef7065407	2026-10-10T02:28:19.7459694Z 3.8 You agree that you will not remove, obscure, or alter any proprietary rights notices (including copyright and trademark notices) that may be affixed to or contained within the SDK.
android	Run android-actions/setup-android@9fc6c4e9069bf8d3d10b2204b1fb8f6ef7065407	2026-10-10T02:28:19.7461137Z 
android	Run android-actions/setup-android@9fc6c4e9069bf8d3d10b2204b1fb8f6ef7065407	2026-10-10T02:28:19.7461304Z 4. Use of the SDK by You
android	Run android-actions/setup-android@9fc6c4e9069bf8d3d10b2204b1fb8f6ef7065407	2026-10-10T02:28:19.7461571Z 
android	Run android-actions/setup-android@9fc6c4e9069bf8d3d10b2204b1fb8f6ef7065407	2026-10-10T02:28:19.7463082Z 4.1 Google agrees that it obtains no right, title or interest from you (or your licensors) under the License Agreement in or to any software applications that you develop using the SDK, including any intellectual property rights that subsist in those applications.
android	Run android-actions/setup-android@9fc6c4e9069bf8d3d10b2204b1fb8f6ef7065407	2026-10-10T02:28:19.7464831Z 
android	Run android-actions/setup-android@9fc6c4e9069bf8d3d10b2204b1fb8f6ef7065407	2026-10-10T02:28:19.7467031Z 4.2 You agree to use the SDK and write applications only for purposes that are permitted by (a) the License Agreement and (b) any applicable law, regulation or generally accepted practices or guidelines in the relevant jurisdictions (including any laws regarding the export of data or software to and from the United States or other relevant countries).
android	Run android-actions/setup-android@9fc6c4e9069bf8d3d10b2204b1fb8f6ef7065407	2026-10-10T02:28:19.7469291Z 
android	Run android-actions/setup-android@9fc6c4e9069bf8d3d10b2204b1fb8f6ef7065407	2026-10-10T02:28:19.7474206Z 4.3 You agree that if you use the SDK to develop applications for general public users, you will protect the privacy and legal rights of those users. If the users provide you with user names, passwords, or other login information or personal information, you must make the users aware that the information will be available to your application, and you must provide legally adequate privacy notice and protection for those users. If your application stores personal or sensitive information provided by users, it must do so securely. If the user provides your application with Google Account information, your application may only use that information to access the user's Google Account when, and for the limited purposes for which, the user has given you permission to do so.
android	Run android-actions/setup-android@9fc6c4e9069bf8d3d10b2204b1fb8f6ef7065407	2026-10-10T02:28:19.7479115Z 
android	Run android-actions/setup-android@9fc6c4e9069bf8d3d10b2204b1fb8f6ef7065407	2026-10-10T02:28:19.7481429Z 4.4 You agree that you will not engage in any activity with the SDK, including the development or distribution of an application, that interferes with, disrupts, damages, or accesses in an unauthorized manner the servers, networks, or other properties or services of any third party including, but not limited to, Google or any mobile communications carrier.
android	Run android-actions/setup-android@9fc6c4e9069bf8d3d10b2204b1fb8f6ef7065407	2026-10-10T02:28:19.7483905Z 
android	Run android-actions/setup-android@9fc6c4e9069bf8d3d10b2204b1fb8f6ef7065407	2026-10-10T02:28:19.7485921Z 4.5 You agree that you are solely responsible for (and that Google has no responsibility to you or to any third party for) any data, content, or resources that you create, transmit or display through Android and/or applications for Android, and for the consequences of your actions (including any loss or damage which Google may suffer) by doing so.
android	Run android-actions/setup-android@9fc6c4e9069bf8d3d10b2204b1fb8f6ef7065407	2026-10-10T02:28:19.7488119Z 
android	Run android-actions/setup-android@9fc6c4e9069bf8d3d10b2204b1fb8f6ef7065407	2026-10-10T02:28:19.7490641Z 4.6 You agree that you are solely responsible for (and that Google has no responsibility to you or to any third party for) any breach of your obligations under the License Agreement, any applicable third party contract or Terms of Service, or any applicable law or regulation, and for the consequences (including any loss or damage which Google or any third party may suffer) of any such breach.
android	Run android-actions/setup-android@9fc6c4e9069bf8d3d10b2204b1fb8f6ef7065407	2026-10-10T02:28:19.7493127Z 
android	Run android-actions/setup-android@9fc6c4e9069bf8d3d10b2204b1fb8f6ef7065407	2026-10-10T02:28:19.7494861Z 4.7 The SDK is in development, and your testing and feedback are an important part of the development process. By using the SDK, you acknowledge that implementation of some features are still under development and that you should not rely on the SDK having the full functionality of a stable release.
android	Run android-actions/setup-android@9fc6c4e9069bf8d3d10b2204b1fb8f6ef7065407	2026-10-10T02:28:19.7497021Z 
android	Run android-actions/setup-android@9fc6c4e9069bf8d3d10b2204b1fb8f6ef7065407	2026-10-10T02:28:19.7497191Z 5. Your Developer Credentials
android	Run android-actions/setup-android@9fc6c4e9069bf8d3d10b2204b1fb8f6ef7065407	2026-10-10T02:28:19.7497471Z 
android	Run android-actions/setup-android@9fc6c4e9069bf8d3d10b2204b1fb8f6ef7065407	2026-10-10T02:28:19.7499294Z 5.1 You agree that you are responsible for maintaining the confidentiality of any developer credentials that may be issued to you by Google or which you may choose yourself and that you will be solely responsible for all applications that are developed under your developer credentials. 6. Privacy and Information
android	Run android-actions/setup-android@9fc6c4e9069bf8d3d10b2204b1fb8f6ef7065407	2026-10-10T02:28:19.7501568Z 
android	Run android-actions/setup-android@9fc6c4e9069bf8d3d10b2204b1fb8f6ef7065407	2026-10-10T02:28:19.7504398Z 6.1 In order to continually innovate and improve the SDK, Google may collect certain usage statistics from the software including but not limited to a unique identifier, associated IP address, version number of the software, and information on which tools and/or services in the SDK are being used and how they are being used. Before any of this information is collected, the SDK will notify you and seek your consent. If you withhold consent, the information will not be collected.
android	Run android-actions/setup-android@9fc6c4e9069bf8d3d10b2204b1fb8f6ef7065407	2026-10-10T02:28:19.7507439Z 
android	Run android-actions/setup-android@9fc6c4e9069bf8d3d10b2204b1fb8f6ef7065407	2026-10-10T02:28:19.7508661Z 6.2 The data collected is examined in the aggregate to improve the SDK and is maintained in accordance with Google's Privacy Policy, which is located at the following URL: https://policies.google.com/privacy
android	Run android-actions/setup-android@9fc6c4e9069bf8d3d10b2204b1fb8f6ef7065407	2026-10-10T02:28:19.7510224Z 
android	Run android-actions/setup-android@9fc6c4e9069bf8d3d10b2204b1fb8f6ef7065407	2026-10-10T02:28:19.7510933Z 6.3 Anonymized and aggregated sets of the data may be shared with Google partners to improve the SDK. 7. Third Party Applications
android	Run android-actions/setup-android@9fc6c4e9069bf8d3d10b2204b1fb8f6ef7065407	2026-10-10T02:28:19.7511825Z 
android	Run android-actions/setup-android@9fc6c4e9069bf8d3d10b2204b1fb8f6ef7065407	2026-10-10T02:28:19.7515319Z 7.1 If you use the SDK to run applications developed by a third party or that access data, content or resources provided by a third party, you agree that Google is not responsible for those applications, data, content, or resources. You understand that all data, content or resources which you may access through such third party applications are the sole responsibility of the person from which they originated and that Google is not liable for any loss or damage that you may experience as a result of the use or access of any of those third party applications, data, content, or resources.
android	Run android-actions/setup-android@9fc6c4e9069bf8d3d10b2204b1fb8f6ef7065407	2026-10-10T02:28:19.7519033Z 
android	Run android-actions/setup-android@9fc6c4e9069bf8d3d10b2204b1fb8f6ef7065407	2026-10-10T02:28:19.7522101Z 7.2 You should be aware that the data, content, and resources presented to you through such a third party application may be protected by intellectual property rights which are owned by the providers (or by other persons or companies on their behalf). You may not modify, rent, lease, loan, sell, distribute or create derivative works based on these data, content, or resources (either in whole or in part) unless you have been specifically given permission to do so by the relevant owners.
android	Run android-actions/setup-android@9fc6c4e9069bf8d3d10b2204b1fb8f6ef7065407	2026-10-10T02:28:19.7525165Z 
android	Run android-actions/setup-android@9fc6c4e9069bf8d3d10b2204b1fb8f6ef7065407	2026-10-10T02:28:19.7526877Z 7.3 You acknowledge that your use of such third party applications, data, content, or resources may be subject to separate terms between you and the relevant third party. In that case, the License Agreement does not affect your legal relationship with these third parties. 8. Using Android APIs
android	Run android-actions/setup-android@9fc6c4e9069bf8d3d10b2204b1fb8f6ef7065407	2026-10-10T02:28:19.7528957Z 
android	Run android-actions/setup-android@9fc6c4e9069bf8d3d10b2204b1fb8f6ef7065407	2026-10-10T02:28:19.7529101Z 8.1 Google Data APIs
android	Run android-actions/setup-android@9fc6c4e9069bf8d3d10b2204b1fb8f6ef7065407	2026-10-10T02:28:19.7529329Z 
android	Run android-actions/setup-android@9fc6c4e9069bf8d3d10b2204b1fb8f6ef7065407	2026-10-10T02:28:19.7532454Z 8.1.1 If you use any API to retrieve data from Google, you acknowledge that the data may be protected by intellectual property rights which are owned by Google or those parties that provide the data (or by other persons or companies on their behalf). Your use of any such API may be subject to additional Terms of Service. You may not modify, rent, lease, loan, sell, distribute or create derivative works based on this data (either in whole or in part) unless allowed by the relevant Terms of Service.
android	Run android-actions/setup-android@9fc6c4e9069bf8d3d10b2204b1fb8f6ef7065407	2026-10-10T02:28:19.7535529Z 
android	Run android-actions/setup-android@9fc6c4e9069bf8d3d10b2204b1fb8f6ef7065407	2026-10-10T02:28:19.7540754Z 8.1.2 If you use any API to retrieve a user's data from Google, you acknowledge and agree that you shall retrieve data only with the user's explicit consent and only when, and for the limited purposes for which, the user has given you permission to do so. If you use the Android Recognition Service API, documented at the following URL: https://developer.android.com/reference/android/speech/RecognitionService, as updated from time to time, you acknowledge that the use of the API is subject to the Data Processing Addendum for Products where Google is a Data Processor, which is located at the following URL: https://privacy.google.com/businesses/gdprprocessorterms/, as updated from time to time. By clicking to accept, you hereby agree to the terms of the Data Processing Addendum for Products where Google is a Data Processor.
android	Run android-actions/setup-android@9fc6c4e9069bf8d3d10b2204b1fb8f6ef7065407	2026-10-10T02:28:19.7546215Z 
android	Run android-actions/setup-android@9fc6c4e9069bf8d3d10b2204b1fb8f6ef7065407	2026-10-10T02:28:19.7546395Z 9. Terminating this License Agreement
android	Run android-actions/setup-android@9fc6c4e9069bf8d3d10b2204b1fb8f6ef7065407	2026-10-10T02:28:19.7546718Z 
android	Run android-actions/setup-android@9fc6c4e9069bf8d3d10b2204b1fb8f6ef7065407	2026-10-10T02:28:19.7547277Z 9.1 The License Agreement will continue to apply until terminated by either you or Google as set out below.
android	Run android-actions/setup-android@9fc6c4e9069bf8d3d10b2204b1fb8f6ef7065407	2026-10-10T02:28:19.7548024Z 
android	Run android-actions/setup-android@9fc6c4e9069bf8d3d10b2204b1fb8f6ef7065407	2026-10-10T02:28:19.7548711Z 9.2 If you want to terminate the License Agreement, you may do so by ceasing your use of the SDK and any relevant developer credentials.
android	Run android-actions/setup-android@9fc6c4e9069bf8d3d10b2204b1fb8f6ef7065407	2026-10-10T02:28:19.7549593Z 
android	Run android-actions/setup-android@9fc6c4e9069bf8d3d10b2204b1fb8f6ef7065407	2026-10-10T02:28:19.7553569Z 9.3 Google may at any time, terminate the License Agreement with you if: (A) you have breached any provision of the License Agreement; or (B) Google is required to do so by law; or (C) the partner with whom Google offered certain parts of SDK (such as APIs) to you has terminated its relationship with Google or ceased to offer certain parts of the SDK to you; or (D) Google decides to no longer provide the SDK or certain parts of the SDK to users in the country in which you are resident or from which you use the service, or the provision of the SDK or certain SDK services to you by Google is, in Google's sole discretion, no longer commercially viable.
android	Run android-actions/setup-android@9fc6c4e9069bf8d3d10b2204b1fb8f6ef7065407	2026-10-10T02:28:19.7557464Z 
android	Run android-actions/setup-android@9fc6c4e9069bf8d3d10b2204b1fb8f6ef7065407	2026-10-10T02:28:19.7560247Z 9.4 When the License Agreement comes to an end, all of the legal rights, obligations and liabilities that you and Google have benefited from, been subject to (or which have accrued over time whilst the License Agreement has been in force) or which are expressed to continue indefinitely, shall be unaffected by this cessation, and the provisions of paragraph 14.7 shall continue to apply to such rights, obligations and liabilities indefinitely.
android	Run android-actions/setup-android@9fc6c4e9069bf8d3d10b2204b1fb8f6ef7065407	2026-10-10T02:28:19.7563106Z 
android	Run android-actions/setup-android@9fc6c4e9069bf8d3d10b2204b1fb8f6ef7065407	2026-10-10T02:28:19.7563292Z 10. DISCLAIMER OF WARRANTIES
android	Run android-actions/setup-android@9fc6c4e9069bf8d3d10b2204b1fb8f6ef7065407	2026-10-10T02:28:19.7563588Z 
android	Run android-actions/setup-android@9fc6c4e9069bf8d3d10b2204b1fb8f6ef7065407	2026-10-10T02:28:19.7564537Z 10.1 YOU EXPRESSLY UNDERSTAND AND AGREE THAT YOUR USE OF THE SDK IS AT YOUR SOLE RISK AND THAT THE SDK IS PROVIDED "AS IS" AND "AS AVAILABLE" WITHOUT WARRANTY OF ANY KIND FROM GOOGLE.
android	Run android-actions/setup-android@9fc6c4e9069bf8d3d10b2204b1fb8f6ef7065407	2026-10-10T02:28:19.7565683Z 
android	Run android-actions/setup-android@9fc6c4e9069bf8d3d10b2204b1fb8f6ef7065407	2026-10-10T02:28:19.7567195Z 10.2 YOUR USE OF THE SDK AND ANY MATERIAL DOWNLOADED OR OTHERWISE OBTAINED THROUGH THE USE OF THE SDK IS AT YOUR OWN DISCRETION AND RISK AND YOU ARE SOLELY RESPONSIBLE FOR ANY DAMAGE TO YOUR COMPUTER SYSTEM OR OTHER DEVICE OR LOSS OF DATA THAT RESULTS FROM SUCH USE.
android	Run android-actions/setup-android@9fc6c4e9069bf8d3d10b2204b1fb8f6ef7065407	2026-10-10T02:28:19.7569091Z 
android	Run android-actions/setup-android@9fc6c4e9069bf8d3d10b2204b1fb8f6ef7065407	2026-10-10T02:28:19.7570915Z 10.3 GOOGLE FURTHER EXPRESSLY DISCLAIMS ALL WARRANTIES AND CONDITIONS OF ANY KIND, WHETHER EXPRESS OR IMPLIED, INCLUDING, BUT NOT LIMITED TO THE IMPLIED WARRANTIES AND CONDITIONS OF MERCHANTABILITY, FITNESS FOR A PARTICULAR PURPOSE AND NON-INFRINGEMENT. 11. LIMITATION OF LIABILITY
android	Run android-actions/setup-android@9fc6c4e9069bf8d3d10b2204b1fb8f6ef7065407	2026-10-10T02:28:19.7572767Z 
android	Run android-actions/setup-android@9fc6c4e9069bf8d3d10b2204b1fb8f6ef7065407	2026-10-10T02:28:19.7575382Z 11.1 YOU EXPRESSLY UNDERSTAND AND AGREE THAT GOOGLE, ITS SUBSIDIARIES AND AFFILIATES, AND ITS LICENSORS SHALL NOT BE LIABLE TO YOU UNDER ANY THEORY OF LIABILITY FOR ANY DIRECT, INDIRECT, INCIDENTAL, SPECIAL, CONSEQUENTIAL OR EXEMPLARY DAMAGES THAT MAY BE INCURRED BY YOU, INCLUDING ANY LOSS OF DATA, WHETHER OR NOT GOOGLE OR ITS REPRESENTATIVES HAVE BEEN ADVISED OF OR SHOULD HAVE BEEN AWARE OF THE POSSIBILITY OF ANY SUCH LOSSES ARISING.
android	Run android-actions/setup-android@9fc6c4e9069bf8d3d10b2204b1fb8f6ef7065407	2026-10-10T02:28:19.7578197Z 
android	Run android-actions/setup-android@9fc6c4e9069bf8d3d10b2204b1fb8f6ef7065407	2026-10-10T02:28:19.7578348Z 12. Indemnification
android	Run android-actions/setup-android@9fc6c4e9069bf8d3d10b2204b1fb8f6ef7065407	2026-10-10T02:28:19.7578566Z 
android	Run android-actions/setup-android@9fc6c4e9069bf8d3d10b2204b1fb8f6ef7065407	2026-10-10T02:28:19.7583076Z 12.1 To the maximum extent permitted by law, you agree to defend, indemnify and hold harmless Google, its affiliates and their respective directors, officers, employees and agents from and against any and all claims, actions, suits or proceedings, as well as any and all losses, liabilities, damages, costs and expenses (including reasonable attorneys fees) arising out of or accruing from (a) your use of the SDK, (b) any application you develop on the SDK that infringes any copyright, trademark, trade secret, trade dress, patent or other intellectual property right of any person or defames any person or violates their rights of publicity or privacy, and (c) any non-compliance by you with the License Agreement.
android	Run android-actions/setup-android@9fc6c4e9069bf8d3d10b2204b1fb8f6ef7065407	2026-10-10T02:28:19.7587694Z 
android	Run android-actions/setup-android@9fc6c4e9069bf8d3d10b2204b1fb8f6ef7065407	2026-10-10T02:28:19.7587869Z 13. Changes to the License Agreement
android	Run android-actions/setup-android@9fc6c4e9069bf8d3d10b2204b1fb8f6ef7065407	2026-10-10T02:28:19.7588177Z 
android	Run android-actions/setup-android@9fc6c4e9069bf8d3d10b2204b1fb8f6ef7065407	2026-10-10T02:28:19.7589522Z 13.1 Google may make changes to the License Agreement as it distributes new versions of the SDK. When these changes are made, Google will make a new version of the License Agreement available on the website where the SDK is made available.
android	Run android-actions/setup-android@9fc6c4e9069bf8d3d10b2204b1fb8f6ef7065407	2026-10-10T02:28:19.7591224Z 
android	Run android-actions/setup-android@9fc6c4e9069bf8d3d10b2204b1fb8f6ef7065407	2026-10-10T02:28:19.7591372Z 14. General Legal Terms
android	Run android-actions/setup-android@9fc6c4e9069bf8d3d10b2204b1fb8f6ef7065407	2026-10-10T02:28:19.7591604Z 
android	Run android-actions/setup-android@9fc6c4e9069bf8d3d10b2204b1fb8f6ef7065407	2026-10-10T02:28:19.7593396Z 14.1 The License Agreement constitutes the whole legal agreement between you and Google and governs your use of the SDK (excluding any services which Google may provide to you under a separate written agreement), and completely replaces any prior agreements between you and Google in relation to the SDK.
android	Run android-actions/setup-android@9fc6c4e9069bf8d3d10b2204b1fb8f6ef7065407	2026-10-10T02:28:19.7595456Z 
android	Run android-actions/setup-android@9fc6c4e9069bf8d3d10b2204b1fb8f6ef7065407	2026-10-10T02:28:19.7597277Z 14.2 You agree that if Google does not exercise or enforce any legal right or remedy which is contained in the License Agreement (or which Google has the benefit of under any applicable law), this will not be taken to be a formal waiver of Google's rights and that those rights or remedies will still be available to Google.
android	Run android-actions/setup-android@9fc6c4e9069bf8d3d10b2204b1fb8f6ef7065407	2026-10-10T02:28:19.7599303Z 
android	Run android-actions/setup-android@9fc6c4e9069bf8d3d10b2204b1fb8f6ef7065407	2026-10-10T02:28:19.7601510Z 14.3 If any court of law, having the jurisdiction to decide on this matter, rules that any provision of the License Agreement is invalid, then that provision will be removed from the License Agreement without affecting the rest of the License Agreement. The remaining provisions of the License Agreement will continue to be valid and enforceable.
android	Run android-actions/setup-android@9fc6c4e9069bf8d3d10b2204b1fb8f6ef7065407	2026-10-10T02:28:19.7603720Z 
android	Run android-actions/setup-android@9fc6c4e9069bf8d3d10b2204b1fb8f6ef7065407	2026-10-10T02:28:19.7606395Z 14.4 You acknowledge and agree that each member of the group of companies of which Google is the parent shall be third party beneficiaries to the License Agreement and that such other companies shall be entitled to directly enforce, and rely upon, any provision of the License Agreement that confers a benefit on (or rights in favor of) them. Other than this, no other person or company shall be third party beneficiaries to the License Agreement.
android	Run android-actions/setup-android@9fc6c4e9069bf8d3d10b2204b1fb8f6ef7065407	2026-10-10T02:28:19.7609358Z 
android	Run android-actions/setup-android@9fc6c4e9069bf8d3d10b2204b1fb8f6ef7065407	2026-10-10T02:28:19.7611203Z 14.5 EXPORT RESTRICTIONS. THE SDK IS SUBJECT TO UNITED STATES EXPORT LAWS AND REGULATIONS. YOU MUST COMPLY WITH ALL DOMESTIC AND INTERNATIONAL EXPORT LAWS AND REGULATIONS THAT APPLY TO THE SDK. THESE LAWS INCLUDE RESTRICTIONS ON DESTINATIONS, END USERS AND END USE.
android	Run android-actions/setup-android@9fc6c4e9069bf8d3d10b2204b1fb8f6ef7065407	2026-10-10T02:28:19.7613991Z 
android	Run android-actions/setup-android@9fc6c4e9069bf8d3d10b2204b1fb8f6ef7065407	2026-10-10T02:28:19.7616193Z 14.6 The rights granted in the License Agreement may not be assigned or transferred by either you or Google without the prior written approval of the other party. Neither you nor Google shall be permitted to delegate their responsibilities or obligations under the License Agreement without the prior written approval of the other party.
android	Run android-actions/setup-android@9fc6c4e9069bf8d3d10b2204b1fb8f6ef7065407	2026-10-10T02:28:19.7618411Z 
android	Run android-actions/setup-android@9fc6c4e9069bf8d3d10b2204b1fb8f6ef7065407	2026-10-10T02:28:19.7622028Z 14.7 The License Agreement, and your relationship with Google under the License Agreement, shall be governed by the laws of the State of California without regard to its conflict of laws provisions. You and Google agree to submit to the exclusive jurisdiction of the courts located within the county of Santa Clara, California to resolve any legal matter arising from the License Agreement. Notwithstanding this, you agree that Google shall still be allowed to apply for injunctive remedies (or an equivalent type of urgent legal relief) in any jurisdiction.
android	Run android-actions/setup-android@9fc6c4e9069bf8d3d10b2204b1fb8f6ef7065407	2026-10-10T02:28:19.7626004Z ---------------------------------------
android	Run android-actions/setup-android@9fc6c4e9069bf8d3d10b2204b1fb8f6ef7065407	2026-10-10T02:28:19.7626482Z Accept? (y/N): 
android	Run android-actions/setup-android@9fc6c4e9069bf8d3d10b2204b1fb8f6ef7065407	2026-10-10T02:28:19.7626912Z 7/7: License mips-android-sysimage-license:
android	Run android-actions/setup-android@9fc6c4e9069bf8d3d10b2204b1fb8f6ef7065407	2026-10-10T02:28:19.7627443Z ---------------------------------------
android	Run android-actions/setup-android@9fc6c4e9069bf8d3d10b2204b1fb8f6ef7065407	2026-10-10T02:28:19.7631786Z MIPS Technologies, Inc. (“MIPS”) Internal Evaluation License Agreement for MIPS Android™ System Images for Android Software Development Kit (SDK): This Internal Evaluation License Agreement (this "Agreement") is entered into by and between MIPS and you (as an individual developer or a legal entity -- identified below as “Recipient”). MIPS shall make the Evaluation Software available to Recipient as described in accordance with the terms and conditions set forth below.
android	Run android-actions/setup-android@9fc6c4e9069bf8d3d10b2204b1fb8f6ef7065407	2026-10-10T02:28:19.7634856Z 
android	Run android-actions/setup-android@9fc6c4e9069bf8d3d10b2204b1fb8f6ef7065407	2026-10-10T02:28:19.7638492Z By clicking on the “Accept” button, downloading, installing, or otherwise using the Evaluation Materials (defined below), you agree to be bound by the terms of this Agreement effective as of the date you click “Accept” (the “Effective Date”), and if doing so on behalf of an entity, you represent that you are authorized to bind the entity to the terms and conditions of this Agreement. If you do not agree to be bound by the terms and conditions of this Agreement, do not download, install, or use the Evaluation Materials.
android	Run android-actions/setup-android@9fc6c4e9069bf8d3d10b2204b1fb8f6ef7065407	2026-10-10T02:28:19.7642457Z 
android	Run android-actions/setup-android@9fc6c4e9069bf8d3d10b2204b1fb8f6ef7065407	2026-10-10T02:28:19.7642788Z 1. DEFINITIONS. These terms shall have the following meanings:
android	Run android-actions/setup-android@9fc6c4e9069bf8d3d10b2204b1fb8f6ef7065407	2026-10-10T02:28:19.7643299Z 
android	Run android-actions/setup-android@9fc6c4e9069bf8d3d10b2204b1fb8f6ef7065407	2026-10-10T02:28:19.7644408Z 1.1 “MIPS” shall mean MIPS Technologies, Inc., a Delaware corporation having a principal place of business at: 955 East Arques Ave., Sunnyvale, CA 94085
android	Run android-actions/setup-android@9fc6c4e9069bf8d3d10b2204b1fb8f6ef7065407	2026-10-10T02:28:19.7645450Z 
android	Run android-actions/setup-android@9fc6c4e9069bf8d3d10b2204b1fb8f6ef7065407	2026-10-10T02:28:19.7646547Z 1.2 “Evaluation Software” shall mean MIPS Android™ emulator system images for Android Software Development Kit (SDK), as made available to Recipient.
android	Run android-actions/setup-android@9fc6c4e9069bf8d3d10b2204b1fb8f6ef7065407	2026-10-10T02:28:19.7647752Z 
android	Run android-actions/setup-android@9fc6c4e9069bf8d3d10b2204b1fb8f6ef7065407	2026-10-10T02:28:19.7650196Z 1.3 “Evaluation Materials" means, collectively, the Evaluation Software (in source and/or object code form) and documentation (including, without limitation, any design documents, specifications, reference manuals, and other related materials) related to the Evaluation Software as made available to Recipient.
android	Run android-actions/setup-android@9fc6c4e9069bf8d3d10b2204b1fb8f6ef7065407	2026-10-10T02:28:19.7652332Z 
android	Run android-actions/setup-android@9fc6c4e9069bf8d3d10b2204b1fb8f6ef7065407	2026-10-10T02:28:19.7659627Z 1.4 “Open Source Software” means any software that requires (as a condition of use, modification and/or distribution of such software) that such software or other software incorporated into, derived from or distributed with such software (a) be disclosed or distributed in source code form; or (b) be licensed by the user to third parties for the purpose of making and/or distributing derivative works; or (c) be redistributable at no charge. Open Source Software includes, without limitation, software licensed or distributed under any of the following licenses or distribution models, or licenses or distribution models substantially similar to any of the following: (a) GNU’s General Public License (GPL) or Lesser/Library GPL (LGPL), (b) the Artistic License (e.g., PERL), (c) the Mozilla Public License, (d) the Netscape Public License, (e) the Sun Community Source License (SCSL), (f) the Sun Industry Source License (SISL), (g) the Apache Software license and (h) the Common Public License (CPL).
android	Run android-actions/setup-android@9fc6c4e9069bf8d3d10b2204b1fb8f6ef7065407	2026-10-10T02:28:19.7666183Z 
android	Run android-actions/setup-android@9fc6c4e9069bf8d3d10b2204b1fb8f6ef7065407	2026-10-10T02:28:19.7668312Z 1.5 “Pre-Release Materials” means “alpha” or “beta” designated pre-release features, which may not be fully functional, which MIPS may substantially modify in producing any production version of the Evaluation Materials, and/or which is still under development by MIPS and/or MIPS’ suppliers.
android	Run android-actions/setup-android@9fc6c4e9069bf8d3d10b2204b1fb8f6ef7065407	2026-10-10T02:28:19.7670412Z 
android	Run android-actions/setup-android@9fc6c4e9069bf8d3d10b2204b1fb8f6ef7065407	2026-10-10T02:28:19.7673951Z 2. PURPOSE. MIPS desires to make the Evaluation Materials available to Recipient solely for Recipient's internal evaluation of the Evaluation Software to evaluate the desirability of cooperating with MIPS in developing products that are compatible with the Evaluation Software and/or to advise MIPS as to possible modifications to the Evaluation Software. Recipient may not disclose, distribute, modify (except to facilitate the above-mentioned internal evaluation), or make commercial use of the Evaluation Materials or any modifications of the Evaluation Materials.
android	Run android-actions/setup-android@9fc6c4e9069bf8d3d10b2204b1fb8f6ef7065407	2026-10-10T02:28:19.7678037Z 
android	Run android-actions/setup-android@9fc6c4e9069bf8d3d10b2204b1fb8f6ef7065407	2026-10-10T02:28:19.7680972Z THE EVALUATION MATERIALS ARE PROVIDED FOR EVALUATION PURPOSES ONLY AND MAY NOT BE MODIFIED (EXCEPT TO FACILITATE THE INTERNAL EVALUATION) OR DISTRIBUTED BY RECIPIENT OR INCORPORATED INTO RECIPIENT’S PRODUCTS OR SOFTWARE. PLEASE CONTACT A MIPS SALES REPRESENTATIVE TO LEARN ABOUT THE AVAILABILITY AND COST OF A COMMERCIAL VERSION OF THE EVALUATION SOFTWARE.
android	Run android-actions/setup-android@9fc6c4e9069bf8d3d10b2204b1fb8f6ef7065407	2026-10-10T02:28:19.7683412Z 
android	Run android-actions/setup-android@9fc6c4e9069bf8d3d10b2204b1fb8f6ef7065407	2026-10-10T02:28:19.7685170Z 3. TITLE. Title to the Evaluation Materials remains with MIPS or its suppliers. Recipient shall not mortgage, pledge or encumber the Evaluation Materials in any way. Recipient shall return all Evaluation Materials, keeping no copies, upon termination or expiration of this Agreement.
android	Run android-actions/setup-android@9fc6c4e9069bf8d3d10b2204b1fb8f6ef7065407	2026-10-10T02:28:19.7687161Z 
android	Run android-actions/setup-android@9fc6c4e9069bf8d3d10b2204b1fb8f6ef7065407	2026-10-10T02:28:19.7695063Z 4. LICENSE. MIPS grants Recipient a royalty-free, personal, nontransferable, nonexclusive license under its copyrights to use the Evaluation Software only for the purposes described in paragraph 2 above and only for a period beginning on the Effective Date and extending to the first anniversary of the Effective Date (the “Evaluation Period”). Unless otherwise communicated in writing by MIPS to Recipient, to the extent the Evaluation Software is provided in more than one delivery or release (each, a “Release”) the license grant in this Section 4 and the Evaluation Period shall apply to each Release, in which case the Evaluation Period shall begin on the date that the Release is made generally available and continue to the first anniversary of such date. Recipient may not make modifications to the Evaluation Software. Recipient shall not disassemble, reverse-engineer, or decompile any software that is not provided to Recipient in source code form.
android	Run android-actions/setup-android@9fc6c4e9069bf8d3d10b2204b1fb8f6ef7065407	2026-10-10T02:28:19.7701686Z 
android	Run android-actions/setup-android@9fc6c4e9069bf8d3d10b2204b1fb8f6ef7065407	2026-10-10T02:28:19.7701715Z 
android	Run android-actions/setup-android@9fc6c4e9069bf8d3d10b2204b1fb8f6ef7065407	2026-10-10T02:28:19.7703963Z EXCEPT AS PROVIDED HEREIN, NO OTHER LICENSE, EXPRESS OR IMPLIED, BY ESTOPPEL OR OTHERWISE, TO ANY OTHER MIPS INTELLECTUAL PROPERTY RIGHTS IS GRANTED TO THE RECIPIENT. OTHER THAN AS EXPLICITLY SET FORTH IN PARAGRAPH 2 ABOVE, NO RIGHT TO COPY, TO REPRODUCE, TO MODIFY, OR TO CREATE DERIVATIVE WORKS OF, THE EVALUATION MATERIALS IS GRANTED HEREIN.
android	Run android-actions/setup-android@9fc6c4e9069bf8d3d10b2204b1fb8f6ef7065407	2026-10-10T02:28:19.7706213Z 
android	Run android-actions/setup-android@9fc6c4e9069bf8d3d10b2204b1fb8f6ef7065407	2026-10-10T02:28:19.7707747Z 5. NO OBLIGATION. Recipient shall have no duty to purchase or license any product from MIPS. MIPS and its suppliers shall have no obligation to provide support for, or develop a non-evaluation version of, the Evaluation Software or to license any version of it.
android	Run android-actions/setup-android@9fc6c4e9069bf8d3d10b2204b1fb8f6ef7065407	2026-10-10T02:28:19.7709441Z 
android	Run android-actions/setup-android@9fc6c4e9069bf8d3d10b2204b1fb8f6ef7065407	2026-10-10T02:28:19.7716979Z 6. MODIFICATIONS. This Agreement does not obligate Recipient to provide MIPS with comments or suggestions regarding Evaluation Materials. However, should Recipient provide MIPS with comments or suggestions for the modification, correction, improvement or enhancement of (a) the Evaluation Materials or (b) MIPS products or processes which may embody the Evaluation Materials, then Recipient agrees to grant and hereby grants to MIPS a non-exclusive, irrevocable, worldwide, fully paid-up, royalty-free license, with the right to sublicense MIPS’ licensees and customers, under Recipient’s Intellectual property rights, to use and disclose such comments and suggestions in any manner MIPS chooses and to display, perform, copy, make, have made, use, sell, offer to sell, import, and otherwise dispose of MIPS’ and its sublicensee’s products embodying such comments and suggestions in any manner and via any media MIPS chooses, without reference to the source.
android	Run android-actions/setup-android@9fc6c4e9069bf8d3d10b2204b1fb8f6ef7065407	2026-10-10T02:28:19.7723891Z 
android	Run android-actions/setup-android@9fc6c4e9069bf8d3d10b2204b1fb8f6ef7065407	2026-10-10T02:28:19.7727234Z 7. WARRANTY DISCLAIMER. MIPS AND ITS SUPPLIERS MAKE NO WARRANTIES WITH RESPECT TO EVALUATION MATERIALS, EITHER EXPRESS OR IMPLIED, INCLUDING ANY IMPLIED WARRANTIES OF MERCHANTABILITY OR FITNESS FOR A PARTICULAR PURPOSE, OR ANY IMPLIED WARRANTY OF NONINFRINGEMENT WITH RESPECT TO THIRD PARTY INTELLECTUAL PROPERTY. RECIPIENT ACKNOWLEDGES AND AGREES THAT THE EVALUATION MATERIALS ARE PROVIDED “AS IS,” WITHOUT WARRANTY OF ANY KIND.
android	Run android-actions/setup-android@9fc6c4e9069bf8d3d10b2204b1fb8f6ef7065407	2026-10-10T02:28:19.7730671Z 
android	Run android-actions/setup-android@9fc6c4e9069bf8d3d10b2204b1fb8f6ef7065407	2026-10-10T02:28:19.7734294Z 8. LIMITATION OF LIABILITY. MIPS AND ITS SUPPLIERS SHALL NOT BE LIABLE FOR ANY PROPERTY DAMAGE, PERSONAL INJURY, LOSS OF PROFITS, INTERRUPTION OF BUSINESS OR FOR ANY DIRECT, INDIRECT, SPECIAL, CONSEQUENTIAL OR INCIDENTAL DAMAGES, HOWEVER CAUSED OR ALLEGED, WHETHER FOR BREACH OF WARRANTY, CONTRACT, STRICT LIABILITY OR OTHERWISE, INCLUDING WITHOUT LIMITATION, UNDER TORT OR OTHER LEGAL THEORY. MIPS AND ITS SUPPLIERS DISCLAIM ANY AND ALL LIABILITY, INCLUDING LIABILITY FOR INFRINGEMENT OF ANY INTELLECTUAL PROPERTY RIGHTS OF ANY KIND RELATING TO THE EVALUATION MATERIALS.
android	Run android-actions/setup-android@9fc6c4e9069bf8d3d10b2204b1fb8f6ef7065407	2026-10-10T02:28:19.7738217Z 
android	Run android-actions/setup-android@9fc6c4e9069bf8d3d10b2204b1fb8f6ef7065407	2026-10-10T02:28:19.7739672Z 9. EXPIRATION. MIPS may terminate this Agreement immediately after a breach by Recipient or otherwise at MIPS’ reasonable discretion and upon five (5) business days’ notice to Recipient.
android	Run android-actions/setup-android@9fc6c4e9069bf8d3d10b2204b1fb8f6ef7065407	2026-10-10T02:28:19.7741382Z 
android	Run android-actions/setup-android@9fc6c4e9069bf8d3d10b2204b1fb8f6ef7065407	2026-10-10T02:28:19.7741559Z 10. GENERAL.
android	Run android-actions/setup-android@9fc6c4e9069bf8d3d10b2204b1fb8f6ef7065407	2026-10-10T02:28:19.7741781Z 
android	Run android-actions/setup-android@9fc6c4e9069bf8d3d10b2204b1fb8f6ef7065407	2026-10-10T02:28:19.7748242Z 10.1 Controlling Law. This Agreement shall be governed by California law excluding its choice of law rules. With the exception of MIPS’ rights to enforce its intellectual property rights and any confidentiality obligations under this Agreement or any licenses distributed with the Evaluation Materials, all disputes and any claims arising under or relating to this Agreement shall be subject to the exclusive jurisdiction and venue of the state and federal courts located in Santa Clara County, California. Each party hereby agrees to jurisdiction and venue in the courts set forth in the preceding sentence. The parties agree that the United Nations Convention on Contracts for the International Sale of Goods is specifically excluded from application to this Agreement. The parties consent to the personal jurisdiction of the above courts.
android	Run android-actions/setup-android@9fc6c4e9069bf8d3d10b2204b1fb8f6ef7065407	2026-10-10T02:28:19.7754545Z 
android	Run android-actions/setup-android@9fc6c4e9069bf8d3d10b2204b1fb8f6ef7065407	2026-10-10T02:28:19.7757613Z 10.2 Remedies. Recipient acknowledges and agrees that any breach of confidentiality obligations under this Agreement or any licenses distributed with the Evaluation Materials, as well as any disclosure, commercialization, or public use of the Evaluation Materials, would cause irreparable injury to MIPS, and therefore Recipient agrees to consent to, and hereby consents to, the grant of an injunction by any court of competent jurisdiction in the event of an actual or threatened breach.
android	Run android-actions/setup-android@9fc6c4e9069bf8d3d10b2204b1fb8f6ef7065407	2026-10-10T02:28:19.7761108Z 
android	Run android-actions/setup-android@9fc6c4e9069bf8d3d10b2204b1fb8f6ef7065407	2026-10-10T02:28:19.7764999Z 10.3 Assignment. Recipient may not delegate, assign or transfer this Agreement, the license granted or any of Recipient’s rights, obligations, or duties hereunder, expressly, by implication, by operation of law, by way of merger (regardless of whether Recipient is the surviving entity) or acquisition, or otherwise and any attempt to do so, without MIPS’ express prior written consent, shall be ineffective, null and void. MIPS may freely assign this Agreement, and its rights and obligations hereunder, in its sole discretion.
android	Run android-actions/setup-android@9fc6c4e9069bf8d3d10b2204b1fb8f6ef7065407	2026-10-10T02:28:19.7768738Z 
android	Run android-actions/setup-android@9fc6c4e9069bf8d3d10b2204b1fb8f6ef7065407	2026-10-10T02:28:19.7771859Z 10.4 Entire Agreement. This Agreement constitutes the entire agreement between Recipient and MIPS and supersedes in their entirety any and all oral or written agreements previously existing between Recipient and MIPS with respect to the subject matter hereof. This Agreement may only be amended or supplemented by a writing that refers explicitly to this Agreement and that is signed or otherwise accepted by duly authorized representatives of Recipient and MIPS.
android	Run android-actions/setup-android@9fc6c4e9069bf8d3d10b2204b1fb8f6ef7065407	2026-10-10T02:28:19.7775051Z 
android	Run android-actions/setup-android@9fc6c4e9069bf8d3d10b2204b1fb8f6ef7065407	2026-10-10T02:28:19.7778036Z 10.5 Severability. In the event that any provision of this Agreement is finally adjudicated to be unenforceable or invalid under any applicable law, such unenforceability or invalidity shall not render this Agreement unenforceable or invalid as a whole, and, in such event, such unenforceable or invalid provision shall be interpreted so as to best accomplish the objectives of such provision within the limits of applicable law or applicable court decisions.
android	Run android-actions/setup-android@9fc6c4e9069bf8d3d10b2204b1fb8f6ef7065407	2026-10-10T02:28:19.7781638Z 
android	Run android-actions/setup-android@9fc6c4e9069bf8d3d10b2204b1fb8f6ef7065407	2026-10-10T02:28:19.7791358Z 10.6 Export Regulations / Export Control. Recipient shall not export, either directly or indirectly, any product, service or technical data or system incorporating the Evaluation Materials without first obtaining any required license or other necessary approval from the U.S. Department of Commerce or any other governing agency or department of the United States Government. In the event any product is exported from the United States or re-exported from a foreign destination by Recipient, Recipient shall ensure that the distribution and export/re-export or import of the product is in compliance with all applicable laws, regulations, orders, or other restrictions of the U.S. Export Administration Regulations and the appropriate foreign government. Recipient agrees that neither it nor any of its subsidiaries will export/re-export any technical data, process, product, or service, directly or indirectly, to any country for which the United States government or any agency thereof or the foreign government from where it is shipping requires an export license, or other governmental approval, without first obtaining such license or approval. Recipient also agrees to implement measures to ensure that foreign national employees are authorized to receive any information controlled by U.S. export control laws. An export is "deemed" to take place when information is released to a foreign national wherever located.
android	Run android-actions/setup-android@9fc6c4e9069bf8d3d10b2204b1fb8f6ef7065407	2026-10-10T02:28:19.7801549Z 
android	Run android-actions/setup-android@9fc6c4e9069bf8d3d10b2204b1fb8f6ef7065407	2026-10-10T02:28:19.7808860Z 10.7 Special Terms for Pre-Release Materials. If so indicated in the description of the Evaluation Software, the Evaluation Software may contain Pre-Release Materials. Recipient hereby understands, acknowledges and agrees that: (i) Pre-Release Materials may not be fully tested and may contain bugs or errors; (ii) Pre-Release materials are not suitable for commercial release in their current state; (iii) regulatory approvals for Pre-Release Materials (such as UL or FCC) have not been obtained, and Pre-Release Materials may therefore not be certified for use in certain countries or environments or may not be suitable for certain applications and (iv) MIPS can provide no assurance that it will ever produce or make generally available a production version of the Pre-Release Materials . MIPS is not under any obligation to develop and/or release or offer for sale or license a final product based upon the Pre-Release Materials and may unilaterally elect to abandon the Pre-Release Materials or any such development platform at any time and without any obligation or liability whatsoever to Recipient or any other person.
android	Run android-actions/setup-android@9fc6c4e9069bf8d3d10b2204b1fb8f6ef7065407	2026-10-10T02:28:19.7816864Z 
android	Run android-actions/setup-android@9fc6c4e9069bf8d3d10b2204b1fb8f6ef7065407	2026-10-10T02:28:19.7818233Z ANY PRE-RELEASE MATERIALS ARE NON-QUALIFIED AND, AS SUCH, ARE PROVIDED “AS IS” AND “AS AVAILABLE”, POSSIBLY WITH FAULTS, AND WITHOUT REPRESENTATION OR WARRANTY OF ANY KIND.
android	Run android-actions/setup-android@9fc6c4e9069bf8d3d10b2204b1fb8f6ef7065407	2026-10-10T02:28:19.7819482Z 
android	Run android-actions/setup-android@9fc6c4e9069bf8d3d10b2204b1fb8f6ef7065407	2026-10-10T02:28:19.7824055Z 10.8 Open Source Software. In the event Open Source software is included with Evaluation Software, such Open Source software is licensed pursuant to the applicable Open Source software license agreement identified in the Open Source software comments in the applicable source code file(s) and/or file header as indicated in the Evaluation Software. Additional detail may be available (where applicable) in the accompanying on-line documentation. With respect to the Open Source software, nothing in this Agreement limits any rights under, or grants rights that supersede, the terms of any applicable Open Source software license agreement.
android	Run android-actions/setup-android@9fc6c4e9069bf8d3d10b2204b1fb8f6ef7065407	2026-10-10T02:28:19.7828472Z ---------------------------------------
android	Run android-actions/setup-android@9fc6c4e9069bf8d3d10b2204b1fb8f6ef7065407	2026-10-10T02:28:19.7829048Z Accept? (y/N): All SDK package licenses accepted
android	Run android-actions/setup-android@9fc6c4e9069bf8d3d10b2204b1fb8f6ef7065407	2026-10-10T02:28:19.7829447Z 
android	Run android-actions/setup-android@9fc6c4e9069bf8d3d10b2204b1fb8f6ef7065407	2026-10-10T02:28:19.7829890Z [command]/usr/local/lib/android/sdk/cmdline-tools/16.0/bin/sdkmanager platform-tools
android	Run android-actions/setup-android@9fc6c4e9069bf8d3d10b2204b1fb8f6ef7065407	2026-10-10T02:28:20.4881275Z Loading package information...                                                  
android	Run android-actions/setup-android@9fc6c4e9069bf8d3d10b2204b1fb8f6ef7065407	2026-10-10T02:28:20.5953876Z Loading local repository...                                                     
android	Run android-actions/setup-android@9fc6c4e9069bf8d3d10b2204b1fb8f6ef7065407	2026-10-10T02:28:20.5981643Z [                                       ] 3% Loading local repository...        
android	Run android-actions/setup-android@9fc6c4e9069bf8d3d10b2204b1fb8f6ef7065407	2026-10-10T02:28:20.6051853Z [                                       ] 3% Fetch remote repository...         
android	Run android-actions/setup-android@9fc6c4e9069bf8d3d10b2204b1fb8f6ef7065407	2026-10-10T02:28:20.9572744Z [=                                      ] 3% Fetch remote repository...         
android	Run android-actions/setup-android@9fc6c4e9069bf8d3d10b2204b1fb8f6ef7065407	2026-10-10T02:28:21.0293275Z [=                                      ] 4% Fetch remote repository...         
android	Run android-actions/setup-android@9fc6c4e9069bf8d3d10b2204b1fb8f6ef7065407	2026-10-10T02:28:21.0640815Z [=                                      ] 5% Fetch remote repository...         
android	Run android-actions/setup-android@9fc6c4e9069bf8d3d10b2204b1fb8f6ef7065407	2026-10-10T02:28:21.1122542Z [==                                     ] 5% Fetch remote repository...         
android	Run android-actions/setup-android@9fc6c4e9069bf8d3d10b2204b1fb8f6ef7065407	2026-10-10T02:28:21.2180987Z [==                                     ] 6% Fetch remote repository...         
android	Run android-actions/setup-android@9fc6c4e9069bf8d3d10b2204b1fb8f6ef7065407	2026-10-10T02:28:21.2981067Z [==                                     ] 7% Fetch remote repository...         
android	Run android-actions/setup-android@9fc6c4e9069bf8d3d10b2204b1fb8f6ef7065407	2026-10-10T02:28:21.2990822Z [==                                     ] 7% Computing updates...               
android	Run android-actions/setup-android@9fc6c4e9069bf8d3d10b2204b1fb8f6ef7065407	2026-10-10T02:28:21.3111956Z [===                                    ] 8% Computing updates...               
android	Run android-actions/setup-android@9fc6c4e9069bf8d3d10b2204b1fb8f6ef7065407	2026-10-10T02:28:21.3173815Z [===                                    ] 10% Computing updates...              
android	Run android-actions/setup-android@9fc6c4e9069bf8d3d10b2204b1fb8f6ef7065407	2026-10-10T02:28:21.3174813Z [=======================================] 100% Computing updates...             
android	Run android-actions/setup-android@9fc6c4e9069bf8d3d10b2204b1fb8f6ef7065407	2026-10-10T02:28:21.3177908Z 
android	Run sdkmanager 'platforms;android-36' 'build-tools;36.0.0'	﻿2026-10-10T02:28:21.3567763Z ##[group]Run sdkmanager 'platforms;android-36' 'build-tools;36.0.0'
android	Run sdkmanager 'platforms;android-36' 'build-tools;36.0.0'	2026-10-10T02:28:21.3568324Z [36;1msdkmanager 'platforms;android-36' 'build-tools;36.0.0'[0m
android	Run sdkmanager 'platforms;android-36' 'build-tools;36.0.0'	2026-10-10T02:28:21.3839538Z shell: /usr/bin/bash -e {0}
android	Run sdkmanager 'platforms;android-36' 'build-tools;36.0.0'	2026-10-10T02:28:21.3840178Z env:
android	Run sdkmanager 'platforms;android-36' 'build-tools;36.0.0'	2026-10-10T02:28:21.3840616Z   JAVA_HOME: /opt/hostedtoolcache/Java_Temurin-Hotspot_jdk/17.0.20-1/x64
android	Run sdkmanager 'platforms;android-36' 'build-tools;36.0.0'	2026-10-10T02:28:21.3841262Z   JAVA_HOME_17_X64: /opt/hostedtoolcache/Java_Temurin-Hotspot_jdk/17.0.20-1/x64
android	Run sdkmanager 'platforms;android-36' 'build-tools;36.0.0'	2026-10-10T02:28:21.3841751Z   ANDROID_HOME: /usr/local/lib/android/sdk
android	Run sdkmanager 'platforms;android-36' 'build-tools;36.0.0'	2026-10-10T02:28:21.3842119Z   ANDROID_SDK_ROOT: /usr/local/lib/android/sdk
android	Run sdkmanager 'platforms;android-36' 'build-tools;36.0.0'	2026-10-10T02:28:21.3842455Z ##[endgroup]
android	Run sdkmanager 'platforms;android-36' 'build-tools;36.0.0'	2026-10-10T02:28:22.2076783Z Loading package information...                                                  
android	Run sdkmanager 'platforms;android-36' 'build-tools;36.0.0'	2026-10-10T02:28:22.3061298Z Loading local repository...                                                     
android	Run sdkmanager 'platforms;android-36' 'build-tools;36.0.0'	2026-10-10T02:28:22.3062387Z [                                       ] 3% Loading local repository...        
android	Run sdkmanager 'platforms;android-36' 'build-tools;36.0.0'	2026-10-10T02:28:22.3143300Z [                                       ] 3% Fetch remote repository...         
android	Run sdkmanager 'platforms;android-36' 'build-tools;36.0.0'	2026-10-10T02:28:22.7136871Z [=                                      ] 3% Fetch remote repository...         
android	Run sdkmanager 'platforms;android-36' 'build-tools;36.0.0'	2026-10-10T02:28:22.7851160Z [=                                      ] 4% Fetch remote repository...         
android	Run sdkmanager 'platforms;android-36' 'build-tools;36.0.0'	2026-10-10T02:28:22.8194389Z [=                                      ] 5% Fetch remote repository...         
android	Run sdkmanager 'platforms;android-36' 'build-tools;36.0.0'	2026-10-10T02:28:22.8680798Z [==                                     ] 5% Fetch remote repository...         
android	Run sdkmanager 'platforms;android-36' 'build-tools;36.0.0'	2026-10-10T02:28:22.9841224Z [==                                     ] 6% Fetch remote repository...         
android	Run sdkmanager 'platforms;android-36' 'build-tools;36.0.0'	2026-10-10T02:28:23.1073577Z [==                                     ] 7% Fetch remote repository...         
android	Run sdkmanager 'platforms;android-36' 'build-tools;36.0.0'	2026-10-10T02:28:23.1091170Z [==                                     ] 7% Computing updates...               
android	Run sdkmanager 'platforms;android-36' 'build-tools;36.0.0'	2026-10-10T02:28:23.1342273Z [===                                    ] 8% Computing updates...               
android	Run sdkmanager 'platforms;android-36' 'build-tools;36.0.0'	2026-10-10T02:28:23.1421316Z [===                                    ] 10% Computing updates...              
android	Run sdkmanager 'platforms;android-36' 'build-tools;36.0.0'	2026-10-10T02:28:23.1434906Z [=======================================] 100% Computing updates...             
android	Run sdkmanager 'platforms;android-36' 'build-tools;36.0.0'	2026-10-10T02:28:23.1440727Z 
android	Restore signing keystore from secret	﻿2026-10-10T02:28:23.2940582Z ##[group]Run echo "$KEYSTORE_B64" | base64 --decode > "$RUNNER_TEMP/release.keystore"
android	Restore signing keystore from secret	2026-10-10T02:28:23.2941618Z [36;1mecho "$KEYSTORE_B64" | base64 --decode > "$RUNNER_TEMP/release.keystore"[0m
android	Restore signing keystore from secret	2026-10-10T02:28:23.2942531Z [36;1mecho "HONGGUOTV_KEYSTORE=$RUNNER_TEMP/release.keystore" >> "$GITHUB_ENV"[0m
android	Restore signing keystore from secret	2026-10-10T02:28:23.3011053Z shell: /usr/bin/bash -e {0}
android	Restore signing keystore from secret	2026-10-10T02:28:23.3011320Z env:
android	Restore signing keystore from secret	2026-10-10T02:28:23.3011638Z   JAVA_HOME: /opt/hostedtoolcache/Java_Temurin-Hotspot_jdk/17.0.20-1/x64
android	Restore signing keystore from secret	2026-10-10T02:28:23.3012163Z   JAVA_HOME_17_X64: /opt/hostedtoolcache/Java_Temurin-Hotspot_jdk/17.0.20-1/x64
android	Restore signing keystore from secret	2026-10-10T02:28:23.3012580Z   ANDROID_HOME: /usr/local/lib/android/sdk
android	Restore signing keystore from secret	2026-10-10T02:28:23.3012897Z   ANDROID_SDK_ROOT: /usr/local/lib/android/sdk
android	Restore signing keystore from secret	2026-10-10T02:28:23.3030615Z   KEYSTORE_B64: ***
android	Restore signing keystore from secret	2026-10-10T02:28:23.3030861Z ##[endgroup]
android	Unit tests, Android lint, and installable development APK	﻿2026-10-10T02:28:23.7877595Z ##[group]Run set -euo pipefail
android	Unit tests, Android lint, and installable development APK	2026-10-10T02:28:23.7878193Z [36;1mset -euo pipefail[0m
android	Unit tests, Android lint, and installable development APK	2026-10-10T02:28:23.7878673Z [36;1mif [[ "$GITHUB_REF" == refs/tags/kotlin-v* ]]; then[0m
android	Unit tests, Android lint, and installable development APK	2026-10-10T02:28:23.7879258Z [36;1m  version="${GITHUB_REF_NAME#kotlin-v}"[0m
android	Unit tests, Android lint, and installable development APK	2026-10-10T02:28:23.7879776Z [36;1melse[0m
android	Unit tests, Android lint, and installable development APK	2026-10-10T02:28:23.7880327Z [36;1m  version="0.8.1"[0m
android	Unit tests, Android lint, and installable development APK	2026-10-10T02:28:23.7880732Z [36;1mfi[0m
android	Unit tests, Android lint, and installable development APK	2026-10-10T02:28:23.7881103Z [36;1mexport HONGGUOTV_VERSION_CODE=56[0m
android	Unit tests, Android lint, and installable development APK	2026-10-10T02:28:23.7881833Z [36;1mexport HONGGUOTV_VERSION_NAME="$version"[0m
android	Unit tests, Android lint, and installable development APK	2026-10-10T02:28:23.7882594Z [36;1mecho "HONGGUOTV_VERSION_CODE=$HONGGUOTV_VERSION_CODE" >> "$GITHUB_ENV"[0m
android	Unit tests, Android lint, and installable development APK	2026-10-10T02:28:23.7883530Z [36;1mecho "HONGGUOTV_VERSION_NAME=$HONGGUOTV_VERSION_NAME" >> "$GITHUB_ENV"[0m
android	Unit tests, Android lint, and installable development APK	2026-10-10T02:28:23.7884615Z [36;1m./kotlin-tv/gradlew -p kotlin-tv :core:test :app:lintDebug :app:assembleDebug --console=plain[0m
android	Unit tests, Android lint, and installable development APK	2026-10-10T02:28:23.7951973Z shell: /usr/bin/bash -e {0}
android	Unit tests, Android lint, and installable development APK	2026-10-10T02:28:23.7952374Z env:
android	Unit tests, Android lint, and installable development APK	2026-10-10T02:28:23.7952981Z   JAVA_HOME: /opt/hostedtoolcache/Java_Temurin-Hotspot_jdk/17.0.20-1/x64
android	Unit tests, Android lint, and installable development APK	2026-10-10T02:28:23.7953630Z   JAVA_HOME_17_X64: /opt/hostedtoolcache/Java_Temurin-Hotspot_jdk/17.0.20-1/x64
android	Unit tests, Android lint, and installable development APK	2026-10-10T02:28:23.7954238Z   ANDROID_HOME: /usr/local/lib/android/sdk
android	Unit tests, Android lint, and installable development APK	2026-10-10T02:28:23.7954660Z   ANDROID_SDK_ROOT: /usr/local/lib/android/sdk
android	Unit tests, Android lint, and installable development APK	2026-10-10T02:28:23.7955155Z   HONGGUOTV_KEYSTORE: /home/runner/work/_temp/release.keystore
android	Unit tests, Android lint, and installable development APK	2026-10-10T02:28:23.7955943Z   HONGGUOTV_STORE_PASSWORD: ***
android	Unit tests, Android lint, and installable development APK	2026-10-10T02:28:23.7956373Z   HONGGUOTV_KEY_ALIAS: ***
android	Unit tests, Android lint, and installable development APK	2026-10-10T02:28:23.7956877Z   HONGGUOTV_KEY_PASSWORD: ***
android	Unit tests, Android lint, and installable development APK	2026-10-10T02:28:23.7957223Z ##[endgroup]
android	Unit tests, Android lint, and installable development APK	2026-10-10T02:28:23.9906022Z Downloading https://services.gradle.org/distributions/gradle-8.14.3-bin.zip
android	Unit tests, Android lint, and installable development APK	2026-10-10T02:28:25.7889245Z .............10%.............20%.............30%.............40%.............50%.............60%.............70%.............80%.............90%..............100%
android	Unit tests, Android lint, and installable development APK	2026-10-10T02:28:27.0563054Z 
android	Unit tests, Android lint, and installable development APK	2026-10-10T02:28:27.0581274Z Welcome to Gradle 8.14.3!
android	Unit tests, Android lint, and installable development APK	2026-10-10T02:28:27.0582019Z 
android	Unit tests, Android lint, and installable development APK	2026-10-10T02:28:27.0583069Z Here are the highlights of this release:
android	Unit tests, Android lint, and installable development APK	2026-10-10T02:28:27.0584034Z  - Java 24 support
android	Unit tests, Android lint, and installable development APK	2026-10-10T02:28:27.0584793Z  - GraalVM Native Image toolchain selection
android	Unit tests, Android lint, and installable development APK	2026-10-10T02:28:27.0585852Z  - Enhancements to test reporting
android	Unit tests, Android lint, and installable development APK	2026-10-10T02:28:27.0586655Z  - Build Authoring improvements
android	Unit tests, Android lint, and installable development APK	2026-10-10T02:28:27.0587091Z 
android	Unit tests, Android lint, and installable development APK	2026-10-10T02:28:27.0588171Z For more details see https://docs.gradle.org/8.14.3/release-notes.html
android	Unit tests, Android lint, and installable development APK	2026-10-10T02:28:27.0588874Z 
android	Unit tests, Android lint, and installable development APK	2026-10-10T02:28:27.1561355Z Starting a Gradle Daemon (subsequent builds will be faster)
android	Unit tests, Android lint, and installable development APK	2026-10-10T02:29:21.7637885Z > Task :core:checkKotlinGradlePluginConfigurationErrors SKIPPED
android	Unit tests, Android lint, and installable development APK	2026-10-10T02:29:27.2568385Z > Task :core:processResources NO-SOURCE
android	Unit tests, Android lint, and installable development APK	2026-10-10T02:29:27.2601385Z > Task :core:processTestResources
android	Unit tests, Android lint, and installable development APK	2026-10-10T02:29:27.2602652Z > Task :app:checkKotlinGradlePluginConfigurationErrors SKIPPED
android	Unit tests, Android lint, and installable development APK	2026-10-10T02:29:27.2603696Z > Task :app:preBuild UP-TO-DATE
android	Unit tests, Android lint, and installable development APK	2026-10-10T02:29:27.2604523Z > Task :app:preDebugBuild UP-TO-DATE
android	Unit tests, Android lint, and installable development APK	2026-10-10T02:29:27.3560751Z > Task :app:generateDebugBuildConfig
android	Unit tests, Android lint, and installable development APK	2026-10-10T02:29:29.1552454Z > Task :app:generateDebugResValues
android	Unit tests, Android lint, and installable development APK	2026-10-10T02:29:29.1553436Z > Task :app:checkDebugAarMetadata
android	Unit tests, Android lint, and installable development APK	2026-10-10T02:29:29.1554410Z > Task :app:mapDebugSourceSetPaths
android	Unit tests, Android lint, and installable development APK	2026-10-10T02:29:29.1555282Z > Task :app:generateDebugResources
android	Unit tests, Android lint, and installable development APK	2026-10-10T02:29:30.0573165Z > Task :app:packageDebugResources
android	Unit tests, Android lint, and installable development APK	2026-10-10T02:29:30.8554642Z > Task :app:createDebugCompatibleScreenManifests
android	Unit tests, Android lint, and installable development APK	2026-10-10T02:29:30.8575054Z > Task :app:extractDeepLinksDebug
android	Unit tests, Android lint, and installable development APK	2026-10-10T02:29:30.9571182Z > Task :app:mergeDebugResources
android	Unit tests, Android lint, and installable development APK	2026-10-10T02:29:30.9572301Z > Task :app:parseDebugLocalResources
android	Unit tests, Android lint, and installable development APK	2026-10-10T02:29:31.2552276Z > Task :app:processDebugMainManifest
android	Unit tests, Android lint, and installable development APK	2026-10-10T02:29:31.4565850Z > Task :app:processDebugManifest
android	Unit tests, Android lint, and installable development APK	2026-10-10T02:29:31.4580837Z > Task :app:preDebugAndroidTestBuild SKIPPED
android	Unit tests, Android lint, and installable development APK	2026-10-10T02:29:31.4610785Z > Task :app:generateDebugAndroidTestResValues
android	Unit tests, Android lint, and installable development APK	2026-10-10T02:29:31.4636715Z > Task :app:javaPreCompileDebug
android	Unit tests, Android lint, and installable development APK	2026-10-10T02:29:31.4660682Z > Task :app:extractProguardFiles
android	Unit tests, Android lint, and installable development APK	2026-10-10T02:29:31.4690670Z > Task :app:preDebugUnitTestBuild UP-TO-DATE
android	Unit tests, Android lint, and installable development APK	2026-10-10T02:29:31.4691777Z > Task :app:mergeDebugNativeDebugMetadata NO-SOURCE
android	Unit tests, Android lint, and installable development APK	2026-10-10T02:29:31.4696162Z > Task :app:processDebugManifestForPackage
android	Unit tests, Android lint, and installable development APK	2026-10-10T02:29:33.1559776Z > Task :app:mergeDebugShaders
android	Unit tests, Android lint, and installable development APK	2026-10-10T02:29:33.1590835Z > Task :app:compileDebugShaders NO-SOURCE
android	Unit tests, Android lint, and installable development APK	2026-10-10T02:29:33.1591997Z > Task :app:generateDebugAssets UP-TO-DATE
android	Unit tests, Android lint, and installable development APK	2026-10-10T02:29:33.2553169Z > Task :app:mergeDebugAssets
android	Unit tests, Android lint, and installable development APK	2026-10-10T02:29:33.2571079Z > Task :app:compressDebugAssets
android	Unit tests, Android lint, and installable development APK	2026-10-10T02:29:33.6561099Z > Task :app:processDebugResources
android	Unit tests, Android lint, and installable development APK	2026-10-10T02:29:34.3591042Z > Task :app:desugarDebugFileDependencies
android	Unit tests, Android lint, and installable development APK	2026-10-10T02:29:35.4581257Z > Task :app:mergeDebugJniLibFolders
android	Unit tests, Android lint, and installable development APK	2026-10-10T02:29:35.4644179Z > Task :app:validateSigningDebug
android	Unit tests, Android lint, and installable development APK	2026-10-10T02:29:35.4721014Z > Task :app:writeDebugAppMetadata
android	Unit tests, Android lint, and installable development APK	2026-10-10T02:29:35.4749352Z > Task :app:checkDebugDuplicateClasses
android	Unit tests, Android lint, and installable development APK	2026-10-10T02:29:35.5611152Z > Task :app:writeDebugSigningConfigVersions
android	Unit tests, Android lint, and installable development APK	2026-10-10T02:29:40.8601089Z > Task :app:l8DexDesugarLibDebug
android	Unit tests, Android lint, and installable development APK	2026-10-10T02:29:50.0595096Z e: file:///home/runner/work/hongguoTV/hongguoTV/kotlin-tv/core/src/main/kotlin/com/***/core/ContentRepository.kt:165:50 Syntax error: Expecting a '>'.
android	Unit tests, Android lint, and installable development APK	2026-10-10T02:29:50.0596333Z 
android	Unit tests, Android lint, and installable development APK	2026-10-10T02:29:50.0596631Z > Task :core:compileKotlin
android	Unit tests, Android lint, and installable development APK	2026-10-10T02:29:50.0712865Z e: file:///home/runner/work/hongguoTV/hongguoTV/kotlin-tv/core/src/main/kotlin/com/***/core/ContentRepository.kt:165:50 Syntax error: Unexpected tokens (use ';' to separate expressions on the same line).
android	Unit tests, Android lint, and installable development APK	2026-10-10T02:29:50.0732372Z e: file:///home/runner/work/hongguoTV/hongguoTV/kotlin-tv/core/src/main/kotlin/com/***/core/ContentRepository.kt:229:127 Variable 'danmakuResult' must be initialized.
android	Unit tests, Android lint, and installable development APK	2026-10-10T02:30:04.7574002Z 
android	Unit tests, Android lint, and installable development APK	2026-10-10T02:30:04.7588940Z > Task :core:compileKotlin FAILED
android	Unit tests, Android lint, and installable development APK	2026-10-10T02:30:05.5552645Z > Task :app:mergeExtDexDebug
android	Unit tests, Android lint, and installable development APK	2026-10-10T02:30:24.5620313Z 
android	Unit tests, Android lint, and installable development APK	2026-10-10T02:30:24.5620992Z 30 actionable tasks: 30 executed
android	Unit tests, Android lint, and installable development APK	2026-10-10T02:30:24.5651072Z FAILURE: Build failed with an exception.
android	Unit tests, Android lint, and installable development APK	2026-10-10T02:30:24.5680456Z 
android	Unit tests, Android lint, and installable development APK	2026-10-10T02:30:24.5710760Z * What went wrong:
android	Unit tests, Android lint, and installable development APK	2026-10-10T02:30:24.5740576Z Execution failed for task ':core:compileKotlin'.
android	Unit tests, Android lint, and installable development APK	2026-10-10T02:30:24.5771463Z > A failure occurred while executing org.jetbrains.kotlin.compilerRunner.GradleCompilerRunnerWithWorkers$GradleKotlinCompilerWorkAction
android	Unit tests, Android lint, and installable development APK	2026-10-10T02:30:24.5790520Z    > Compilation error. See log for more details
android	Unit tests, Android lint, and installable development APK	2026-10-10T02:30:24.5800279Z 
android	Unit tests, Android lint, and installable development APK	2026-10-10T02:30:24.5830308Z * Try:
android	Unit tests, Android lint, and installable development APK	2026-10-10T02:30:24.5860590Z > Run with --stacktrace option to get the stack trace.
android	Unit tests, Android lint, and installable development APK	2026-10-10T02:30:24.5861588Z > Run with --info or --debug option to get more log output.
android	Unit tests, Android lint, and installable development APK	2026-10-10T02:30:24.5890662Z > Run with --scan to get full insights.
android	Unit tests, Android lint, and installable development APK	2026-10-10T02:30:24.5896279Z > Get more help at https://help.gradle.org.
android	Unit tests, Android lint, and installable development APK	2026-10-10T02:30:24.5898351Z 
android	Unit tests, Android lint, and installable development APK	2026-10-10T02:30:24.5898739Z BUILD FAILED in 2m
android	Unit tests, Android lint, and installable development APK	2026-10-10T02:30:25.0306414Z ##[error]Process completed with exit code 1.
android	Run actions/upload-artifact@ea165f8d65b6e75b540449e92b4886f43607fa02	﻿2026-10-10T02:30:25.0384067Z ##[group]Run actions/upload-artifact@ea165f8d65b6e75b540449e92b4886f43607fa02
android	Run actions/upload-artifact@ea165f8d65b6e75b540449e92b4886f43607fa02	2026-10-10T02:30:25.0384506Z with:
android	Run actions/upload-artifact@ea165f8d65b6e75b540449e92b4886f43607fa02	2026-10-10T02:30:25.0384739Z   name: kotlin-native-verification
android	Run actions/upload-artifact@ea165f8d65b6e75b540449e92b4886f43607fa02	2026-10-10T02:30:25.0385386Z   path: kotlin-tv/core/build/reports/tests/test/
android	Run actions/upload-artifact@ea165f8d65b6e75b540449e92b4886f43607fa02	kotlin-tv/app/build/reports/lint-results-debug.*
android	Run actions/upload-artifact@ea165f8d65b6e75b540449e92b4886f43607fa02	kotlin-tv/app/build/outputs/apk/debug/*.apk
android	Run actions/upload-artifact@ea165f8d65b6e75b540449e92b4886f43607fa02	
android	Run actions/upload-artifact@ea165f8d65b6e75b540449e92b4886f43607fa02	2026-10-10T02:30:25.0386055Z   if-no-files-found: warn
android	Run actions/upload-artifact@ea165f8d65b6e75b540449e92b4886f43607fa02	2026-10-10T02:30:25.0386310Z   compression-level: 6
android	Run actions/upload-artifact@ea165f8d65b6e75b540449e92b4886f43607fa02	2026-10-10T02:30:25.0386710Z   overwrite: false
android	Run actions/upload-artifact@ea165f8d65b6e75b540449e92b4886f43607fa02	2026-10-10T02:30:25.0386937Z   include-hidden-files: false
android	Run actions/upload-artifact@ea165f8d65b6e75b540449e92b4886f43607fa02	2026-10-10T02:30:25.0387186Z env:
android	Run actions/upload-artifact@ea165f8d65b6e75b540449e92b4886f43607fa02	2026-10-10T02:30:25.0387485Z   JAVA_HOME: /opt/hostedtoolcache/Java_Temurin-Hotspot_jdk/17.0.20-1/x64
android	Run actions/upload-artifact@ea165f8d65b6e75b540449e92b4886f43607fa02	2026-10-10T02:30:25.0387985Z   JAVA_HOME_17_X64: /opt/hostedtoolcache/Java_Temurin-Hotspot_jdk/17.0.20-1/x64
android	Run actions/upload-artifact@ea165f8d65b6e75b540449e92b4886f43607fa02	2026-10-10T02:30:25.0388400Z   ANDROID_HOME: /usr/local/lib/android/sdk
android	Run actions/upload-artifact@ea165f8d65b6e75b540449e92b4886f43607fa02	2026-10-10T02:30:25.0388707Z   ANDROID_SDK_ROOT: /usr/local/lib/android/sdk
android	Run actions/upload-artifact@ea165f8d65b6e75b540449e92b4886f43607fa02	2026-10-10T02:30:25.0389076Z   HONGGUOTV_KEYSTORE: /home/runner/work/_temp/release.keystore
android	Run actions/upload-artifact@ea165f8d65b6e75b540449e92b4886f43607fa02	2026-10-10T02:30:25.0389465Z   HONGGUOTV_VERSION_CODE: 56
android	Run actions/upload-artifact@ea165f8d65b6e75b540449e92b4886f43607fa02	2026-10-10T02:30:25.0389713Z   HONGGUOTV_VERSION_NAME: 1.2.5
android	Run actions/upload-artifact@ea165f8d65b6e75b540449e92b4886f43607fa02	2026-10-10T02:30:25.0390228Z ##[endgroup]
android	Run actions/upload-artifact@ea165f8d65b6e75b540449e92b4886f43607fa02	2026-10-10T02:30:25.2054987Z (node:2871) [DEP0040] DeprecationWarning: The `punycode` module is deprecated. Please use a userland alternative instead.
android	Run actions/upload-artifact@ea165f8d65b6e75b540449e92b4886f43607fa02	2026-10-10T02:30:25.2055838Z (Use `node --trace-deprecation ...` to show where the warning was created)
android	Run actions/upload-artifact@ea165f8d65b6e75b540449e92b4886f43607fa02	2026-10-10T02:30:25.2103539Z Multiple search paths detected. Calculating the least common ancestor of all paths
android	Run actions/upload-artifact@ea165f8d65b6e75b540449e92b4886f43607fa02	2026-10-10T02:30:25.2106235Z The least common ancestor is /home/runner/work/hongguoTV/hongguoTV/kotlin-tv. This will be the root directory of the artifact
android	Run actions/upload-artifact@ea165f8d65b6e75b540449e92b4886f43607fa02	2026-10-10T02:30:25.2113884Z ##[warning]No files were found with the provided path: kotlin-tv/core/build/reports/tests/test/
android	Run actions/upload-artifact@ea165f8d65b6e75b540449e92b4886f43607fa02	kotlin-tv/app/build/reports/lint-results-debug.*
android	Run actions/upload-artifact@ea165f8d65b6e75b540449e92b4886f43607fa02	kotlin-tv/app/build/outputs/apk/debug/*.apk. No artifacts will be uploaded.
android	Post Run actions/setup-java@cf277c60eb25467037889841efdb72551f06f6c3	﻿2026-10-10T02:30:25.2354805Z Post job cleanup.
android	Post Run actions/setup-java@cf277c60eb25467037889841efdb72551f06f6c3	2026-10-10T02:30:25.3737429Z (node:2884) [DEP0040] DeprecationWarning: The `punycode` module is deprecated. Please use a userland alternative instead.
android	Post Run actions/setup-java@cf277c60eb25467037889841efdb72551f06f6c3	2026-10-10T02:30:25.3738576Z (Use `node --trace-deprecation ...` to show where the warning was created)
android	Post Run actions/checkout@11d5960a326750d5838078e36cf38b85af677262	﻿2026-10-10T02:30:25.3973664Z Post job cleanup.
android	Post Run actions/checkout@11d5960a326750d5838078e36cf38b85af677262	2026-10-10T02:30:25.4934067Z [command]/usr/bin/git version
android	Post Run actions/checkout@11d5960a326750d5838078e36cf38b85af677262	2026-10-10T02:30:25.4990848Z git version 2.55.0
android	Post Run actions/checkout@11d5960a326750d5838078e36cf38b85af677262	2026-10-10T02:30:25.5031846Z Temporarily overriding HOME='/home/runner/work/_temp/f3722edf-b548-4b73-b6fe-54b242a0ed56' before making global git config changes
android	Post Run actions/checkout@11d5960a326750d5838078e36cf38b85af677262	2026-10-10T02:30:25.5041059Z Adding repository directory to the temporary git global config as a safe directory
android	Post Run actions/checkout@11d5960a326750d5838078e36cf38b85af677262	2026-10-10T02:30:25.5063900Z [command]/usr/bin/git config --global --add safe.directory /home/runner/work/hongguoTV/hongguoTV
android	Post Run actions/checkout@11d5960a326750d5838078e36cf38b85af677262	2026-10-10T02:30:25.5122141Z [command]/usr/bin/git config --local --name-only --get-regexp core\.sshCommand
android	Post Run actions/checkout@11d5960a326750d5838078e36cf38b85af677262	2026-10-10T02:30:25.5133437Z [command]/usr/bin/git submodule foreach --recursive sh -c "git config --local --name-only --get-regexp 'core\.sshCommand' && git config --local --unset-all 'core.sshCommand' || :"
android	Post Run actions/checkout@11d5960a326750d5838078e36cf38b85af677262	2026-10-10T02:30:25.5462247Z [command]/usr/bin/git config --local --name-only --get-regexp http\.https\:\/\/github\.com\/\.extraheader
android	Post Run actions/checkout@11d5960a326750d5838078e36cf38b85af677262	2026-10-10T02:30:25.5497783Z http.https://github.com/.extraheader
android	Post Run actions/checkout@11d5960a326750d5838078e36cf38b85af677262	2026-10-10T02:30:25.5511300Z [command]/usr/bin/git config --local --unset-all http.https://github.com/.extraheader
android	Post Run actions/checkout@11d5960a326750d5838078e36cf38b85af677262	2026-10-10T02:30:25.5555950Z [command]/usr/bin/git submodule foreach --recursive sh -c "git config --local --name-only --get-regexp 'http\.https\:\/\/github\.com\/\.extraheader' && git config --local --unset-all 'http.https://github.com/.extraheader' || :"
android	Post Run actions/checkout@11d5960a326750d5838078e36cf38b85af677262	2026-10-10T02:30:25.5934247Z [command]/usr/bin/git config --local --name-only --get-regexp ^includeIf\.gitdir:
android	Post Run actions/checkout@11d5960a326750d5838078e36cf38b85af677262	2026-10-10T02:30:25.6002670Z [command]/usr/bin/git submodule foreach --recursive git config --local --show-origin --name-only --get-regexp remote.origin.url
android	Complete job	﻿2026-10-10T02:30:25.6490275Z Cleaning up orphan processes
android	Complete job	2026-10-10T02:30:25.6827660Z Terminate orphan process: pid (2601) (java)
android	Complete job	2026-10-10T02:30:25.6855084Z Terminate orphan process: pid (2801) (java)
android	Complete job	2026-10-10T02:30:25.6866459Z ##[warning]Node.js 20 is deprecated. The following actions target Node.js 20 but are being forced to run on Node.js 24: actions/checkout@11d5960a326750d5838078e36cf38b85af677262, actions/setup-java@cf277c60eb25467037889841efdb72551f06f6c3, actions/upload-artifact@ea165f8d65b6e75b540449e92b4886f43607fa02, android-actions/setup-android@9fc6c4e9069bf8d3d10b2204b1fb8f6ef7065407. For more information see: https://github.blog/changelog/2025-09-19-deprecation-of-node-20-on-github-actions-runners/
